Archive member included to satisfy reference by file (symbol)

C:/devkitPro/libctru/lib\libcitro2d.a(base.o)
                              main.o (C2D_Init)
C:/devkitPro/libctru/lib\libcitro2d.a(spritesheet.o)
                              main.o (C2D_SpriteSheetLoad)
C:/devkitPro/libctru/lib\libcitro2d.a(render2d.shbin.o)
                              C:/devkitPro/libctru/lib\libcitro2d.a(base.o) (render2d_shbin)
C:/devkitPro/libctru/lib\libcitro3d.a(attribs.o)
                              C:/devkitPro/libctru/lib\libcitro2d.a(base.o) (AttrInfo_Init)
C:/devkitPro/libctru/lib\libcitro3d.a(base.o)
                              C:/devkitPro/libctru/lib\libcitro3d.a(attribs.o) (__C3D_Context)
C:/devkitPro/libctru/lib\libcitro3d.a(buffers.o)
                              C:/devkitPro/libctru/lib\libcitro2d.a(base.o) (BufInfo_Init)
C:/devkitPro/libctru/lib\libcitro3d.a(drawElements.o)
                              C:/devkitPro/libctru/lib\libcitro2d.a(base.o) (C3D_DrawElements)
C:/devkitPro/libctru/lib\libcitro3d.a(effect.o)
                              C:/devkitPro/libctru/lib\libcitro3d.a(base.o) (C3D_DepthMap)
C:/devkitPro/libctru/lib\libcitro3d.a(framebuffer.o)
                              C:/devkitPro/libctru/lib\libcitro3d.a(base.o) (C3Di_FrameBufBind)
C:/devkitPro/libctru/lib\libcitro3d.a(immediate.o)
                              C:/devkitPro/libctru/lib\libcitro3d.a(base.o) (C3D_ImmSendAttrib)
C:/devkitPro/libctru/lib\libcitro3d.a(proctex.o)
                              C:/devkitPro/libctru/lib\libcitro2d.a(base.o) (C3D_ProcTexInit)
C:/devkitPro/libctru/lib\libcitro3d.a(renderqueue.o)
                              C:/devkitPro/libctru/lib\libcitro3d.a(base.o) (C3Di_RenderQueueEnableVBlank)
C:/devkitPro/libctru/lib\libcitro3d.a(tex3ds.o)
                              C:/devkitPro/libctru/lib\libcitro2d.a(spritesheet.o) (Tex3DS_TextureImport)
C:/devkitPro/libctru/lib\libcitro3d.a(texenv.o)
                              C:/devkitPro/libctru/lib\libcitro2d.a(base.o) (C3D_GetTexEnv)
C:/devkitPro/libctru/lib\libcitro3d.a(texture.o)
                              C:/devkitPro/libctru/lib\libcitro3d.a(tex3ds.o) (C3D_TexInitWithParams)
C:/devkitPro/libctru/lib\libcitro3d.a(uniforms.o)
                              C:/devkitPro/libctru/lib\libcitro3d.a(base.o) (C3D_UpdateUniforms)
C:/devkitPro/libctru/lib\libcitro3d.a(mtx_multiply.o)
                              C:/devkitPro/libctru/lib\libcitro2d.a(base.o) (Mtx_Multiply)
C:/devkitPro/libctru/lib\libcitro3d.a(mtx_ortho.o)
                              C:/devkitPro/libctru/lib\libcitro2d.a(base.o) (Mtx_Ortho)
C:/devkitPro/libctru/lib\libcitro3d.a(mtx_orthotilt.o)
                              C:/devkitPro/libctru/lib\libcitro2d.a(base.o) (Mtx_OrthoTilt)
C:/devkitPro/libctru/lib\libcitro3d.a(mtx_rotatez.o)
                              C:/devkitPro/libctru/lib\libcitro2d.a(base.o) (Mtx_RotateZ)
C:/devkitPro/libctru/lib\libcitro3d.a(mtx_scale.o)
                              C:/devkitPro/libctru/lib\libcitro2d.a(base.o) (Mtx_Scale)
C:/devkitPro/libctru/lib\libcitro3d.a(mtx_translate.o)
                              C:/devkitPro/libctru/lib\libcitro2d.a(base.o) (Mtx_Translate)
C:/devkitPro/libctru/lib\libctru.a(linear.o)
                              C:/devkitPro/libctru/lib\libcitro2d.a(base.o) (linearAlloc)
C:/devkitPro/libctru/lib\libctru.a(mem_pool.o)
                              C:/devkitPro/libctru/lib\libctru.a(linear.o) (MemPool::Allocate(MemChunk&, unsigned long, int))
C:/devkitPro/libctru/lib\libctru.a(vram.o)
                              C:/devkitPro/libctru/lib\libcitro3d.a(renderqueue.o) (vramAlloc)
C:/devkitPro/libctru/lib\libctru.a(console.o)
                              main.o (consoleInit)
C:/devkitPro/libctru/lib\libctru.a(gfx.o)
                              C:/devkitPro/libctru/lib\libcitro2d.a(base.o) (gfxIsWide)
C:/devkitPro/libctru/lib\libctru.a(os.o)
                              C:/devkitPro/libctru/lib\libcitro3d.a(buffers.o) (osConvertVirtToPhys)
C:/devkitPro/libctru/lib\libctru.a(romfs_dev.o)
                              main.o (romfsMountSelf)
C:/devkitPro/libctru/lib\libctru.a(gpu.o)
                              C:/devkitPro/libctru/lib\libcitro3d.a(base.o) (gpuCmdBufOffset)
C:/devkitPro/libctru/lib\libctru.a(gx.o)
                              C:/devkitPro/libctru/lib\libcitro3d.a(renderqueue.o) (GX_BindQueue)
C:/devkitPro/libctru/lib\libctru.a(gxqueue.o)
                              C:/devkitPro/libctru/lib\libcitro3d.a(renderqueue.o) (gxCmdQueueClear)
C:/devkitPro/libctru/lib\libctru.a(shaderProgram.o)
                              C:/devkitPro/libctru/lib\libcitro2d.a(base.o) (shaderInstanceGetUniformLocation)
C:/devkitPro/libctru/lib\libctru.a(shbin.o)
                              C:/devkitPro/libctru/lib\libcitro2d.a(base.o) (DVLB_ParseFile)
C:/devkitPro/libctru/lib\libctru.a(apt.o)
[...]
Memory Configuration

Name             Origin             Length             Attributes
*default*        0x00000000         0xffffffff

Linker script and memory map

                0x00000000                        __sync_synchronize = __sync_synchronize_dmb
                0x00100000                        PROVIDE (__start__ = 0x100000)
                0x00100000                        . = __start__

.text           0x00100000    0x215c8
 *(.crt0)
 .crt0          0x00100000       0x94 C:/devkitPro/devkitARM/bin/../lib/gcc/arm-none-eabi/14.2.0/../../../../arm-none-eabi/lib/armv6k/fpu/3dsx_crt0.o
                0x00100000                _start
                0x00100008                __service_ptr
                0x0010000c                __apt_appid
                0x00100010                __heap_size
                0x00100014                __linear_heap_size
                0x00100018                __system_arglist
                0x0010001c                __system_runflags
 *(.init)
 .init          0x00100094        0xc C:/devkitPro/devkitARM/bin/../lib/gcc/arm-none-eabi/14.2.0/armv6k/fpu/crti.o
                0x00100094                _init
 .init          0x001000a0        0xc C:/devkitPro/devkitARM/bin/../lib/gcc/arm-none-eabi/14.2.0/armv6k/fpu/crtn.o
                0x001000ac                        . = ALIGN (0x4)
 *(.text)
 .text          0x001000ac      0x20c C:/devkitPro/devkitARM/bin/../lib/gcc/arm-none-eabi/14.2.0/armv6k/fpu\libgcc.a(_udivsi3.o)
                0x001000ac                __aeabi_uidiv
                0x001000ac                __udivsi3
                0x00100298                __aeabi_uidivmod
 .text          0x001002b8      0x240 C:/devkitPro/devkitARM/bin/../lib/gcc/arm-none-eabi/14.2.0/armv6k/fpu\libgcc.a(_divsi3.o)
                0x001002b8                __divsi3
                0x001002b8                __aeabi_idiv
                0x001004d8                __aeabi_idivmod
 .text          0x001004f8        0x4 C:/devkitPro/devkitARM/bin/../lib/gcc/arm-none-eabi/14.2.0/armv6k/fpu\libgcc.a(_dvmd_tls.o)
                0x001004f8                __aeabi_idiv0
                0x001004f8                __aeabi_ldiv0
 .text          0x001004fc      0x3c0 C:/devkitPro/devkitARM/bin/../lib/gcc/arm-none-eabi/14.2.0/armv6k/fpu\libgcc.a(_arm_addsubdf3.o)
                0x001004fc                __aeabi_drsub
                0x00100504                __aeabi_dsub
                0x00100504                __subdf3
                0x00100508                __aeabi_dadd
                0x00100508                __adddf3
                0x001007b4                __floatunsidf
                0x001007b4                __aeabi_ui2d
                0x001007d8                __floatsidf
                0x001007d8                __aeabi_i2d
                0x00100800                __aeabi_f2d
                0x00100800                __extendsfdf2
                0x00100848                __floatundidf
                0x00100848                __aeabi_ul2d
                0x0010085c                __floatdidf
                0x0010085c                __aeabi_l2d
 .text          0x001008bc       0xd4 C:/devkitPro/devkitARM/bin/../lib/gcc/arm-none-eabi/14.2.0/armv6k/fpu\libgcc.a(_aeabi_ldivmod.o)
                0x001008bc                __aeabi_ldivmod
 .text          0x00100990       0x3c C:/devkitPro/devkitARM/bin/../lib/gcc/arm-none-eabi/14.2.0/armv6k/fpu\libgcc.a(_aeabi_uldivmod.o)
                0x00100990                __aeabi_uldivmod
 *fill*         0x001009cc       0x14 
 .text          0x001009e0      0x390 C:/devkitPro/devkitARM/bin/../lib/gcc/arm-none-eabi/14.2.0/../../../../arm-none-eabi/lib/armv6k/fpu\libg.a(libc_a-strcmp.o)
                0x001009e8                strcmp
 *(.text.*)
 .text.__do_global_dtors_aux
                0x00100d70       0x40 C:/devkitPro/devkitARM/bin/../lib/gcc/arm-none-eabi/14.2.0/armv6k/fpu/crtbegin.o
 .text.frame_dummy
                0x00100db0       0x2c C:/devkitPro/devkitARM/bin/../lib/gcc/arm-none-eabi/14.2.0/armv6k/fpu/crtbegin.o
 .text.initSprite
                0x00100ddc      0x118 main.o
                0x00100ddc                initSprite
 .text.makeRock
                0x00100ef4       0xac main.o
                0x00100ef4                makeRock
 .text.rockIdel
                0x00100fa0      0x1a8 main.o
                0x00100fa0                rockIdel
 .text.startup.main
                0x00101148      0x23c main.o
                0x00101148                main
 .text.C2Di_FrameEndHook
                0x00101384       0x44 C:/devkitPro/libctru/lib\libcitro2d.a(base.o)
 .text.C2D_Init
                0x001013c8      0x36c C:/devkitPro/libctru/lib\libcitro2d.a(base.o)
                0x001013c8                C2D_Init
 .text.C2D_Fini
                0x00101734       0x4c C:/devkitPro/libctru/lib\libcitro2d.a(base.o)
                0x00101734                C2D_Fini
 .text.C2D_Prepare
                0x00101780       0xb8 C:/devkitPro/libctru/lib\libcitro2d.a(base.o)
                0x00101780                C2D_Prepare
 .text.C2D_Flush
                0x00101838       0x48 C:/devkitPro/libctru/lib\libcitro2d.a(base.o)
                0x00101838                C2D_Flush
 .text.C2D_SceneSize
                0x00101880      0x104 C:/devkitPro/libctru/lib\libcitro2d.a(base.o)
                0x00101880                C2D_SceneSize
 .text.C2D_CreateScreenTarget
                0x00101984       0x58 C:/devkitPro/libctru/lib\libcitro2d.a(base.o)
                0x00101984                C2D_CreateScreenTarget
 .text.C2D_TargetClear
                0x001019dc       0x64 C:/devkitPro/libctru/lib\libcitro2d.a(base.o)
                0x001019dc                C2D_TargetClear
 .text.C2Di_CalcQuad
                0x00101a40      0x13c C:/devkitPro/libctru/lib\libcitro2d.a(base.o)
                0x00101a40                C2Di_CalcQuad
 .text.C2Di_AppendQuad
                0x00101b7c       0x58 C:/devkitPro/libctru/lib\libcitro2d.a(base.o)
                0x00101b7c                C2Di_AppendQuad
 .text.C2Di_Update
                0x00101bd4      0x550 C:/devkitPro/libctru/lib\libcitro2d.a(base.o)
                0x00101bd4                C2Di_Update
 .text.C2D_DrawImage
                0x00102124      0x2b0 C:/devkitPro/libctru/lib\libcitro2d.a(base.o)
                0x00102124                C2D_DrawImage
 .text.C2D_SpriteSheetLoadFromHandle
                0x001023d4       0x6c C:/devkitPro/libctru/lib\libcitro2d.a(spritesheet.o)
                0x001023d4                C2D_SpriteSheetLoadFromHandle
 .text.C2D_SpriteSheetLoad
                0x00102440       0x48 C:/devkitPro/libctru/lib\libcitro2d.a(spritesheet.o)
                0x00102440                C2D_SpriteSheetLoad
 .text.C2D_SpriteSheetFree
                0x00102488       0x28 C:/devkitPro/libctru/lib\libcitro2d.a(spritesheet.o)
                0x00102488                C2D_SpriteSheetFree
 .text.C2D_SpriteSheetGetImage
                0x001024b0       0x2c C:/devkitPro/libctru/lib\libcitro2d.a(spritesheet.o)
                0x001024b0                C2D_SpriteSheetGetImage
 .text.AttrInfo_Init
                0x001024dc       0x28 C:/devkitPro/libctru/lib\libcitro3d.a(attribs.o)
                0x001024dc                AttrInfo_Init
 .text.AttrInfo_AddLoader
                0x00102504       0x94 C:/devkitPro/libctru/lib\libcitro3d.a(attribs.o)
                0x00102504                AttrInfo_AddLoader
 .text.C3D_SetAttrInfo
                0x00102598       0x54 C:/devkitPro/libctru/lib\libcitro3d.a(attribs.o)
                0x00102598                C3D_SetAttrInfo
 .text.C3Di_AttrInfoBind
                0x001025ec       0x80 C:/devkitPro/libctru/lib\libcitro3d.a(attribs.o)
                0x001025ec                C3Di_AttrInfoBind
 .text.C3Di_LightEnvUpdate
                0x0010266c        0x4 C:/devkitPro/libctru/lib\libcitro3d.a(base.o)
                0x0010266c                C3Di_LightEnvUpdate
 .text.C3Di_LightEnvDirty
                0x00102670        0x4 C:/devkitPro/libctru/lib\libcitro3d.a(base.o)
                0x00102670                C3Di_LightEnvDirty
 .text.C3Di_AptEventHook
                0x00102674       0xb4 C:/devkitPro/libctru/lib\libcitro3d.a(base.o)
 .text.C3Di_GasUpdate
                0x00102728        0x4 C:/devkitPro/libctru/lib\libcitro3d.a(base.o)
                0x00102728                C3Di_GasUpdate
 .text.C3D_Init
                0x0010272c      0x1d0 C:/devkitPro/libctru/lib\libcitro3d.a(base.o)
                0x0010272c                C3D_Init
 .text.C3D_SetViewport
                0x001028fc       0x98 C:/devkitPro/libctru/lib\libcitro3d.a(base.o)
                0x001028fc                C3D_SetViewport
 .text.C3Di_UpdateContext
                0x00102994      0x4e8 C:/devkitPro/libctru/lib\libcitro3d.a(base.o)
                0x00102994                C3Di_UpdateContext
 .text.C3Di_SplitFrame
                0x00102e7c       0xe0 C:/devkitPro/libctru/lib\libcitro3d.a(base.o)
                0x00102e7c                C3Di_SplitFrame
 .text.C3D_Fini
                0x00102f5c       0x44 C:/devkitPro/libctru/lib\libcitro3d.a(base.o)
                0x00102f5c                C3D_Fini
 .text.C3D_BindProgram
                0x00102fa0      0x194 C:/devkitPro/libctru/lib\libcitro3d.a(base.o)
                0x00102fa0                C3D_BindProgram
 .text.BufInfo_Init
                0x00103134       0x24 C:/devkitPro/libctru/lib\libcitro3d.a(buffers.o)
                0x00103134                BufInfo_Init
 .text.BufInfo_Add
                0x00103158       0x80 C:/devkitPro/libctru/lib\libcitro3d.a(buffers.o)
                0x00103158                BufInfo_Add
 .text.C3D_SetBufInfo
                0x001031d8       0x3c C:/devkitPro/libctru/lib\libcitro3d.a(buffers.o)
                0x001031d8                C3D_SetBufInfo
 .text.C3Di_BufInfoBind
                0x00103214       0x48 C:/devkitPro/libctru/lib\libcitro3d.a(buffers.o)
                0x00103214                C3Di_BufInfoBind
 .text.C3D_DrawElements
                0x0010325c      0x21c C:/devkitPro/libctru/lib\libcitro3d.a(drawElements.o)
                0x0010325c                C3D_DrawElements
 .text.C3D_DepthMap
                0x00103478       0x40 C:/devkitPro/libctru/lib\libcitro3d.a(effect.o)
                0x00103478                C3D_DepthMap
 .text.C3D_CullFace
                0x001034b8       0x1c C:/devkitPro/libctru/lib\libcitro3d.a(effect.o)
                0x001034b8                C3D_CullFace
 .text.C3D_StencilTest
                0x001034d4       0x40 C:/devkitPro/libctru/lib\libcitro3d.a(effect.o)
                0x001034d4                C3D_StencilTest
 .text.C3D_StencilOp
                0x00103514       0x24 C:/devkitPro/libctru/lib\libcitro3d.a(effect.o)
                0x00103514                C3D_StencilOp
 .text.C3D_BlendingColor
                0x00103538       0x1c C:/devkitPro/libctru/lib\libcitro3d.a(effect.o)
                0x00103538                C3D_BlendingColor
 .text.C3D_EarlyDepthTest
                0x00103554       0x24 C:/devkitPro/libctru/lib\libcitro3d.a(effect.o)
                0x00103554                C3D_EarlyDepthTest
 .text.C3D_DepthTest
                0x00103578       0x2c C:/devkitPro/libctru/lib\libcitro3d.a(effect.o)
                0x00103578                C3D_DepthTest
 .text.C3D_AlphaTest
                0x001035a4       0x2c C:/devkitPro/libctru/lib\libcitro3d.a(effect.o)
                0x001035a4                C3D_AlphaTest
 .text.C3D_AlphaBlend
                0x001035d0       0x50 C:/devkitPro/libctru/lib\libcitro3d.a(effect.o)
                0x001035d0                C3D_AlphaBlend
 .text.C3D_FragOpMode
                0x00103620       0x30 C:/devkitPro/libctru/lib\libcitro3d.a(effect.o)
                0x00103620                C3D_FragOpMode
 .text.C3D_FragOpShadow
                0x00103650       0x44 C:/devkitPro/libctru/lib\libcitro3d.a(effect.o)
                0x00103650                C3D_FragOpShadow
 .text.C3Di_EffectBind
                0x00103694      0x1ac C:/devkitPro/libctru/lib\libcitro3d.a(effect.o)
                0x00103694                C3Di_EffectBind
 .text.C3D_CalcColorBufSize
                0x00103840       0x1c C:/devkitPro/libctru/lib\libcitro3d.a(framebuffer.o)
                0x00103840                C3D_CalcColorBufSize
 .text.C3D_CalcDepthBufSize
                0x0010385c       0x1c C:/devkitPro/libctru/lib\libcitro3d.a(framebuffer.o)
                0x0010385c                C3D_CalcDepthBufSize
 .text.C3D_SetFrameBuf
                0x00103878       0x44 C:/devkitPro/libctru/lib\libcitro3d.a(framebuffer.o)
                0x00103878                C3D_SetFrameBuf
 .text.C3Di_FrameBufBind
                0x001038bc      0x16c C:/devkitPro/libctru/lib\libcitro3d.a(framebuffer.o)
                0x001038bc                C3Di_FrameBufBind
 .text.C3D_FrameBufClear
                0x00103a28       0xc8 C:/devkitPro/libctru/lib\libcitro3d.a(framebuffer.o)
                0x00103a28                C3D_FrameBufClear
 .text.C3D_FrameBufTransfer
                0x00103af0       0x44 C:/devkitPro/libctru/lib\libcitro3d.a(framebuffer.o)
                0x00103af0                C3D_FrameBufTransfer
 .text.C3D_ImmSendAttrib
                0x00103b34       0xa8 C:/devkitPro/libctru/lib\libcitro3d.a(immediate.o)
                0x00103b34                C3D_ImmSendAttrib
 .text.C3D_ProcTexInit
                0x00103bdc       0x70 C:/devkitPro/libctru/lib\libcitro3d.a(proctex.o)
                0x00103bdc                C3D_ProcTexInit
 .text.C3D_ProcTexBind
                0x00103c4c       0x54 C:/devkitPro/libctru/lib\libcitro3d.a(proctex.o)
                0x00103c4c                C3D_ProcTexBind
 .text.C3D_ProcTexLutBind
                0x00103ca0       0x5c C:/devkitPro/libctru/lib\libcitro3d.a(proctex.o)
                0x00103ca0                C3D_ProcTexLutBind
 .text.ProcTexLut_FromArray
                0x00103cfc       0xa4 C:/devkitPro/libctru/lib\libcitro3d.a(proctex.o)
                0x00103cfc                ProcTexLut_FromArray
 .text.C3Di_ProcTexUpdate
                0x00103da0      0x178 C:/devkitPro/libctru/lib\libcitro3d.a(proctex.o)
                0x00103da0                C3Di_ProcTexUpdate
 .text.C3Di_ProcTexDirty
                0x00103f18       0x68 C:/devkitPro/libctru/lib\libcitro3d.a(proctex.o)
                0x00103f18                C3Di_ProcTexDirty
 .text.onVBlank0
                0x00103f80       0x4c C:/devkitPro/libctru/lib\libcitro3d.a(renderqueue.o)
 .text.onVBlank1
                0x00103fcc       0x4c C:/devkitPro/libctru/lib\libcitro3d.a(renderqueue.o)
 .text.C3Di_RenderTargetDestroy
                0x00104018       0x80 C:/devkitPro/libctru/lib\libcitro3d.a(renderqueue.o)
 .text.onQueueFinish
                0x00104098       0xf4 C:/devkitPro/libctru/lib\libcitro3d.a(renderqueue.o)
 .text.C3Di_RenderQueueEnableVBlank
                0x0010418c       0x38 C:/devkitPro/libctru/lib\libcitro3d.a(renderqueue.o)
                0x0010418c                C3Di_RenderQueueEnableVBlank
 .text.C3Di_RenderQueueDisableVBlank
                0x001041c4       0x30 C:/devkitPro/libctru/lib\libcitro3d.a(renderqueue.o)
                0x001041c4                C3Di_RenderQueueDisableVBlank
 .text.C3Di_RenderQueueInit
                0x001041f4       0x60 C:/devkitPro/libctru/lib\libcitro3d.a(renderqueue.o)
                0x001041f4                C3Di_RenderQueueInit
 .text.C3Di_RenderQueueExit
                0x00104254       0xb4 C:/devkitPro/libctru/lib\libcitro3d.a(renderqueue.o)
                0x00104254                C3Di_RenderQueueExit
 .text.C3Di_RenderQueueWaitDone
                0x00104308       0x34 C:/devkitPro/libctru/lib\libcitro3d.a(renderqueue.o)
                0x00104308                C3Di_RenderQueueWaitDone
 .text.C3D_FrameBegin
                0x0010433c       0xe8 C:/devkitPro/libctru/lib\libcitro3d.a(renderqueue.o)
                0x0010433c                C3D_FrameBegin
 .text.C3D_FrameDrawOn
                0x00104424       0x48 C:/devkitPro/libctru/lib\libcitro3d.a(renderqueue.o)
                0x00104424                C3D_FrameDrawOn
 .text.C3D_FrameSplit
                0x0010446c       0x58 C:/devkitPro/libctru/lib\libcitro3d.a(renderqueue.o)
                0x0010446c                C3D_FrameSplit
 .text.C3D_FrameEnd
                0x001044c4      0x1d0 C:/devkitPro/libctru/lib\libcitro3d.a(renderqueue.o)
                0x001044c4                C3D_FrameEnd
 .text.C3D_FrameEndHook
                0x00104694       0x1c C:/devkitPro/libctru/lib\libcitro3d.a(renderqueue.o)
                0x00104694                C3D_FrameEndHook
 .text.C3D_RenderTargetCreate
                0x001046b0      0x170 C:/devkitPro/libctru/lib\libcitro3d.a(renderqueue.o)
                0x001046b0                C3D_RenderTargetCreate
 .text.C3D_RenderTargetSetOutput
                0x00104820       0xa8 C:/devkitPro/libctru/lib\libcitro3d.a(renderqueue.o)
                0x00104820                C3D_RenderTargetSetOutput
 .text.C3D_SyncTextureCopy
                0x001048c8       0xfc C:/devkitPro/libctru/lib\libcitro3d.a(renderqueue.o)
                0x001048c8                C3D_SyncTextureCopy
 .text.Tex3DSi_ImportCommon
                0x001049c4      0x3d8 C:/devkitPro/libctru/lib\libcitro3d.a(tex3ds.o)
 .text.Tex3DS_TextureImportStdio
                0x00104d9c       0x38 C:/devkitPro/libctru/lib\libcitro3d.a(tex3ds.o)
                0x00104d9c                Tex3DS_TextureImportStdio
 .text.Tex3DS_GetSubTexture
                0x00104dd4       0x1c C:/devkitPro/libctru/lib\libcitro3d.a(tex3ds.o)
                0x00104dd4                Tex3DS_GetSubTexture
 .text.Tex3DS_TextureFree
                0x00104df0        0x4 C:/devkitPro/libctru/lib\libcitro3d.a(tex3ds.o)
                0x00104df0                Tex3DS_TextureFree
 .text.C3D_GetTexEnv
                0x00104df4       0x34 C:/devkitPro/libctru/lib\libcitro3d.a(texenv.o)
                0x00104df4                C3D_GetTexEnv
 .text.C3Di_TexEnvBind
                0x00104e28       0x24 C:/devkitPro/libctru/lib\libcitro3d.a(texenv.o)
                0x00104e28                C3Di_TexEnvBind
 .text.C3D_TexInitWithParams
                0x00104e4c      0x290 C:/devkitPro/libctru/lib\libcitro3d.a(texture.o)
                0x00104e4c                C3D_TexInitWithParams
 .text.C3D_TexLoadImage
                0x001050dc       0xc8 C:/devkitPro/libctru/lib\libcitro3d.a(texture.o)
                0x001050dc                C3D_TexLoadImage
 .text.C3D_TexBind
                0x001051a4       0x44 C:/devkitPro/libctru/lib\libcitro3d.a(texture.o)
                0x001051a4                C3D_TexBind
 .text.C3D_TexDelete
                0x001051e8       0x74 C:/devkitPro/libctru/lib\libcitro3d.a(texture.o)
                0x001051e8                C3D_TexDelete
 .text.C3Di_SetTex
                0x0010525c      0x14c C:/devkitPro/libctru/lib\libcitro3d.a(texture.o)
                0x0010525c                C3Di_SetTex
 .text.C3D_UpdateUniforms
                0x001053a8      0x290 C:/devkitPro/libctru/lib\libcitro3d.a(uniforms.o)
                0x001053a8                C3D_UpdateUniforms
 .text.C3Di_DirtyUniforms
                0x00105638       0xc0 C:/devkitPro/libctru/lib\libcitro3d.a(uniforms.o)
                0x00105638                C3Di_DirtyUniforms
 .text.C3Di_LoadShaderUniforms
                0x001056f8       0xd8 C:/devkitPro/libctru/lib\libcitro3d.a(uniforms.o)
                0x001056f8                C3Di_LoadShaderUniforms
 .text.C3Di_ClearShaderUniforms
                0x001057d0       0x28 C:/devkitPro/libctru/lib\libcitro3d.a(uniforms.o)
                0x001057d0                C3Di_ClearShaderUniforms
 .text.Mtx_Ortho
                0x001057f8       0xcc C:/devkitPro/libctru/lib\libcitro3d.a(mtx_ortho.o)
                0x001057f8                Mtx_Ortho
 .text.Mtx_OrthoTilt
                0x001058c4       0xcc C:/devkitPro/libctru/lib\libcitro3d.a(mtx_orthotilt.o)
                0x001058c4                Mtx_OrthoTilt
 .text._ZL21addrMapNodeComparatorPK11rbtree_nodeS1_
                0x00105990       0x24 C:/devkitPro/libctru/lib\libctru.a(linear.o)
 .text._ZL21addrMapNodeDestructorP11rbtree_node
                0x001059b4        0x4 C:/devkitPro/libctru/lib\libctru.a(linear.o)
 .text.linearMemAlign
                0x001059b8      0x120 C:/devkitPro/libctru/lib\libctru.a(linear.o)
                0x001059b8                linearMemAlign
 .text.linearAlloc
                0x00105ad8        0x8 C:/devkitPro/libctru/lib\libctru.a(linear.o)
                0x00105ad8                linearAlloc
 .text.linearFree
                0x00105ae0       0x5c C:/devkitPro/libctru/lib\libctru.a(linear.o)
                0x00105ae0                linearFree
 .text._ZN7MemPool13CoalesceRightEP8MemBlock
                0x00105b3c       0x84 C:/devkitPro/libctru/lib\libctru.a(mem_pool.o)
                0x00105b3c                MemPool::CoalesceRight(MemBlock*)
 .text._ZN7MemPool8AllocateER8MemChunkmi
                0x00105bc0      0x150 C:/devkitPro/libctru/lib\libctru.a(mem_pool.o)
                0x00105bc0                MemPool::Allocate(MemChunk&, unsigned long, int)
 .text._ZN7MemPool10DeallocateERK8MemChunk
                0x00105d10       0xfc C:/devkitPro/libctru/lib\libctru.a(mem_pool.o)
                0x00105d10                MemPool::Deallocate(MemChunk const&)
 .text._ZN7MemPool12GetFreeSpaceEv
                0x00105e0c       0x30 C:/devkitPro/libctru/lib\libctru.a(mem_pool.o)
                0x00105e0c                MemPool::GetFreeSpace()
 .text._ZL21addrMapNodeComparatorPK11rbtree_nodeS1_
                0x00105e3c       0x24 C:/devkitPro/libctru/lib\libctru.a(vram.o)
 .text._ZL21addrMapNodeDestructorP11rbtree_node
                0x00105e60        0x4 C:/devkitPro/libctru/lib\libctru.a(vram.o)
 .text.vramMemAlignAt
                0x00105e64      0x244 C:/devkitPro/libctru/lib\libctru.a(vram.o)
                0x00105e64                vramMemAlignAt
 .text.vramAlloc
                0x001060a8        0xc C:/devkitPro/libctru/lib\libctru.a(vram.o)
                0x001060a8                vramAlloc
 .text.vramAllocAt
                0x001060b4        0xc C:/devkitPro/libctru/lib\libctru.a(vram.o)
                0x001060b4                vramAllocAt
 .text.vramFree
                0x001060c0       0x90 C:/devkitPro/libctru/lib\libctru.a(vram.o)
                0x001060c0                vramFree
 .text.consoleHandleColorEsc
                0x00106150      0x45c C:/devkitPro/libctru/lib\libctru.a(console.o)
 .text.consoleColorStateShift
                0x001065ac       0xb8 C:/devkitPro/libctru/lib\libctru.a(console.o)
 .text.consoleDrawChar
                0x00106664      0x1ac C:/devkitPro/libctru/lib\libctru.a(console.o)
                0x00106664                consoleDrawChar
 .text.consolePrintChar
                0x00106810      0x11c C:/devkitPro/libctru/lib\libctru.a(console.o)
                0x00106810                consolePrintChar
 .text.con_write
                0x0010692c      0x5ec C:/devkitPro/libctru/lib\libctru.a(console.o)
                0x0010692c                con_write
 .text.newRow   0x00106f18      0x124 C:/devkitPro/libctru/lib\libctru.a(console.o)
 .text.consoleInit
                0x0010703c      0x18c C:/devkitPro/libctru/lib\libctru.a(console.o)
                0x0010703c                consoleInit
 .text.consoleClear
                0x001071c8       0xb8 C:/devkitPro/libctru/lib\libctru.a(console.o)
                0x001071c8                consoleClear
 .text.gfxPresentFramebuffer
                0x00107280       0xd0 C:/devkitPro/libctru/lib\libctru.a(gfx.o)
 .text.gfxIsWide
                0x00107350       0x1c C:/devkitPro/libctru/lib\libctru.a(gfx.o)
                0x00107350                gfxIsWide
 .text.gfxSetScreenFormat
                0x0010736c       0xec C:/devkitPro/libctru/lib\libctru.a(gfx.o)
                0x0010736c                gfxSetScreenFormat
 .text.gfxSetDoubleBuffering
                0x00107458       0x10 C:/devkitPro/libctru/lib\libctru.a(gfx.o)
                0x00107458                gfxSetDoubleBuffering
 .text.gfxInit  0x00107468       0xd8 C:/devkitPro/libctru/lib\libctru.a(gfx.o)
                0x00107468                gfxInit
 .text.gfxInitDefault
                0x00107540       0x10 C:/devkitPro/libctru/lib\libctru.a(gfx.o)
                0x00107540                gfxInitDefault
 .text.gfxExit  0x00107550       0xb4 C:/devkitPro/libctru/lib\libctru.a(gfx.o)
                0x00107550                gfxExit
 .text.gfxGetFramebuffer
                0x00107604       0xa0 C:/devkitPro/libctru/lib\libctru.a(gfx.o)
                0x00107604                gfxGetFramebuffer
 .text.gfxFlushBuffers
                0x001076a4      0x100 C:/devkitPro/libctru/lib\libctru.a(gfx.o)
                0x001076a4                gfxFlushBuffers
 .text.gfxScreenSwapBuffers
                0x001077a4       0x30 C:/devkitPro/libctru/lib\libctru.a(gfx.o)
                0x001077a4                gfxScreenSwapBuffers
 .text.gfxSwapBuffersGpu
                0x001077d4       0x50 C:/devkitPro/libctru/lib\libctru.a(gfx.o)
                0x001077d4                gfxSwapBuffersGpu
 .text.osConvertVirtToPhys
                0x00107824       0x74 C:/devkitPro/libctru/lib\libctru.a(os.o)
                0x00107824                osConvertVirtToPhys
 .text.osGetTimeRef
                0x00107898       0x54 C:/devkitPro/libctru/lib\libctru.a(os.o)
                0x00107898                osGetTimeRef
 .text.osGetTime
                0x001078ec       0xec C:/devkitPro/libctru/lib\libctru.a(os.o)
                0x001078ec                osGetTime
 .text.__ctru_speedup_config
                0x001079d8       0x34 C:/devkitPro/libctru/lib\libctru.a(os.o)
                0x001079d8                __ctru_speedup_config
 .text.romfs_close
                0x00107a0c        0x8 C:/devkitPro/libctru/lib\libctru.a(romfs_dev.o)
 .text.romfs_seek
                0x00107a14       0xc4 C:/devkitPro/libctru/lib\libctru.a(romfs_dev.o)
 .text.romfs_dirreset
                0x00107ad8       0x24 C:/devkitPro/libctru/lib\libctru.a(romfs_dev.o)
 .text.fill_dir
                0x00107afc       0xc8 C:/devkitPro/libctru/lib\libctru.a(romfs_dev.o)
 .text.romfs_dirnext
                0x00107bc4      0x2a8 C:/devkitPro/libctru/lib\libctru.a(romfs_dev.o)
 .text.romfs_free
                0x00107e6c       0x74 C:/devkitPro/libctru/lib\libctru.a(romfs_dev.o)
 .text.searchForFile.constprop.0
                0x00107ee0       0xd4 C:/devkitPro/libctru/lib\libctru.a(romfs_dev.o)
 .text.searchForDir.constprop.0
                0x00107fb4       0xd8 C:/devkitPro/libctru/lib\libctru.a(romfs_dev.o)
 .text.navigateToDir.constprop.0
                0x0010808c      0x1c0 C:/devkitPro/libctru/lib\libctru.a(romfs_dev.o)
 .text.romfs_open
                0x0010824c      0x10c C:/devkitPro/libctru/lib\libctru.a(romfs_dev.o)
 .text.romfs_chdir
                0x00108358       0x4c C:/devkitPro/libctru/lib\libctru.a(romfs_dev.o)
 .text.romfs_diropen
                0x001083a4       0x70 C:/devkitPro/libctru/lib\libctru.a(romfs_dev.o)
 .text.romfs_stat
                0x00108414      0x174 C:/devkitPro/libctru/lib\libctru.a(romfs_dev.o)
 .text.romfs_dirclose
                0x00108588        0x8 C:/devkitPro/libctru/lib\libctru.a(romfs_dev.o)
 .text.romfs_fstat
                0x00108590       0x84 C:/devkitPro/libctru/lib\libctru.a(romfs_dev.o)
 .text.romfs_read
                0x00108614       0xd0 C:/devkitPro/libctru/lib\libctru.a(romfs_dev.o)
 .text.romfsMountFromFile
                0x001086e4      0x28c C:/devkitPro/libctru/lib\libctru.a(romfs_dev.o)
                0x001086e4                romfsMountFromFile
 .text.romfsMountFromCurrentProcess
                0x00108970       0x98 C:/devkitPro/libctru/lib\libctru.a(romfs_dev.o)
                0x00108970                romfsMountFromCurrentProcess
 .text.romfsMountSelf
                0x00108a08      0x260 C:/devkitPro/libctru/lib\libctru.a(romfs_dev.o)
                0x00108a08                romfsMountSelf
 .text.romfsUnmount
                0x00108c68       0xa4 C:/devkitPro/libctru/lib\libctru.a(romfs_dev.o)
                0x00108c68                romfsUnmount
 .text.GPUCMD_Add
                0x00108d0c      0x13c C:/devkitPro/libctru/lib\libctru.a(gpu.o)
                0x00108d0c                GPUCMD_Add
 .text.GPUCMD_Split
                0x00108e48       0xb0 C:/devkitPro/libctru/lib\libctru.a(gpu.o)
                0x00108e48                GPUCMD_Split
 .text.f32tof16
                0x00108ef8       0x34 C:/devkitPro/libctru/lib\libctru.a(gpu.o)
                0x00108ef8                f32tof16
 .text.f32tof24
                0x00108f2c       0x34 C:/devkitPro/libctru/lib\libctru.a(gpu.o)
                0x00108f2c                f32tof24
 .text.f32tof31
                0x00108f60       0x38 C:/devkitPro/libctru/lib\libctru.a(gpu.o)
                0x00108f60                f32tof31
 .text.GX_BindQueue
                0x00108f98       0x10 C:/devkitPro/libctru/lib\libctru.a(gx.o)
                0x00108f98                GX_BindQueue
 .text.GX_ProcessCommandList
                0x00108fa8       0x78 C:/devkitPro/libctru/lib\libctru.a(gx.o)
                0x00108fa8                GX_ProcessCommandList
 .text.GX_MemoryFill
                0x00109020       0x74 C:/devkitPro/libctru/lib\libctru.a(gx.o)
                0x00109020                GX_MemoryFill
 .text.GX_DisplayTransfer
                0x00109094       0x70 C:/devkitPro/libctru/lib\libctru.a(gx.o)
                0x00109094                GX_DisplayTransfer
 .text.GX_TextureCopy
                0x00109104       0x74 C:/devkitPro/libctru/lib\libctru.a(gx.o)
                0x00109104                GX_TextureCopy
 .text.gxCmdQueueDoCommands.part.0
                0x00109178       0x68 C:/devkitPro/libctru/lib\libctru.a(gxqueue.o)
 .text.gxCmdQueueInterrupt
                0x001091e0       0xc8 C:/devkitPro/libctru/lib\libctru.a(gxqueue.o)
                0x001091e0                gxCmdQueueInterrupt
 .text.gxCmdQueueClear
                0x001092a8       0x4c C:/devkitPro/libctru/lib\libctru.a(gxqueue.o)
                0x001092a8                gxCmdQueueClear
 .text.gxCmdQueueAdd
                0x001092f4       0xf8 C:/devkitPro/libctru/lib\libctru.a(gxqueue.o)
                0x001092f4                gxCmdQueueAdd
 .text.gxCmdQueueRun
                0x001093ec       0x80 C:/devkitPro/libctru/lib\libctru.a(gxqueue.o)
                0x001093ec                gxCmdQueueRun
 .text.gxCmdQueueStop
                0x0010946c       0x60 C:/devkitPro/libctru/lib\libctru.a(gxqueue.o)
                0x0010946c                gxCmdQueueStop
 .text.gxCmdQueueWait
                0x001094cc       0x8c C:/devkitPro/libctru/lib\libctru.a(gxqueue.o)
                0x001094cc                gxCmdQueueWait
 .text.shaderInstanceInit
                0x00109558      0x1d0 C:/devkitPro/libctru/lib\libctru.a(shaderProgram.o)
                0x00109558                shaderInstanceInit
 .text.shaderInstanceGetUniformLocation
                0x00109728       0x18 C:/devkitPro/libctru/lib\libctru.a(shaderProgram.o)
                0x00109728                shaderInstanceGetUniformLocation
 .text.shaderProgramInit
                0x00109740       0x1c C:/devkitPro/libctru/lib\libctru.a(shaderProgram.o)
                0x00109740                shaderProgramInit
 .text.shaderProgramFree
                0x0010975c       0x64 C:/devkitPro/libctru/lib\libctru.a(shaderProgram.o)
                0x0010975c                shaderProgramFree
 .text.shaderProgramSetVsh
                0x001097c0       0x80 C:/devkitPro/libctru/lib\libctru.a(shaderProgram.o)
                0x001097c0                shaderProgramSetVsh
 .text.shaderProgramConfigure
                0x00109840      0x8d0 C:/devkitPro/libctru/lib\libctru.a(shaderProgram.o)
                0x00109840                shaderProgramConfigure
 .text.DVLE_GenerateOutmap.part.0
                0x0010a110      0x1dc C:/devkitPro/libctru/lib\libctru.a(shbin.o)
 .text.DVLB_ParseFile
                0x0010a2ec      0x1b0 C:/devkitPro/libctru/lib\libctru.a(shbin.o)
                0x0010a2ec                DVLB_ParseFile
 .text.DVLB_Free
                0x0010a49c       0x38 C:/devkitPro/libctru/lib\libctru.a(shbin.o)
                0x0010a49c                DVLB_Free
 .text.DVLE_GetUniformRegister
                0x0010a4d4       0x74 C:/devkitPro/libctru/lib\libctru.a(shbin.o)
                0x0010a4d4                DVLE_GetUniformRegister
 .text.aptConvertScreenForCapture
                0x0010a548      0x1b0 C:/devkitPro/libctru/lib\libctru.a(apt.o)
 .text.aptDspSleep
                0x0010a6f8        0x8 C:/devkitPro/libctru/lib\libctru.a(apt.o)
                0x0010a6f8                aptDspSleep
 .text.aptDspWakeup
                0x0010a700        0x4 C:/devkitPro/libctru/lib\libctru.a(apt.o)
                0x0010a700                aptDspWakeup
 .text.aptDspCancel
                0x0010a704        0x4 C:/devkitPro/libctru/lib\libctru.a(apt.o)
                0x0010a704                aptDspCancel
 .text.aptSendCommand
                0x0010a708      0x158 C:/devkitPro/libctru/lib\libctru.a(apt.o)
                0x0010a708                aptSendCommand
 .text.aptExitProcess
                0x0010a860       0x44 C:/devkitPro/libctru/lib\libctru.a(apt.o)
 .text.aptExit  0x0010a8a4      0x380 C:/devkitPro/libctru/lib\libctru.a(apt.o)
                0x0010a8a4                aptExit
 .text.aptHandleSleep
                0x0010ac24       0xd8 C:/devkitPro/libctru/lib\libctru.a(apt.o)
                0x0010ac24                aptHandleSleep
 .text.aptHook  0x0010acfc       0x30 C:/devkitPro/libctru/lib\libctru.a(apt.o)
                0x0010acfc                aptHook
 .text.aptUnhook
                0x0010ad2c       0x30 C:/devkitPro/libctru/lib\libctru.a(apt.o)
                0x0010ad2c                aptUnhook
 .text.APT_SleepIfShellClosed
                0x0010ad5c       0x84 C:/devkitPro/libctru/lib\libctru.a(apt.o)
                0x0010ad5c                APT_SleepIfShellClosed
 .text.aptSetSleepAllowed
                0x0010ade0       0x78 C:/devkitPro/libctru/lib\libctru.a(apt.o)
                0x0010ade0                aptSetSleepAllowed
 .text.APT_UnlockTransition
                0x0010ae58       0x84 C:/devkitPro/libctru/lib\libctru.a(apt.o)
                0x0010ae58                APT_UnlockTransition
 *fill*         0x0010aedc        0x4 
 .text.aptEventHandler
                0x0010aee0      0x478 C:/devkitPro/libctru/lib\libctru.a(apt.o)
 .text.APT_ReceiveParameter
                0x0010b358       0xb0 C:/devkitPro/libctru/lib\libctru.a(apt.o)
                0x0010b358                APT_ReceiveParameter
 .text.aptReceiveParameter.constprop.0
                0x0010b408       0xac C:/devkitPro/libctru/lib\libctru.a(apt.o)
 *fill*         0x0010b4b4        0x4 
 .text.aptScreenTransfer
                0x0010b4b8      0x294 C:/devkitPro/libctru/lib\libctru.a(apt.o)
 .text.aptWaitForWakeUp.isra.0
                0x0010b74c      0x2c8 C:/devkitPro/libctru/lib\libctru.a(apt.o)
 .text.aptJumpToHomeMenu
                0x0010ba14       0xf4 C:/devkitPro/libctru/lib\libctru.a(apt.o)
                0x0010ba14                aptJumpToHomeMenu
 .text.aptMainLoop
                0x0010bb08       0x48 C:/devkitPro/libctru/lib\libctru.a(apt.o)
                0x0010bb08                aptMainLoop
 .text.aptInit  0x0010bb50      0x22c C:/devkitPro/libctru/lib\libctru.a(apt.o)
                0x0010bb50                aptInit
 .text.APT_CheckNew3DS
                0x0010bd7c       0x7c C:/devkitPro/libctru/lib\libctru.a(apt.o)
                0x0010bd7c                APT_CheckNew3DS
 .text.fsInit   0x0010bdf8       0xd0 C:/devkitPro/libctru/lib\libctru.a(fs.o)
                0x0010bdf8                fsInit
 .text.fsExit   0x0010bec8       0x3c C:/devkitPro/libctru/lib\libctru.a(fs.o)
                0x0010bec8                fsExit
 .text.fsExemptFromSession
                0x0010bf04       0x60 C:/devkitPro/libctru/lib\libctru.a(fs.o)
                0x0010bf04                fsExemptFromSession
 .text.fsUnexemptFromSession
                0x0010bf64       0x50 C:/devkitPro/libctru/lib\libctru.a(fs.o)
                0x0010bf64                fsUnexemptFromSession
 .text.FSUSER_OpenFile
                0x0010bfb4       0xcc C:/devkitPro/libctru/lib\libctru.a(fs.o)
                0x0010bfb4                FSUSER_OpenFile
 .text.FSUSER_OpenFileDirectly
                0x0010c080       0xd4 C:/devkitPro/libctru/lib\libctru.a(fs.o)
                0x0010c080                FSUSER_OpenFileDirectly
 .text.FSUSER_DeleteFile
                0x0010c154       0xbc C:/devkitPro/libctru/lib\libctru.a(fs.o)
                0x0010c154                FSUSER_DeleteFile
 .text.FSUSER_RenameFile
                0x0010c210       0xf8 C:/devkitPro/libctru/lib\libctru.a(fs.o)
                0x0010c210                FSUSER_RenameFile
 .text.FSUSER_DeleteDirectory
                0x0010c308       0xbc C:/devkitPro/libctru/lib\libctru.a(fs.o)
                0x0010c308                FSUSER_DeleteDirectory
 .text.FSUSER_CreateFile
                0x0010c3c4       0xd4 C:/devkitPro/libctru/lib\libctru.a(fs.o)
                0x0010c3c4                FSUSER_CreateFile
 .text.FSUSER_CreateDirectory
                0x0010c498       0xc4 C:/devkitPro/libctru/lib\libctru.a(fs.o)
                0x0010c498                FSUSER_CreateDirectory
 .text.FSUSER_RenameDirectory
                0x0010c55c       0xf8 C:/devkitPro/libctru/lib\libctru.a(fs.o)
                0x0010c55c                FSUSER_RenameDirectory
 .text.FSUSER_OpenDirectory
                0x0010c654       0xb4 C:/devkitPro/libctru/lib\libctru.a(fs.o)
                0x0010c654                FSUSER_OpenDirectory
 .text.FSUSER_OpenArchive
                0x0010c708       0x94 C:/devkitPro/libctru/lib\libctru.a(fs.o)
                0x0010c708                FSUSER_OpenArchive
 .text.FSUSER_CloseArchive
                0x0010c79c       0x8c C:/devkitPro/libctru/lib\libctru.a(fs.o)
                0x0010c79c                FSUSER_CloseArchive
 .text.FSUSER_GetSdmcArchiveResource
                0x0010c828       0x74 C:/devkitPro/libctru/lib\libctru.a(fs.o)
                0x0010c828                FSUSER_GetSdmcArchiveResource
 .text.FSUSER_IsSdmcWritable
                0x0010c89c       0x64 C:/devkitPro/libctru/lib\libctru.a(fs.o)
                0x0010c89c                FSUSER_IsSdmcWritable
 .text.FSFILE_Read
                0x0010c900       0x58 C:/devkitPro/libctru/lib\libctru.a(fs.o)
                0x0010c900                FSFILE_Read
 .text.FSFILE_Write
                0x0010c958       0x60 C:/devkitPro/libctru/lib\libctru.a(fs.o)
                0x0010c958                FSFILE_Write
 .text.FSFILE_GetSize
                0x0010c9b8       0x38 C:/devkitPro/libctru/lib\libctru.a(fs.o)
                0x0010c9b8                FSFILE_GetSize
 .text.FSFILE_SetSize
                0x0010c9f0       0x28 C:/devkitPro/libctru/lib\libctru.a(fs.o)
                0x0010c9f0                FSFILE_SetSize
 .text.FSFILE_Close
                0x0010ca18       0x3c C:/devkitPro/libctru/lib\libctru.a(fs.o)
                0x0010ca18                FSFILE_Close
 .text.FSFILE_Flush
                0x0010ca54       0x24 C:/devkitPro/libctru/lib\libctru.a(fs.o)
                0x0010ca54                FSFILE_Flush
 .text.FSDIR_Read
                0x0010ca78       0x50 C:/devkitPro/libctru/lib\libctru.a(fs.o)
                0x0010ca78                FSDIR_Read
 .text.FSDIR_Close
                0x0010cac8       0x3c C:/devkitPro/libctru/lib\libctru.a(fs.o)
                0x0010cac8                FSDIR_Close
 .text.gspHardwareInit
                0x0010cb04      0xc70 C:/devkitPro/libctru/lib\libctru.a(gspgpu.o)
 .text.gspInit  0x0010d774      0x248 C:/devkitPro/libctru/lib\libctru.a(gspgpu.o)
                0x0010d774                gspInit
 .text.gspExit  0x0010d9bc       0xe4 C:/devkitPro/libctru/lib\libctru.a(gspgpu.o)
                0x0010d9bc                gspExit
 .text.gspHasGpuRight
                0x0010daa0       0x10 C:/devkitPro/libctru/lib\libctru.a(gspgpu.o)
                0x0010daa0                gspHasGpuRight
 .text.gspPresentBuffer
                0x0010dab0       0xa0 C:/devkitPro/libctru/lib\libctru.a(gspgpu.o)
                0x0010dab0                gspPresentBuffer
 .text.gspSetEventCallback
                0x0010db50       0x30 C:/devkitPro/libctru/lib\libctru.a(gspgpu.o)
                0x0010db50                gspSetEventCallback
 .text.gspWaitForEvent
                0x0010db80       0x44 C:/devkitPro/libctru/lib\libctru.a(gspgpu.o)
                0x0010db80                gspWaitForEvent
 .text.gspWaitForAnyEvent
                0x0010dbc4       0x4c C:/devkitPro/libctru/lib\libctru.a(gspgpu.o)
                0x0010dbc4                gspWaitForAnyEvent
 .text.gspEventThreadMain
                0x0010dc10      0x160 C:/devkitPro/libctru/lib\libctru.a(gspgpu.o)
 .text.gspSubmitGxCommand
                0x0010dd70      0x130 C:/devkitPro/libctru/lib\libctru.a(gspgpu.o)
                0x0010dd70                gspSubmitGxCommand
 .text.GSPGPU_FlushDataCache
                0x0010dea0       0x50 C:/devkitPro/libctru/lib\libctru.a(gspgpu.o)
                0x0010dea0                GSPGPU_FlushDataCache
 .text.GSPGPU_SetLcdForceBlack
                0x0010def0       0x34 C:/devkitPro/libctru/lib\libctru.a(gspgpu.o)
                0x0010def0                GSPGPU_SetLcdForceBlack
 .text.GSPGPU_AcquireRight
                0x0010df24       0x68 C:/devkitPro/libctru/lib\libctru.a(gspgpu.o)
                0x0010df24                GSPGPU_AcquireRight
 .text.GSPGPU_ReleaseRight
                0x0010df8c       0x48 C:/devkitPro/libctru/lib\libctru.a(gspgpu.o)
                0x0010df8c                GSPGPU_ReleaseRight
 .text.GSPGPU_ImportDisplayCaptureInfo
                0x0010dfd4       0x7c C:/devkitPro/libctru/lib\libctru.a(gspgpu.o)
                0x0010dfd4                GSPGPU_ImportDisplayCaptureInfo
 .text.GSPGPU_SaveVramSysArea
                0x0010e050       0x2c C:/devkitPro/libctru/lib\libctru.a(gspgpu.o)
                0x0010e050                GSPGPU_SaveVramSysArea
 .text.GSPGPU_RestoreVramSysArea
                0x0010e07c       0x2c C:/devkitPro/libctru/lib\libctru.a(gspgpu.o)
                0x0010e07c                GSPGPU_RestoreVramSysArea
 .text.hidShouldUseIrrst
                0x0010e0a8       0x24 C:/devkitPro/libctru/lib\libctru.a(hid.o)
                0x0010e0a8                hidShouldUseIrrst
 .text.hidInit  0x0010e0cc      0x18c C:/devkitPro/libctru/lib\libctru.a(hid.o)
                0x0010e0cc                hidInit
 .text.hidExit  0x0010e258       0xe8 C:/devkitPro/libctru/lib\libctru.a(hid.o)
                0x0010e258                hidExit
 .text.hidScanInput
                0x0010e340      0x2a4 C:/devkitPro/libctru/lib\libctru.a(hid.o)
                0x0010e340                hidScanInput
 .text.hidKeysDown
                0x0010e5e4       0x10 C:/devkitPro/libctru/lib\libctru.a(hid.o)
                0x0010e5e4                hidKeysDown
 .text.hidTouchRead
                0x0010e5f4       0x18 C:/devkitPro/libctru/lib\libctru.a(hid.o)
                0x0010e5f4                hidTouchRead
 .text.irrstInit
                0x0010e60c      0x160 C:/devkitPro/libctru/lib\libctru.a(irrst.o)
                0x0010e60c                irrstInit
 .text.irrstExit
                0x0010e76c       0xcc C:/devkitPro/libctru/lib\libctru.a(irrst.o)
                0x0010e76c                irrstExit
 .text.irrstScanInput
                0x0010e838       0xb4 C:/devkitPro/libctru/lib\libctru.a(irrst.o)
                0x0010e838                irrstScanInput
 .text.irrstKeysHeld
                0x0010e8ec       0x24 C:/devkitPro/libctru/lib\libctru.a(irrst.o)
                0x0010e8ec                irrstKeysHeld
 .text.ptmSysmInit
                0x0010e910       0x74 C:/devkitPro/libctru/lib\libctru.a(ptmsysm.o)
                0x0010e910                ptmSysmInit
 .text.ptmSysmExit
                0x0010e984       0x3c C:/devkitPro/libctru/lib\libctru.a(ptmsysm.o)
                0x0010e984                ptmSysmExit
 .text.PTMSYSM_ConfigureNew3DSCPU
                0x0010e9c0       0x34 C:/devkitPro/libctru/lib\libctru.a(ptmsysm.o)
                0x0010e9c0                PTMSYSM_ConfigureNew3DSCPU
 .text.buffer_read
                0x0010e9f4       0xe0 C:/devkitPro/libctru/lib\libctru.a(decompress.o)
 .text.iov_read
                0x0010ead4       0xcc C:/devkitPro/libctru/lib\libctru.a(decompress.o)
 .text.iov_memmove
                0x0010eba0      0x148 C:/devkitPro/libctru/lib\libctru.a(decompress.o)
 .text.decompress_rle
                0x0010ece8      0x1dc C:/devkitPro/libctru/lib\libctru.a(decompress.o)
 .text.decompress_lzss
                0x0010eec4      0x26c C:/devkitPro/libctru/lib\libctru.a(decompress.o)
 .text.decompress_lz11
                0x0010f130      0x42c C:/devkitPro/libctru/lib\libctru.a(decompress.o)
 .text.decompress_huff
                0x0010f55c      0x36c C:/devkitPro/libctru/lib\libctru.a(decompress.o)
 .text.decompressCallback_Stdio
                0x0010f8c8       0x10 C:/devkitPro/libctru/lib\libctru.a(decompress.o)
                0x0010f8c8                decompressCallback_Stdio
 .text.decompressHeader
                0x0010f8d8       0xe4 C:/devkitPro/libctru/lib\libctru.a(decompress.o)
                0x0010f8d8                decompressHeader
 .text.decompressV
                0x0010f9bc      0x200 C:/devkitPro/libctru/lib\libctru.a(decompress.o)
                0x0010f9bc                decompressV
 .text.rbtree_find
                0x0010fbbc       0x74 C:/devkitPro/libctru/lib\libctru.a(rbtree_find.o)
                0x0010fbbc                rbtree_find
 .text.rbtree_init
                0x0010fc30       0x10 C:/devkitPro/libctru/lib\libctru.a(rbtree_init.o)
                0x0010fc30                rbtree_init
 .text.do_insert
                0x0010fc40      0x19c C:/devkitPro/libctru/lib\libctru.a(rbtree_insert.o)
 .text.rbtree_insert
                0x0010fddc        0x8 C:/devkitPro/libctru/lib\libctru.a(rbtree_insert.o)
                0x0010fddc                rbtree_insert
 .text.rbtree_remove
                0x0010fde4      0x310 C:/devkitPro/libctru/lib\libctru.a(rbtree_remove.o)
                0x0010fde4                rbtree_remove
 .text.rbtree_rotate
                0x001100f4       0x90 C:/devkitPro/libctru/lib\libctru.a(rbtree_rotate.o)
                0x001100f4                rbtree_rotate
 .text.utf16_to_utf8
                0x00110184       0xe8 C:/devkitPro/libctru/lib\libctru.a(utf16_to_utf8.o)
                0x00110184                utf16_to_utf8
 .text.utf8_to_utf16
                0x0011026c       0xc0 C:/devkitPro/libctru/lib\libctru.a(utf8_to_utf16.o)
                0x0011026c                utf8_to_utf16
 *fill*         0x0011032c        0x4 
 .text.__system_allocateHeaps
                0x00110330      0x1e0 C:/devkitPro/libctru/lib\libctru.a(allocateHeaps.o)
                0x00110330                __system_allocateHeaps
 .text.__libctru_init
                0x00110510       0x38 C:/devkitPro/libctru/lib\libctru.a(ctru_init.o)
                0x00110510                __libctru_init
 .text.__system_initArgv
                0x00110548      0x160 C:/devkitPro/libctru/lib\libctru.a(initArgv.o)
                0x00110548                __system_initArgv
 .text.__syscall_getreent
                0x001106a8       0x30 C:/devkitPro/libctru/lib\libctru.a(syscalls.o)
                0x001106a8                __syscall_getreent
 .text.__syscall_gettod_r
                0x001106d8       0x64 C:/devkitPro/libctru/lib\libctru.a(syscalls.o)
                0x001106d8                __syscall_gettod_r
 .text.__syscall_lock_acquire
                0x0011073c        0x4 C:/devkitPro/libctru/lib\libctru.a(syscalls.o)
                0x0011073c                __syscall_lock_acquire
 .text.__syscall_lock_release
                0x00110740        0x4 C:/devkitPro/libctru/lib\libctru.a(syscalls.o)
                0x00110740                __syscall_lock_release
 .text.__syscall_lock_acquire_recursive
                0x00110744        0x4 C:/devkitPro/libctru/lib\libctru.a(syscalls.o)
                0x00110744                __syscall_lock_acquire_recursive
 .text.__syscall_lock_release_recursive
                0x00110748        0x4 C:/devkitPro/libctru/lib\libctru.a(syscalls.o)
                0x00110748                __syscall_lock_release_recursive
 .text.__syscall_exit
                0x0011074c        0x4 C:/devkitPro/libctru/lib\libctru.a(syscalls.o)
                0x0011074c                __syscall_exit
 .text.initThreadVars
                0x00110750       0x50 C:/devkitPro/libctru/lib\libctru.a(syscalls.o)
                0x00110750                initThreadVars
 .text.__system_initSyscalls
                0x001107a0       0x80 C:/devkitPro/libctru/lib\libctru.a(syscalls.o)
                0x001107a0                __system_initSyscalls
 .text.svcControlMemory
                0x00110820       0x20 C:/devkitPro/libctru/lib\libctru.a(svc.o)
                0x00110820                svcControlMemory
 .text.svcQueryMemory
                0x00110840       0x30 C:/devkitPro/libctru/lib\libctru.a(svc.o)
                0x00110840                svcQueryMemory
 .text.svcExitProcess
                0x00110870        0x8 C:/devkitPro/libctru/lib\libctru.a(svc.o)
                0x00110870                svcExitProcess
 .text.svcCreateThread
                0x00110878       0x20 C:/devkitPro/libctru/lib\libctru.a(svc.o)
                0x00110878                svcCreateThread
 .text.svcExitThread
                0x00110898        0x8 C:/devkitPro/libctru/lib\libctru.a(svc.o)
                0x00110898                svcExitThread
 .text.svcSleepThread
                0x001108a0        0x8 C:/devkitPro/libctru/lib\libctru.a(svc.o)
                0x001108a0                svcSleepThread
 .text.svcReleaseMutex
                0x001108a8        0x8 C:/devkitPro/libctru/lib\libctru.a(svc.o)
                0x001108a8                svcReleaseMutex
 .text.svcCreateEvent
                0x001108b0       0x14 C:/devkitPro/libctru/lib\libctru.a(svc.o)
                0x001108b0                svcCreateEvent
 .text.svcSignalEvent
                0x001108c4        0x8 C:/devkitPro/libctru/lib\libctru.a(svc.o)
                0x001108c4                svcSignalEvent
 .text.svcClearEvent
                0x001108cc        0x8 C:/devkitPro/libctru/lib\libctru.a(svc.o)
                0x001108cc                svcClearEvent
 .text.svcMapMemoryBlock
                0x001108d4        0x8 C:/devkitPro/libctru/lib\libctru.a(svc.o)
                0x001108d4                svcMapMemoryBlock
 .text.svcUnmapMemoryBlock
                0x001108dc        0x8 C:/devkitPro/libctru/lib\libctru.a(svc.o)
                0x001108dc                svcUnmapMemoryBlock
 .text.svcCreateAddressArbiter
                0x001108e4       0x14 C:/devkitPro/libctru/lib\libctru.a(svc.o)
                0x001108e4                svcCreateAddressArbiter
 .text.svcArbitrateAddressNoTimeout
                0x001108f8        0x8 C:/devkitPro/libctru/lib\libctru.a(svc.o)
                0x001108f8                svcArbitrateAddressNoTimeout
 .text.svcCloseHandle
                0x00110900        0x8 C:/devkitPro/libctru/lib\libctru.a(svc.o)
                0x00110900                svcCloseHandle
 .text.svcWaitSynchronization
                0x00110908        0x8 C:/devkitPro/libctru/lib\libctru.a(svc.o)
                0x00110908                svcWaitSynchronization
 .text.svcWaitSynchronizationN
                0x00110910       0x28 C:/devkitPro/libctru/lib\libctru.a(svc.o)
                0x00110910                svcWaitSynchronizationN
 .text.svcDuplicateHandle
                0x00110938       0x14 C:/devkitPro/libctru/lib\libctru.a(svc.o)
                0x00110938                svcDuplicateHandle
 .text.svcGetSystemTick
                0x0011094c        0x8 C:/devkitPro/libctru/lib\libctru.a(svc.o)
                0x0011094c                svcGetSystemTick
 .text.svcConnectToPort
                0x00110954       0x14 C:/devkitPro/libctru/lib\libctru.a(svc.o)
                0x00110954                svcConnectToPort
 .text.svcSendSyncRequest
                0x00110968        0x8 C:/devkitPro/libctru/lib\libctru.a(svc.o)
                0x00110968                svcSendSyncRequest
 .text.svcGetResourceLimit
                0x00110970       0x14 C:/devkitPro/libctru/lib\libctru.a(svc.o)
                0x00110970                svcGetResourceLimit
 .text.svcGetResourceLimitLimitValues
                0x00110984        0x8 C:/devkitPro/libctru/lib\libctru.a(svc.o)
                0x00110984                svcGetResourceLimitLimitValues
 .text.svcGetResourceLimitCurrentValues
                0x0011098c        0x8 C:/devkitPro/libctru/lib\libctru.a(svc.o)
                0x0011098c                svcGetResourceLimitCurrentValues
 .text.svcBreak
                0x00110994        0x8 C:/devkitPro/libctru/lib\libctru.a(svc.o)
                0x00110994                svcBreak
 .text.__aeabi_read_tp
                0x0011099c        0xc C:/devkitPro/libctru/lib\libctru.a(readtp.o)
                0x0011099c                __aeabi_read_tp
 .text.initSystem
                0x001109a8       0x50 C:/devkitPro/libctru/lib\libctru.a(stack_adjust.o)
                0x001109a8                initSystem
 .text.__ctru_exit
                0x001109f8       0x14 C:/devkitPro/libctru/lib\libctru.a(stack_adjust.o)
                0x001109f8                __ctru_exit
 .text.envGetHandle
                0x00110a0c       0x84 C:/devkitPro/libctru/lib\libctru.a(env.o)
                0x00110a0c                envGetHandle
 .text.envDestroyHandles
                0x00110a90       0x50 C:/devkitPro/libctru/lib\libctru.a(env.o)
                0x00110a90                envDestroyHandles
 .text.srvInit  0x00110ae0      0x12c C:/devkitPro/libctru/lib\libctru.a(srv.o)
                0x00110ae0                srvInit
 .text.srvExit  0x00110c0c       0x58 C:/devkitPro/libctru/lib\libctru.a(srv.o)
                0x00110c0c                srvExit
 .text.srvEnableNotification
                0x00110c64       0x60 C:/devkitPro/libctru/lib\libctru.a(srv.o)
                0x00110c64                srvEnableNotification
 .text.srvGetServiceHandleDirect
                0x00110cc4       0xa0 C:/devkitPro/libctru/lib\libctru.a(srv.o)
                0x00110cc4                srvGetServiceHandleDirect
 .text.srvGetServiceHandle
                0x00110d64       0x38 C:/devkitPro/libctru/lib\libctru.a(srv.o)
                0x00110d64                srvGetServiceHandle
 .text.srvSubscribe
                0x00110d9c       0x34 C:/devkitPro/libctru/lib\libctru.a(srv.o)
                0x00110d9c                srvSubscribe
 .text.srvReceiveNotification
                0x00110dd0       0x60 C:/devkitPro/libctru/lib\libctru.a(srv.o)
                0x00110dd0                srvReceiveNotification
 .text.srvPublishToSubscriber
                0x00110e30       0x38 C:/devkitPro/libctru/lib\libctru.a(srv.o)
                0x00110e30                srvPublishToSubscriber
 .text.__sync_init
                0x00110e68        0xc C:/devkitPro/libctru/lib\libctru.a(synchronization.o)
                0x00110e68                __sync_init
 .text.__sync_fini
                0x00110e74       0x18 C:/devkitPro/libctru/lib\libctru.a(synchronization.o)
                0x00110e74                __sync_fini
 .text.syncArbitrateAddress
                0x00110e8c       0x2c C:/devkitPro/libctru/lib\libctru.a(synchronization.o)
                0x00110e8c                syncArbitrateAddress
 .text.LightLock_Lock
                0x00110eb8       0xb0 C:/devkitPro/libctru/lib\libctru.a(synchronization.o)
                0x00110eb8                LightLock_Lock
 .text.LightLock_Unlock
                0x00110f68       0x40 C:/devkitPro/libctru/lib\libctru.a(synchronization.o)
                0x00110f68                LightLock_Unlock
 .text.RecursiveLock_Lock
                0x00110fa8       0x30 C:/devkitPro/libctru/lib\libctru.a(synchronization.o)
                0x00110fa8                RecursiveLock_Lock
 .text.RecursiveLock_Unlock
                0x00110fd8       0x54 C:/devkitPro/libctru/lib\libctru.a(synchronization.o)
                0x00110fd8                RecursiveLock_Unlock
 .text.LightEvent_Init
                0x0011102c       0x40 C:/devkitPro/libctru/lib\libctru.a(synchronization.o)
                0x0011102c                LightEvent_Init
 .text.LightEvent_Clear
                0x0011106c       0xa4 C:/devkitPro/libctru/lib\libctru.a(synchronization.o)
                0x0011106c                LightEvent_Clear
 .text.LightEvent_Signal
                0x00111110       0xc8 C:/devkitPro/libctru/lib\libctru.a(synchronization.o)
                0x00111110                LightEvent_Signal
 .text.LightEvent_TryWait
                0x001111d8       0x50 C:/devkitPro/libctru/lib\libctru.a(synchronization.o)
                0x001111d8                LightEvent_TryWait
 .text.LightEvent_Wait
                0x00111228       0xa0 C:/devkitPro/libctru/lib\libctru.a(synchronization.o)
                0x00111228                LightEvent_Wait
 .text.threadCreate
                0x001112c8      0x1d4 C:/devkitPro/libctru/lib\libctru.a(thread.o)
                0x001112c8                threadCreate
 .text.threadFree
                0x0011149c       0x2c C:/devkitPro/libctru/lib\libctru.a(thread.o)
                0x0011149c                threadFree
 .text.threadJoin
                0x001114c8       0x24 C:/devkitPro/libctru/lib\libctru.a(thread.o)
                0x001114c8                threadJoin
 .text.threadGetCurrent
                0x001114ec       0x30 C:/devkitPro/libctru/lib\libctru.a(thread.o)
                0x001114ec                threadGetCurrent
 .text.threadExit
                0x0011151c       0x40 C:/devkitPro/libctru/lib\libctru.a(thread.o)
                0x0011151c                threadExit
 .text._thread_begin
                0x0011155c       0x20 C:/devkitPro/libctru/lib\libctru.a(thread.o)
 .text.mappableFindAddressWithin
                0x0011157c       0x90 C:/devkitPro/libctru/lib\libctru.a(mappable.o)
 .text.mappableInit
                0x0011160c       0x28 C:/devkitPro/libctru/lib\libctru.a(mappable.o)
                0x0011160c                mappableInit
 .text.mappableAlloc
                0x00111634       0x80 C:/devkitPro/libctru/lib\libctru.a(mappable.o)
                0x00111634                mappableAlloc
 .text.mappableFree
                0x001116b4        0x4 C:/devkitPro/libctru/lib\libctru.a(mappable.o)
                0x001116b4                mappableFree
 .text.srvPmGetSessionHandle
                0x001116b8        0xc C:/devkitPro/libctru/lib\libctru.a(srvpm.o)
                0x001116b8                srvPmGetSessionHandle
 .text.rbtree_node_next
                0x001116c4       0x5c C:/devkitPro/libctru/lib\libctru.a(rbtree_iterator.o)
                0x001116c4                rbtree_node_next
 .text.decode_utf16
                0x00111720       0x64 C:/devkitPro/libctru/lib\libctru.a(decode_utf16.o)
                0x00111720                decode_utf16
 .text.decode_utf8
                0x00111784      0x13c C:/devkitPro/libctru/lib\libctru.a(decode_utf8.o)
                0x00111784                decode_utf8
 .text.encode_utf16
                0x001118c0       0x54 C:/devkitPro/libctru/lib\libctru.a(encode_utf16.o)
                0x001118c0                encode_utf16
 .text.encode_utf8
                0x00111914       0xe0 C:/devkitPro/libctru/lib\libctru.a(encode_utf8.o)
                0x00111914                encode_utf8
 .text.__appExit
                0x001119f4       0x30 C:/devkitPro/libctru/lib\libctru.a(appExit.o)
                0x001119f4                __appExit
 .text.__appInit
                0x00111a24       0x30 C:/devkitPro/libctru/lib\libctru.a(appInit.o)
                0x00111a24                __appInit
 .text.__libctru_exit
                0x00111a54       0x90 C:/devkitPro/libctru/lib\libctru.a(ctru_exit.o)
                0x00111a54                __libctru_exit
 .text.archive_link
                0x00111ae4       0x14 C:/devkitPro/libctru/lib\libctru.a(archive_dev.o)
 .text.archive_dirreset
                0x00111af8       0x14 C:/devkitPro/libctru/lib\libctru.a(archive_dev.o)
 .text.archive_chmod
                0x00111b0c       0x14 C:/devkitPro/libctru/lib\libctru.a(archive_dev.o)
 .text.error_cmp
                0x00111b20       0x24 C:/devkitPro/libctru/lib\libctru.a(archive_dev.o)
 .text.archive_translate_error
                0x00111b44       0x50 C:/devkitPro/libctru/lib\libctru.a(archive_dev.o)
 .text.archive_seek
                0x00111b94       0xc4 C:/devkitPro/libctru/lib\libctru.a(archive_dev.o)
 .text._archiveInit.part.0
                0x00111c58       0x78 C:/devkitPro/libctru/lib\libctru.a(archive_dev.o)
 .text.archiveFindDevice.part.0
                0x00111cd0       0xc4 C:/devkitPro/libctru/lib\libctru.a(archive_dev.o)
 .text.archive_utf16path
                0x00111d94      0x290 C:/devkitPro/libctru/lib\libctru.a(archive_dev.o)
 .text._archiveUnmountDeviceStruct.part.0
                0x00112024       0x9c C:/devkitPro/libctru/lib\libctru.a(archive_dev.o)
 .text.archive_statvfs
                0x001120c0       0x14 C:/devkitPro/libctru/lib\libctru.a(archive_dev.o)
 .text.archive_fchmod
                0x001120d4       0x14 C:/devkitPro/libctru/lib\libctru.a(archive_dev.o)
 .text._archiveMountDevice
                0x001120e8      0x168 C:/devkitPro/libctru/lib\libctru.a(archive_dev.o)
 .text.archive_diropen
                0x00112250       0xe8 C:/devkitPro/libctru/lib\libctru.a(archive_dev.o)
 .text.archive_fstat
                0x00112338       0xa4 C:/devkitPro/libctru/lib\libctru.a(archive_dev.o)
 .text.archive_fsync
                0x001123dc       0x6c C:/devkitPro/libctru/lib\libctru.a(archive_dev.o)
 .text.archive_close
                0x00112448       0x6c C:/devkitPro/libctru/lib\libctru.a(archive_dev.o)
 .text.archive_dirclose
                0x001124b4       0x70 C:/devkitPro/libctru/lib\libctru.a(archive_dev.o)
 .text.sdmc_statvfs
                0x00112524       0xe4 C:/devkitPro/libctru/lib\libctru.a(archive_dev.o)
 .text.archive_chdir
                0x00112608       0xec C:/devkitPro/libctru/lib\libctru.a(archive_dev.o)
 .text.archive_ftruncate
                0x001126f4       0x7c C:/devkitPro/libctru/lib\libctru.a(archive_dev.o)
 .text.archive_read
                0x00112770       0xac C:/devkitPro/libctru/lib\libctru.a(archive_dev.o)
 .text.archive_unlink
                0x0011281c       0xa4 C:/devkitPro/libctru/lib\libctru.a(archive_dev.o)
 .text.archive_rmdir
                0x001128c0       0xbc C:/devkitPro/libctru/lib\libctru.a(archive_dev.o)
 .text.archive_mkdir
                0x0011297c       0xdc C:/devkitPro/libctru/lib\libctru.a(archive_dev.o)
 .text.archive_stat
                0x00112a58      0x194 C:/devkitPro/libctru/lib\libctru.a(archive_dev.o)
 .text.archive_dirnext
                0x00112bec      0x15c C:/devkitPro/libctru/lib\libctru.a(archive_dev.o)
 .text.archive_write
                0x00112d48      0x124 C:/devkitPro/libctru/lib\libctru.a(archive_dev.o)
 *fill*         0x00112e6c        0x4 
 .text.archive_open
                0x00112e70      0x210 C:/devkitPro/libctru/lib\libctru.a(archive_dev.o)
 .text.archive_rename
                0x00113080      0x268 C:/devkitPro/libctru/lib\libctru.a(archive_dev.o)
 .text.archiveMountSdmc
                0x001132e8      0x19c C:/devkitPro/libctru/lib\libctru.a(archive_dev.o)
                0x001132e8                archiveMountSdmc
 .text.archiveUnmountAll
                0x00113484       0x54 C:/devkitPro/libctru/lib\libctru.a(archive_dev.o)
                0x00113484                archiveUnmountAll
 .text.sinf     0x001134d8      0x25c C:/devkitPro/devkitARM/bin/../lib/gcc/arm-none-eabi/14.2.0/../../../../arm-none-eabi/lib/armv6k/fpu\libm.a(libm_a-sinf.o)
                0x001134d8                sinf
 .text.with_errnof
                0x00113734       0x24 C:/devkitPro/devkitARM/bin/../lib/gcc/arm-none-eabi/14.2.0/../../../../arm-none-eabi/lib/armv6k/fpu\libm.a(libm_a-math_errf.o)
 .text.__math_invalidf
                0x00113758       0x1c C:/devkitPro/devkitARM/bin/../lib/gcc/arm-none-eabi/14.2.0/../../../../arm-none-eabi/lib/armv6k/fpu\libm.a(libm_a-math_errf.o)
                0x00113758                __math_invalidf
 *fill*         0x00113774        0x4 
 .text.cosf     0x00113778      0x21c C:/devkitPro/devkitARM/bin/../lib/gcc/arm-none-eabi/14.2.0/../../../../arm-none-eabi/lib/armv6k/fpu\libm.a(libm_a-cosf.o)
                0x00113778                cosf
 .text.__udivmoddi4
                0x00113994      0x120 C:/devkitPro/devkitARM/bin/../lib/gcc/arm-none-eabi/14.2.0/armv6k/fpu\libgcc.a(_udivmoddi4.o)
                0x00113994                __udivmoddi4
 .text.strncmp  0x00113ab4       0xd8 C:/devkitPro/devkitARM/bin/../lib/gcc/arm-none-eabi/14.2.0/../../../../arm-none-eabi/lib/armv6k/fpu\libg.a(libc_a-strncmp.o)
                0x00113ab4                strncmp
 .text.strchr   0x00113b8c      0x130 C:/devkitPro/devkitARM/bin/../lib/gcc/arm-none-eabi/14.2.0/../../../../arm-none-eabi/lib/armv6k/fpu\libg.a(libc_a-strchr.o)
                0x00113b8c                strchr
 .text.srand    0x00113cbc       0x1c C:/devkitPro/devkitARM/bin/../lib/gcc/arm-none-eabi/14.2.0/../../../../arm-none-eabi/lib/armv6k/fpu\libg.a(libc_a-rand.o)
                0x00113cbc                srand
 .text.rand     0x00113cd8       0x44 C:/devkitPro/devkitARM/bin/../lib/gcc/arm-none-eabi/14.2.0/../../../../arm-none-eabi/lib/armv6k/fpu\libg.a(libc_a-rand.o)
                0x00113cd8                rand
 .text.strlen   0x00113d1c       0x5c C:/devkitPro/devkitARM/bin/../lib/gcc/arm-none-eabi/14.2.0/../../../../arm-none-eabi/lib/armv6k/fpu\libg.a(libc_a-strlen-stub.o)
                0x00113d1c                strlen
 .text.memmove  0x00113d78      0x160 C:/devkitPro/devkitARM/bin/../lib/gcc/arm-none-eabi/14.2.0/../../../../arm-none-eabi/lib/armv6k/fpu\libg.a(libc_a-memmove.o)
                0x00113d78                memmove
 .text.memcmp   0x00113ed8       0xd4 C:/devkitPro/devkitARM/bin/../lib/gcc/arm-none-eabi/14.2.0/../../../../arm-none-eabi/lib/armv6k/fpu\libg.a(libc_a-memcmp.o)
                0x00113ed8                memcmp
 .text._strtoul_l.isra.0
                0x00113fac      0x1e4 C:/devkitPro/devkitARM/bin/../lib/gcc/arm-none-eabi/14.2.0/../../../../arm-none-eabi/lib/armv6k/fpu\libg.a(libc_a-strtoul.o)
 .text.strtoul  0x00114190       0x34 C:/devkitPro/devkitARM/bin/../lib/gcc/arm-none-eabi/14.2.0/../../../../arm-none-eabi/lib/armv6k/fpu\libg.a(libc_a-strtoul.o)
                0x00114190                strtoul
 .text.strncat  0x001141c4       0xe4 C:/devkitPro/devkitARM/bin/../lib/gcc/arm-none-eabi/14.2.0/../../../../arm-none-eabi/lib/armv6k/fpu\libg.a(libc_a-strncat.o)
                0x001141c4                strncat
 .text.bsearch  0x001142a8       0x78 C:/devkitPro/devkitARM/bin/../lib/gcc/arm-none-eabi/14.2.0/../../../../arm-none-eabi/lib/armv6k/fpu\libg.a(libc_a-bsearch.o)
                0x001142a8                bsearch
 .text._fread_r
                0x00114320      0x344 C:/devkitPro/devkitARM/bin/../lib/gcc/arm-none-eabi/14.2.0/../../../../arm-none-eabi/lib/armv6k/fpu\libg.a(libc_a-fread.o)
                0x00114320                _fread_r
 .text.fread    0x00114664       0x38 C:/devkitPro/devkitARM/bin/../lib/gcc/arm-none-eabi/14.2.0/../../../../arm-none-eabi/lib/armv6k/fpu\libg.a(libc_a-fread.o)
                0x00114664                fread
 .text.calloc   0x0011469c       0x20 C:/devkitPro/devkitARM/bin/../lib/gcc/arm-none-eabi/14.2.0/../../../../arm-none-eabi/lib/armv6k/fpu\libg.a(libc_a-calloc.o)
                0x0011469c                calloc
 .text.lflush   0x001146bc       0x38 C:/devkitPro/devkitARM/bin/../lib/gcc/arm-none-eabi/14.2.0/../../../../arm-none-eabi/lib/armv6k/fpu\libg.a(libc_a-refill.o)
 .text.__srefill_r
                0x001146f4      0x19c C:/devkitPro/devkitARM/bin/../lib/gcc/arm-none-eabi/14.2.0/../../../../arm-none-eabi/lib/armv6k/fpu\libg.a(libc_a-refill.o)
                0x001146f4                __srefill_r
 .text._fclose_r
                0x00114890      0x148 C:/devkitPro/devkitARM/bin/../lib/gcc/arm-none-eabi/14.2.0/../../../../arm-none-eabi/lib/armv6k/fpu\libg.a(libc_a-fclose.o)
                0x00114890                _fclose_r
 .text.fclose   0x001149d8       0x18 C:/devkitPro/devkitARM/bin/../lib/gcc/arm-none-eabi/14.2.0/../../../../arm-none-eabi/lib/armv6k/fpu\libg.a(libc_a-fclose.o)
                0x001149d8                fclose
 .text._calloc_r
                0x001149f0       0xc0 C:/devkitPro/devkitARM/bin/../lib/gcc/arm-none-eabi/14.2.0/../../../../arm-none-eabi/lib/armv6k/fpu\libg.a(libc_a-callocr.o)
                0x001149f0                _calloc_r
 .text.__smakebuf_r
                0x00114ab0      0x144 C:/devkitPro/devkitARM/bin/../lib/gcc/arm-none-eabi/14.2.0/../../../../arm-none-eabi/lib/armv6k/fpu\libg.a(libc_a-makebuf.o)
                0x00114ab0                __smakebuf_r
 .text.__swhatbuf_r
                0x00114bf4       0x8c C:/devkitPro/devkitARM/bin/../lib/gcc/arm-none-eabi/14.2.0/../../../../arm-none-eabi/lib/armv6k/fpu\libg.a(libc_a-makebuf.o)
                0x00114bf4                __swhatbuf_r
 .text.memalign
                0x00114c80       0x20 C:/devkitPro/devkitARM/bin/../lib/gcc/arm-none-eabi/14.2.0/../../../../arm-none-eabi/lib/armv6k/fpu\libg.a(libc_a-malign.o)
                0x00114c80                memalign
 .text.stdio_exit_handler
                0x00114ca0       0x1c C:/devkitPro/devkitARM/bin/../lib/gcc/arm-none-eabi/14.2.0/../../../../arm-none-eabi/lib/armv6k/fpu\libg.a(libc_a-findfp.o)
 .text.cleanup_stdio
                0x00114cbc       0x5c C:/devkitPro/devkitARM/bin/../lib/gcc/arm-none-eabi/14.2.0/../../../../arm-none-eabi/lib/armv6k/fpu\libg.a(libc_a-findfp.o)
 .text.global_stdio_init.part.0
                0x00114d18      0x154 C:/devkitPro/devkitARM/bin/../lib/gcc/arm-none-eabi/14.2.0/../../../../arm-none-eabi/lib/armv6k/fpu\libg.a(libc_a-findfp.o)
 .text.__sfp    0x00114e6c      0x134 C:/devkitPro/devkitARM/bin/../lib/gcc/arm-none-eabi/14.2.0/../../../../arm-none-eabi/lib/armv6k/fpu\libg.a(libc_a-findfp.o)
                0x00114e6c                __sfp
 .text.__sinit  0x00114fa0       0x5c C:/devkitPro/devkitARM/bin/../lib/gcc/arm-none-eabi/14.2.0/../../../../arm-none-eabi/lib/armv6k/fpu\libg.a(libc_a-findfp.o)
                0x00114fa0                __sinit
 .text.__sfp_lock_acquire
                0x00114ffc        0xc C:/devkitPro/devkitARM/bin/../lib/gcc/arm-none-eabi/14.2.0/../../../../arm-none-eabi/lib/armv6k/fpu\libg.a(libc_a-findfp.o)
                0x00114ffc                __sfp_lock_acquire
 .text.__sfp_lock_release
                0x00115008        0xc C:/devkitPro/devkitARM/bin/../lib/gcc/arm-none-eabi/14.2.0/../../../../arm-none-eabi/lib/armv6k/fpu\libg.a(libc_a-findfp.o)
                0x00115008                __sfp_lock_release
 .text._malloc_r
                0x00115014      0x7e8 C:/devkitPro/devkitARM/bin/../lib/gcc/arm-none-eabi/14.2.0/../../../../arm-none-eabi/lib/armv6k/fpu\libg.a(libc_a-mallocr.o)
                0x00115014                _malloc_r
 .text._malloc_trim_r
                0x001157fc       0xf8 C:/devkitPro/devkitARM/bin/../lib/gcc/arm-none-eabi/14.2.0/../../../../arm-none-eabi/lib/armv6k/fpu\libg.a(libc_a-freer.o)
                0x001157fc                _malloc_trim_r
 .text._free_r  0x001158f4      0x300 C:/devkitPro/devkitARM/bin/../lib/gcc/arm-none-eabi/14.2.0/../../../../arm-none-eabi/lib/armv6k/fpu\libg.a(libc_a-freer.o)
                0x001158f4                _free_r
 .text.setvbuf  0x00115bf4      0x294 C:/devkitPro/devkitARM/bin/../lib/gcc/arm-none-eabi/14.2.0/../../../../arm-none-eabi/lib/armv6k/fpu\libg.a(libc_a-setvbuf.o)
                0x00115bf4                setvbuf
 .text.strnlen  0x00115e88       0x4c C:/devkitPro/devkitARM/bin/../lib/gcc/arm-none-eabi/14.2.0/../../../../arm-none-eabi/lib/armv6k/fpu\libg.a(libc_a-strnlen.o)
                0x00115e88                strnlen
 .text.__errno  0x00115ed4        0xc C:/devkitPro/devkitARM/bin/../lib/gcc/arm-none-eabi/14.2.0/../../../../arm-none-eabi/lib/armv6k/fpu\libg.a(libc_a-errno.o)
                0x00115ed4                __errno
 .text.malloc   0x00115ee0       0x34 C:/devkitPro/devkitARM/bin/../lib/gcc/arm-none-eabi/14.2.0/../../../../arm-none-eabi/lib/armv6k/fpu\libg.a(libc_a-malloc.o)
                0x00115ee0                malloc
 .text.free     0x00115f14       0x18 C:/devkitPro/devkitARM/bin/../lib/gcc/arm-none-eabi/14.2.0/../../../../arm-none-eabi/lib/armv6k/fpu\libg.a(libc_a-malloc.o)
                0x00115f14                free
 .text.memcpy   0x00115f2c      0x130 C:/devkitPro/devkitARM/bin/../lib/gcc/arm-none-eabi/14.2.0/../../../../arm-none-eabi/lib/armv6k/fpu\libg.a(libc_a-memcpy-stub.o)
                0x00115f2c                memcpy
 .text.printf   0x0011605c       0x34 C:/devkitPro/devkitARM/bin/../lib/gcc/arm-none-eabi/14.2.0/../../../../arm-none-eabi/lib/armv6k/fpu\libg.a(libc_a-printf.o)
                0x0011605c                printf
 .text._fopen_r
                0x00116090      0x134 C:/devkitPro/devkitARM/bin/../lib/gcc/arm-none-eabi/14.2.0/../../../../arm-none-eabi/lib/armv6k/fpu\libg.a(libc_a-fopen.o)
                0x00116090                _fopen_r
 .text.fopen    0x001161c4       0x20 C:/devkitPro/devkitARM/bin/../lib/gcc/arm-none-eabi/14.2.0/../../../../arm-none-eabi/lib/armv6k/fpu\libg.a(libc_a-fopen.o)
                0x001161c4                fopen
 .text.time     0x001161e4       0x4c C:/devkitPro/devkitARM/bin/../lib/gcc/arm-none-eabi/14.2.0/../../../../arm-none-eabi/lib/armv6k/fpu\libg.a(libc_a-time.o)
                0x001161e4                time
 .text.memset   0x00116230       0xe8 C:/devkitPro/devkitARM/bin/../lib/gcc/arm-none-eabi/14.2.0/../../../../arm-none-eabi/lib/armv6k/fpu\libg.a(libc_a-memset.o)
                0x00116230                memset
 .text._fwalk_sglue
                0x00116318       0x70 C:/devkitPro/devkitARM/bin/../lib/gcc/arm-none-eabi/14.2.0/../../../../arm-none-eabi/lib/armv6k/fpu\libg.a(libc_a-fwalk.o)
                0x00116318                _fwalk_sglue
 .text.__malloc_lock
                0x00116388        0xc C:/devkitPro/devkitARM/bin/../lib/gcc/arm-none-eabi/14.2.0/../../../../arm-none-eabi/lib/armv6k/fpu\libg.a(libc_a-mlock.o)
                0x00116388                __malloc_lock
 .text.__malloc_unlock
                0x00116394        0xc C:/devkitPro/devkitARM/bin/../lib/gcc/arm-none-eabi/14.2.0/../../../../arm-none-eabi/lib/armv6k/fpu\libg.a(libc_a-mlock.o)
                0x00116394                __malloc_unlock
 .text.__call_exitprocs
                0x001163a0        0x4 C:/devkitPro/devkitARM/bin/../lib/gcc/arm-none-eabi/14.2.0/../../../../arm-none-eabi/lib/armv6k/fpu\libg.a(libc_a-exit.o)
                0x001163a0                __call_exitprocs
 .text.exit     0x001163a4       0x30 C:/devkitPro/devkitARM/bin/../lib/gcc/arm-none-eabi/14.2.0/../../../../arm-none-eabi/lib/armv6k/fpu\libg.a(libc_a-exit.o)
                0x001163a4                exit
 .text._fseek_r
                0x001163d4       0x1c C:/devkitPro/devkitARM/bin/../lib/gcc/arm-none-eabi/14.2.0/../../../../arm-none-eabi/lib/armv6k/fpu\libg.a(libc_a-fseek.o)
                0x001163d4                _fseek_r
 .text.strncpy  0x001163f0       0xc4 C:/devkitPro/devkitARM/bin/../lib/gcc/arm-none-eabi/14.2.0/../../../../arm-none-eabi/lib/armv6k/fpu\libg.a(libc_a-strncpy.o)
                0x001163f0                strncpy
 .text.__sflags
                0x001164b4       0xb4 C:/devkitPro/devkitARM/bin/../lib/gcc/arm-none-eabi/14.2.0/../../../../arm-none-eabi/lib/armv6k/fpu\libg.a(libc_a-flags.o)
                0x001164b4                __sflags
 .text.__libc_init_array
                0x00116568       0x84 C:/devkitPro/devkitARM/bin/../lib/gcc/arm-none-eabi/14.2.0/../../../../arm-none-eabi/lib/armv6k/fpu\libg.a(libc_a-init.o)
                0x00116568                __libc_init_array
 .text.__sflush_r
                0x001165ec      0x228 C:/devkitPro/devkitARM/bin/../lib/gcc/arm-none-eabi/14.2.0/../../../../arm-none-eabi/lib/armv6k/fpu\libg.a(libc_a-fflush.o)
                0x001165ec                __sflush_r
 .text._fflush_r
                0x00116814       0x94 C:/devkitPro/devkitARM/bin/../lib/gcc/arm-none-eabi/14.2.0/../../../../arm-none-eabi/lib/armv6k/fpu\libg.a(libc_a-fflush.o)
                0x00116814                _fflush_r
 .text._memalign_r
                0x001168a8      0x150 C:/devkitPro/devkitARM/bin/../lib/gcc/arm-none-eabi/14.2.0/../../../../arm-none-eabi/lib/armv6k/fpu\libg.a(libc_a-malignr.o)
                0x001168a8                _memalign_r
 .text.__libc_fini_array
                0x001169f8       0x3c C:/devkitPro/devkitARM/bin/../lib/gcc/arm-none-eabi/14.2.0/../../../../arm-none-eabi/lib/armv6k/fpu\libg.a(libc_a-fini.o)
                0x001169f8                __libc_fini_array
 .text._fseeko_r
                0x00116a34      0x58c C:/devkitPro/devkitARM/bin/../lib/gcc/arm-none-eabi/14.2.0/../../../../arm-none-eabi/lib/armv6k/fpu\libg.a(libc_a-fseeko.o)
                0x00116a34                _fseeko_r
 .text.__sread  0x00116fc0       0x44 C:/devkitPro/devkitARM/bin/../lib/gcc/arm-none-eabi/14.2.0/../../../../arm-none-eabi/lib/armv6k/fpu\libg.a(libc_a-stdio.o)
                0x00116fc0                __sread
 .text.__swrite
                0x00117004       0x68 C:/devkitPro/devkitARM/bin/../lib/gcc/arm-none-eabi/14.2.0/../../../../arm-none-eabi/lib/armv6k/fpu\libg.a(libc_a-stdio.o)
                0x00117004                __swrite
 .text.__sseek  0x0011706c       0x40 C:/devkitPro/devkitARM/bin/../lib/gcc/arm-none-eabi/14.2.0/../../../../arm-none-eabi/lib/armv6k/fpu\libg.a(libc_a-stdio.o)
                0x0011706c                __sseek
 .text.__sclose
                0x001170ac        0x8 C:/devkitPro/devkitARM/bin/../lib/gcc/arm-none-eabi/14.2.0/../../../../arm-none-eabi/lib/armv6k/fpu\libg.a(libc_a-stdio.o)
                0x001170ac                __sclose
 .text.get_arg  0x001170b4      0x5e4 C:/devkitPro/devkitARM/bin/../lib/gcc/arm-none-eabi/14.2.0/../../../../arm-none-eabi/lib/armv6k/fpu\libg.a(libc_a-vfprintf.o)
 .text._vfprintf_r
                0x00117698     0x342c C:/devkitPro/devkitARM/bin/../lib/gcc/arm-none-eabi/14.2.0/../../../../arm-none-eabi/lib/armv6k/fpu\libg.a(libc_a-vfprintf.o)
                0x00117698                _vfprintf_r
 .text.__sbprintf
                0x0011aac4       0xb8 C:/devkitPro/devkitARM/bin/../lib/gcc/arm-none-eabi/14.2.0/../../../../arm-none-eabi/lib/armv6k/fpu\libg.a(libc_a-vfprintf.o)
 .text.quorem   0x0011ab7c      0x1b4 C:/devkitPro/devkitARM/bin/../lib/gcc/arm-none-eabi/14.2.0/../../../../arm-none-eabi/lib/armv6k/fpu\libg.a(libc_a-dtoa.o)
 .text._dtoa_r  0x0011ad30     0x1370 C:/devkitPro/devkitARM/bin/../lib/gcc/arm-none-eabi/14.2.0/../../../../arm-none-eabi/lib/armv6k/fpu\libg.a(libc_a-dtoa.o)
                0x0011ad30                _dtoa_r
 .text._wcrtomb_r
                0x0011c0a0       0xa0 C:/devkitPro/devkitARM/bin/../lib/gcc/arm-none-eabi/14.2.0/../../../../arm-none-eabi/lib/armv6k/fpu\libg.a(libc_a-wcrtomb.o)
                0x0011c0a0                _wcrtomb_r
 .text._wcsrtombs_r
                0x0011c140       0x28 C:/devkitPro/devkitARM/bin/../lib/gcc/arm-none-eabi/14.2.0/../../../../arm-none-eabi/lib/armv6k/fpu\libg.a(libc_a-wcsrtombs.o)
                0x0011c140                _wcsrtombs_r
 .text.__swsetup_r
                0x0011c168      0x194 C:/devkitPro/devkitARM/bin/../lib/gcc/arm-none-eabi/14.2.0/../../../../arm-none-eabi/lib/armv6k/fpu\libg.a(libc_a-wsetup.o)
                0x0011c168                __swsetup_r
 *fill*         0x0011c2fc        0x4 
 .text.frexp    0x0011c300       0x88 C:/devkitPro/devkitARM/bin/../lib/gcc/arm-none-eabi/14.2.0/../../../../arm-none-eabi/lib/armv6k/fpu\libg.a(libm_a-s_frexp.o)
                0x0011c300                frexp
 .text.__assert_func
                0x0011c388       0x5c C:/devkitPro/devkitARM/bin/../lib/gcc/arm-none-eabi/14.2.0/../../../../arm-none-eabi/lib/armv6k/fpu\libg.a(libc_a-assert.o)
                0x0011c388                __assert_func
 .text._Balloc  0x0011c3e4       0x88 C:/devkitPro/devkitARM/bin/../lib/gcc/arm-none-eabi/14.2.0/../../../../arm-none-eabi/lib/armv6k/fpu\libg.a(libc_a-mprec.o)
                0x0011c3e4                _Balloc
 .text._Bfree   0x0011c46c       0x1c C:/devkitPro/devkitARM/bin/../lib/gcc/arm-none-eabi/14.2.0/../../../../arm-none-eabi/lib/armv6k/fpu\libg.a(libc_a-mprec.o)
                0x0011c46c                _Bfree
 .text.__multadd
                0x0011c488       0xf4 C:/devkitPro/devkitARM/bin/../lib/gcc/arm-none-eabi/14.2.0/../../../../arm-none-eabi/lib/armv6k/fpu\libg.a(libc_a-mprec.o)
                0x0011c488                __multadd
 .text.__hi0bits
                0x0011c57c       0x80 C:/devkitPro/devkitARM/bin/../lib/gcc/arm-none-eabi/14.2.0/../../../../arm-none-eabi/lib/armv6k/fpu\libg.a(libc_a-mprec.o)
                0x0011c57c                __hi0bits
 .text.__lo0bits
                0x0011c5fc       0xf4 C:/devkitPro/devkitARM/bin/../lib/gcc/arm-none-eabi/14.2.0/../../../../arm-none-eabi/lib/armv6k/fpu\libg.a(libc_a-mprec.o)
                0x0011c5fc                __lo0bits
 .text.__i2b    0x0011c6f0       0xa4 C:/devkitPro/devkitARM/bin/../lib/gcc/arm-none-eabi/14.2.0/../../../../arm-none-eabi/lib/armv6k/fpu\libg.a(libc_a-mprec.o)
                0x0011c6f0                __i2b
 .text.__multiply
                0x0011c794      0x208 C:/devkitPro/devkitARM/bin/../lib/gcc/arm-none-eabi/14.2.0/../../../../arm-none-eabi/lib/armv6k/fpu\libg.a(libc_a-mprec.o)
                0x0011c794                __multiply
 .text.__pow5mult
                0x0011c99c      0x130 C:/devkitPro/devkitARM/bin/../lib/gcc/arm-none-eabi/14.2.0/../../../../arm-none-eabi/lib/armv6k/fpu\libg.a(libc_a-mprec.o)
                0x0011c99c                __pow5mult
 .text.__lshift
                0x0011cacc      0x138 C:/devkitPro/devkitARM/bin/../lib/gcc/arm-none-eabi/14.2.0/../../../../arm-none-eabi/lib/armv6k/fpu\libg.a(libc_a-mprec.o)
                0x0011cacc                __lshift
 .text.__mcmp   0x0011cc04       0x58 C:/devkitPro/devkitARM/bin/../lib/gcc/arm-none-eabi/14.2.0/../../../../arm-none-eabi/lib/armv6k/fpu\libg.a(libc_a-mprec.o)
                0x0011cc04                __mcmp
 .text.__mdiff  0x0011cc5c      0x1f0 C:/devkitPro/devkitARM/bin/../lib/gcc/arm-none-eabi/14.2.0/../../../../arm-none-eabi/lib/armv6k/fpu\libg.a(libc_a-mprec.o)
                0x0011cc5c                __mdiff
 .text.__d2b    0x0011ce4c      0x120 C:/devkitPro/devkitARM/bin/../lib/gcc/arm-none-eabi/14.2.0/../../../../arm-none-eabi/lib/armv6k/fpu\libg.a(libc_a-mprec.o)
                0x0011ce4c                __d2b
 .text.__locale_mb_cur_max
                0x0011cf6c       0x24 C:/devkitPro/devkitARM/bin/../lib/gcc/arm-none-eabi/14.2.0/../../../../arm-none-eabi/lib/armv6k/fpu\libg.a(libc_a-locale.o)
                0x0011cf6c                __locale_mb_cur_max
 .text.fiprintf
                0x0011cf90       0x3c C:/devkitPro/devkitARM/bin/../lib/gcc/arm-none-eabi/14.2.0/../../../../arm-none-eabi/lib/armv6k/fpu\libg.a(libc_a-fiprintf.o)
                0x0011cf90                fiprintf
 .text.memchr   0x0011cfcc       0xe0 C:/devkitPro/devkitARM/bin/../lib/gcc/arm-none-eabi/14.2.0/../../../../arm-none-eabi/lib/armv6k/fpu\libg.a(libc_a-memchr-stub.o)
                0x0011cfcc                memchr
 .text._wcsnrtombs_l
                0x0011d0ac      0x160 C:/devkitPro/devkitARM/bin/../lib/gcc/arm-none-eabi/14.2.0/../../../../arm-none-eabi/lib/armv6k/fpu\libg.a(libc_a-wcsnrtombs.o)
                0x0011d0ac                _wcsnrtombs_l
 .text._wcsnrtombs_r
                0x0011d20c       0x64 C:/devkitPro/devkitARM/bin/../lib/gcc/arm-none-eabi/14.2.0/../../../../arm-none-eabi/lib/armv6k/fpu\libg.a(libc_a-wcsnrtombs.o)
                0x0011d20c                _wcsnrtombs_r
 .text.__utf8_mbtowc
                0x0011d270      0x324 C:/devkitPro/devkitARM/bin/../lib/gcc/arm-none-eabi/14.2.0/../../../../arm-none-eabi/lib/armv6k/fpu\libg.a(libc_a-mbtowc_r.o)
                0x0011d270                __utf8_mbtowc
 .text.__sprint_r
                0x0011d594       0x30 C:/devkitPro/devkitARM/bin/../lib/gcc/arm-none-eabi/14.2.0/../../../../arm-none-eabi/lib/armv6k/fpu\libg.a(libc_a-sprint_r.o)
                0x0011d594                __sprint_r
 .text.abort    0x0011d5c4       0x14 C:/devkitPro/devkitARM/bin/../lib/gcc/arm-none-eabi/14.2.0/../../../../arm-none-eabi/lib/armv6k/fpu\libg.a(libc_a-abort.o)
                0x0011d5c4                abort
 .text._localeconv_r
                0x0011d5d8       0x24 C:/devkitPro/devkitARM/bin/../lib/gcc/arm-none-eabi/14.2.0/../../../../arm-none-eabi/lib/armv6k/fpu\libg.a(libc_a-localeconv.o)
                0x0011d5d8                _localeconv_r
 .text.__utf8_wctomb
                0x0011d5fc       0xf0 C:/devkitPro/devkitARM/bin/../lib/gcc/arm-none-eabi/14.2.0/../../../../arm-none-eabi/lib/armv6k/fpu\libg.a(libc_a-wctomb_r.o)
                0x0011d5fc                __utf8_wctomb
 .text._raise_r
                0x0011d6ec       0x90 C:/devkitPro/devkitARM/bin/../lib/gcc/arm-none-eabi/14.2.0/../../../../arm-none-eabi/lib/armv6k/fpu\libg.a(libc_a-signal.o)
                0x0011d6ec                _raise_r
 .text.raise    0x0011d77c       0x18 C:/devkitPro/devkitARM/bin/../lib/gcc/arm-none-eabi/14.2.0/../../../../arm-none-eabi/lib/armv6k/fpu\libg.a(libc_a-signal.o)
                0x0011d77c                raise
 .text.__sfvwrite_r
                0x0011d794      0x480 C:/devkitPro/devkitARM/bin/../lib/gcc/arm-none-eabi/14.2.0/../../../../arm-none-eabi/lib/armv6k/fpu\libg.a(libc_a-fvwrite.o)
                0x0011d794                __sfvwrite_r
 .text.get_arg  0x0011dc14      0x5e4 C:/devkitPro/devkitARM/bin/../lib/gcc/arm-none-eabi/14.2.0/../../../../arm-none-eabi/lib/armv6k/fpu\libg.a(libc_a-vfiprintf.o)
 .text._vfiprintf_r
                0x0011e1f8     0x2264 C:/devkitPro/devkitARM/bin/../lib/gcc/arm-none-eabi/14.2.0/../../../../arm-none-eabi/lib/armv6k/fpu\libg.a(libc_a-vfiprintf.o)
                0x0011e1f8                _vfiprintf_r
 .text.__sbprintf
                0x0012045c       0xb8 C:/devkitPro/devkitARM/bin/../lib/gcc/arm-none-eabi/14.2.0/../../../../arm-none-eabi/lib/armv6k/fpu\libg.a(libc_a-vfiprintf.o)
 .text._realloc_r
                0x00120514      0x4a4 C:/devkitPro/devkitARM/bin/../lib/gcc/arm-none-eabi/14.2.0/../../../../arm-none-eabi/lib/armv6k/fpu\libg.a(libc_a-reallocr.o)
                0x00120514                _realloc_r
 .text._exit    0x001209b8       0x20 C:/devkitPro/devkitARM/bin/../lib/gcc/arm-none-eabi/14.2.0/../../../../arm-none-eabi/lib/armv6k/fpu\libsysbase.a(libsysbase_libsysbase_a-_exit.o)
                0x001209b8                _exit
 .text.chdir    0x001209d8      0x13c C:/devkitPro/devkitARM/bin/../lib/gcc/arm-none-eabi/14.2.0/../../../../arm-none-eabi/lib/armv6k/fpu\libsysbase.a(libsysbase_libsysbase_a-chdir.o)
                0x001209d8                chdir
 .text._concatenate_path
                0x00120b14      0x1cc C:/devkitPro/devkitARM/bin/../lib/gcc/arm-none-eabi/14.2.0/../../../../arm-none-eabi/lib/armv6k/fpu\libsysbase.a(libsysbase_libsysbase_a-concatenate.o)
                0x00120b14                _concatenate_path
 .text._fstat_r
                0x00120ce0       0x88 C:/devkitPro/devkitARM/bin/../lib/gcc/arm-none-eabi/14.2.0/../../../../arm-none-eabi/lib/armv6k/fpu\libsysbase.a(libsysbase_libsysbase_a-fstat.o)
                0x00120ce0                _fstat_r
 .text._getpid_r
                0x00120d68       0x14 C:/devkitPro/devkitARM/bin/../lib/gcc/arm-none-eabi/14.2.0/../../../../arm-none-eabi/lib/armv6k/fpu\libsysbase.a(libsysbase_libsysbase_a-getpid.o)
                0x00120d68                _getpid_r
 .text.__getreent
                0x00120d7c       0x2c C:/devkitPro/devkitARM/bin/../lib/gcc/arm-none-eabi/14.2.0/../../../../arm-none-eabi/lib/armv6k/fpu\libsysbase.a(libsysbase_libsysbase_a-getreent.o)
                0x00120d7c                __getreent
 .text._gettimeofday_r
                0x00120da8       0x30 C:/devkitPro/devkitARM/bin/../lib/gcc/arm-none-eabi/14.2.0/../../../../arm-none-eabi/lib/armv6k/fpu\libsysbase.a(libsysbase_libsysbase_a-gettod.o)
                0x00120da8                _gettimeofday_r
 .text.__release_handle
                0x00120dd8       0x8c C:/devkitPro/devkitARM/bin/../lib/gcc/arm-none-eabi/14.2.0/../../../../arm-none-eabi/lib/armv6k/fpu\libsysbase.a(libsysbase_libsysbase_a-handle_manager.o)
                0x00120dd8                __release_handle
 .text.__alloc_handle
                0x00120e64       0xb0 C:/devkitPro/devkitARM/bin/../lib/gcc/arm-none-eabi/14.2.0/../../../../arm-none-eabi/lib/armv6k/fpu\libsysbase.a(libsysbase_libsysbase_a-handle_manager.o)
                0x00120e64                __alloc_handle
 .text.__get_handle
                0x00120f14       0x3c C:/devkitPro/devkitARM/bin/../lib/gcc/arm-none-eabi/14.2.0/../../../../arm-none-eabi/lib/armv6k/fpu\libsysbase.a(libsysbase_libsysbase_a-handle_manager.o)
                0x00120f14                __get_handle
 .text._close_r
                0x00120f50       0xf4 C:/devkitPro/devkitARM/bin/../lib/gcc/arm-none-eabi/14.2.0/../../../../arm-none-eabi/lib/armv6k/fpu\libsysbase.a(libsysbase_libsysbase_a-handle_manager.o)
                0x00120f50                _close_r
 .text.null_write
                0x00121044        0x8 C:/devkitPro/devkitARM/bin/../lib/gcc/arm-none-eabi/14.2.0/../../../../arm-none-eabi/lib/armv6k/fpu\libsysbase.a(libsysbase_libsysbase_a-iosupport.o)
 .text.setDefaultDevice
                0x0012104c       0x18 C:/devkitPro/devkitARM/bin/../lib/gcc/arm-none-eabi/14.2.0/../../../../arm-none-eabi/lib/armv6k/fpu\libsysbase.a(libsysbase_libsysbase_a-iosupport.o)
                0x0012104c                setDefaultDevice
 .text.FindDevice
                0x00121064       0xc8 C:/devkitPro/devkitARM/bin/../lib/gcc/arm-none-eabi/14.2.0/../../../../arm-none-eabi/lib/armv6k/fpu\libsysbase.a(libsysbase_libsysbase_a-iosupport.o)
                0x00121064                FindDevice
 .text.RemoveDevice
                0x0012112c       0x28 C:/devkitPro/devkitARM/bin/../lib/gcc/arm-none-eabi/14.2.0/../../../../arm-none-eabi/lib/armv6k/fpu\libsysbase.a(libsysbase_libsysbase_a-iosupport.o)
                0x0012112c                RemoveDevice
 .text.AddDevice
                0x00121154       0x98 C:/devkitPro/devkitARM/bin/../lib/gcc/arm-none-eabi/14.2.0/../../../../arm-none-eabi/lib/armv6k/fpu\libsysbase.a(libsysbase_libsysbase_a-iosupport.o)
                0x00121154                AddDevice
 .text.GetDeviceOpTab
                0x001211ec       0x20 C:/devkitPro/devkitARM/bin/../lib/gcc/arm-none-eabi/14.2.0/../../../../arm-none-eabi/lib/armv6k/fpu\libsysbase.a(libsysbase_libsysbase_a-iosupport.o)
                0x001211ec                GetDeviceOpTab
 .text._isatty_r
                0x0012120c        0x8 C:/devkitPro/devkitARM/bin/../lib/gcc/arm-none-eabi/14.2.0/../../../../arm-none-eabi/lib/armv6k/fpu\libsysbase.a(libsysbase_libsysbase_a-isatty.o)
                0x0012120c                _isatty_r
 .text._kill_r  0x00121214       0x14 C:/devkitPro/devkitARM/bin/../lib/gcc/arm-none-eabi/14.2.0/../../../../arm-none-eabi/lib/armv6k/fpu\libsysbase.a(libsysbase_libsysbase_a-kill.o)
                0x00121214                _kill_r
 .text._lseek_r
                0x00121228       0x8c C:/devkitPro/devkitARM/bin/../lib/gcc/arm-none-eabi/14.2.0/../../../../arm-none-eabi/lib/armv6k/fpu\libsysbase.a(libsysbase_libsysbase_a-lseek.o)
                0x00121228                _lseek_r
 .text._open_r  0x001212b4       0xbc C:/devkitPro/devkitARM/bin/../lib/gcc/arm-none-eabi/14.2.0/../../../../arm-none-eabi/lib/armv6k/fpu\libsysbase.a(libsysbase_libsysbase_a-open.o)
                0x001212b4                _open_r
 .text._read_r  0x00121370       0x88 C:/devkitPro/devkitARM/bin/../lib/gcc/arm-none-eabi/14.2.0/../../../../arm-none-eabi/lib/armv6k/fpu\libsysbase.a(libsysbase_libsysbase_a-read.o)
                0x00121370                _read_r
 .text._sbrk_r  0x001213f8       0x78 C:/devkitPro/devkitARM/bin/../lib/gcc/arm-none-eabi/14.2.0/../../../../arm-none-eabi/lib/armv6k/fpu\libsysbase.a(libsysbase_libsysbase_a-sbrk.o)
                0x001213f8                _sbrk_r
 .text.__libc_lock_acquire