Archive member included to satisfy reference by file (symbol)

C:/devkitPro/libctru/lib\libcitro2d.a(base.o)
                              main.o (C2D_Init)
C:/devkitPro/libctru/lib\libcitro2d.a(spritesheet.o)
                              main.o (C2D_SpriteSheetLoad)
C:/devkitPro/libctru/lib\libcitro2d.a(render2d.shbin.o)
                              C:/devkitPro/libctru/lib\libcitro2d.a(base.o) (render2d_shbin)
C:/devkitPro/libctru/lib\libcitro3d.a(attribs.o)
                              C:/devkitPro/libctru/lib\libcitro2d.a(base.o) (AttrInfo_Init)
C:/devkitPro/libctru/lib\libcitro3d.a(base.o)
                              C:/devkitPro/libctru/lib\libcitro3d.a(attribs.o) (__C3D_Context)
C:/devkitPro/libctru/lib\libcitro3d.a(buffers.o)
                              C:/devkitPro/libctru/lib\libcitro2d.a(base.o) (BufInfo_Init)
C:/devkitPro/libctru/lib\libcitro3d.a(drawElements.o)
                              C:/devkitPro/libctru/lib\libcitro2d.a(base.o) (C3D_DrawElements)
C:/devkitPro/libctru/lib\libcitro3d.a(effect.o)
                              C:/devkitPro/libctru/lib\libcitro3d.a(base.o) (C3D_DepthMap)
C:/devkitPro/libctru/lib\libcitro3d.a(framebuffer.o)
                              C:/devkitPro/libctru/lib\libcitro3d.a(base.o) (C3Di_FrameBufBind)
C:/devkitPro/libctru/lib\libcitro3d.a(immediate.o)
                              C:/devkitPro/libctru/lib\libcitro3d.a(base.o) (C3D_ImmSendAttrib)
C:/devkitPro/libctru/lib\libcitro3d.a(proctex.o)
                              C:/devkitPro/libctru/lib\libcitro2d.a(base.o) (C3D_ProcTexInit)
C:/devkitPro/libctru/lib\libcitro3d.a(renderqueue.o)
                              C:/devkitPro/libctru/lib\libcitro3d.a(base.o) (C3Di_RenderQueueEnableVBlank)
C:/devkitPro/libctru/lib\libcitro3d.a(tex3ds.o)
                              C:/devkitPro/libctru/lib\libcitro2d.a(spritesheet.o) (Tex3DS_TextureImport)
C:/devkitPro/libctru/lib\libcitro3d.a(texenv.o)
                              C:/devkitPro/libctru/lib\libcitro2d.a(base.o) (C3D_GetTexEnv)
C:/devkitPro/libctru/lib\libcitro3d.a(texture.o)
                              C:/devkitPro/libctru/lib\libcitro3d.a(tex3ds.o) (C3D_TexInitWithParams)
C:/devkitPro/libctru/lib\libcitro3d.a(uniforms.o)
                              C:/devkitPro/libctru/lib\libcitro3d.a(base.o) (C3D_UpdateUniforms)
C:/devkitPro/libctru/lib\libcitro3d.a(mtx_multiply.o)
                              C:/devkitPro/libctru/lib\libcitro2d.a(base.o) (Mtx_Multiply)
C:/devkitPro/libctru/lib\libcitro3d.a(mtx_ortho.o)
                              C:/devkitPro/libctru/lib\libcitro2d.a(base.o) (Mtx_Ortho)
C:/devkitPro/libctru/lib\libcitro3d.a(mtx_orthotilt.o)
                              C:/devkitPro/libctru/lib\libcitro2d.a(base.o) (Mtx_OrthoTilt)
C:/devkitPro/libctru/lib\libcitro3d.a(mtx_rotatez.o)
                              C:/devkitPro/libctru/lib\libcitro2d.a(base.o) (Mtx_RotateZ)
C:/devkitPro/libctru/lib\libcitro3d.a(mtx_scale.o)
                              C:/devkitPro/libctru/lib\libcitro2d.a(base.o) (Mtx_Scale)
C:/devkitPro/libctru/lib\libcitro3d.a(mtx_translate.o)
                              C:/devkitPro/libctru/lib\libcitro2d.a(base.o) (Mtx_Translate)
C:/devkitPro/libctru/lib\libctru.a(linear.o)
                              C:/devkitPro/libctru/lib\libcitro2d.a(base.o) (linearAlloc)
C:/devkitPro/libctru/lib\libctru.a(mem_pool.o)
                              C:/devkitPro/libctru/lib\libctru.a(linear.o) (MemPool::Allocate(MemChunk&, unsigned long, int))
C:/devkitPro/libctru/lib\libctru.a(vram.o)
                              C:/devkitPro/libctru/lib\libcitro3d.a(renderqueue.o) (vramAlloc)
C:/devkitPro/libctru/lib\libctru.a(console.o)
                              main.o (consoleInit)
C:/devkitPro/libctru/lib\libctru.a(gfx.o)
                              C:/devkitPro/libctru/lib\libcitro2d.a(base.o) (gfxIsWide)
C:/devkitPro/libctru/lib\libctru.a(os.o)
                              C:/devkitPro/libctru/lib\libcitro3d.a(buffers.o) (osConvertVirtToPhys)
C:/devkitPro/libctru/lib\libctru.a(romfs_dev.o)
                              main.o (romfsMountSelf)
C:/devkitPro/libctru/lib\libctru.a(gpu.o)
                              C:/devkitPro/libctru/lib\libcitro3d.a(base.o) (gpuCmdBufOffset)
C:/devkitPro/libctru/lib\libctru.a(gx.o)
                              C:/devkitPro/libctru/lib\libcitro3d.a(renderqueue.o) (GX_BindQueue)
C:/devkitPro/libctru/lib\libctru.a(gxqueue.o)
                              C:/devkitPro/libctru/lib\libcitro3d.a(renderqueue.o) (gxCmdQueueClear)
C:/devkitPro/libctru/lib\libctru.a(shaderProgram.o)
                              C:/devkitPro/libctru/lib\libcitro2d.a(base.o) (shaderInstanceGetUniformLocation)
C:/devkitPro/libctru/lib\libctru.a(shbin.o)
                              C:/devkitPro/libctru/lib\libcitro2d.a(base.o) (DVLB_ParseFile)
C:/devkitPro/libctru/lib\libctru.a(apt.o)
[...]
Memory Configuration

Name             Origin             Length             Attributes
*default*        0x00000000         0xffffffff

Linker script and memory map

                0x00000000                        __sync_synchronize = __sync_synchronize_dmb
                0x00100000                        PROVIDE (__start__ = 0x100000)
                0x00100000                        . = __start__

.text           0x00100000    0x214e8
 *(.crt0)
 .crt0          0x00100000       0x94 C:/devkitPro/devkitARM/bin/../lib/gcc/arm-none-eabi/14.2.0/../../../../arm-none-eabi/lib/armv6k/fpu/3dsx_crt0.o
                0x00100000                _start
                0x00100008                __service_ptr
                0x0010000c                __apt_appid
                0x00100010                __heap_size
                0x00100014                __linear_heap_size
                0x00100018                __system_arglist
                0x0010001c                __system_runflags
 *(.init)
 .init          0x00100094        0xc C:/devkitPro/devkitARM/bin/../lib/gcc/arm-none-eabi/14.2.0/armv6k/fpu/crti.o
                0x00100094                _init
 .init          0x001000a0        0xc C:/devkitPro/devkitARM/bin/../lib/gcc/arm-none-eabi/14.2.0/armv6k/fpu/crtn.o
                0x001000ac                        . = ALIGN (0x4)
 *(.text)
 .text          0x001000ac      0x20c C:/devkitPro/devkitARM/bin/../lib/gcc/arm-none-eabi/14.2.0/armv6k/fpu\libgcc.a(_udivsi3.o)
                0x001000ac                __aeabi_uidiv
                0x001000ac                __udivsi3
                0x00100298                __aeabi_uidivmod
 .text          0x001002b8      0x240 C:/devkitPro/devkitARM/bin/../lib/gcc/arm-none-eabi/14.2.0/armv6k/fpu\libgcc.a(_divsi3.o)
                0x001002b8                __divsi3
                0x001002b8                __aeabi_idiv
                0x001004d8                __aeabi_idivmod
 .text          0x001004f8        0x4 C:/devkitPro/devkitARM/bin/../lib/gcc/arm-none-eabi/14.2.0/armv6k/fpu\libgcc.a(_dvmd_tls.o)
                0x001004f8                __aeabi_idiv0
                0x001004f8                __aeabi_ldiv0
 .text          0x001004fc      0x3c0 C:/devkitPro/devkitARM/bin/../lib/gcc/arm-none-eabi/14.2.0/armv6k/fpu\libgcc.a(_arm_addsubdf3.o)
                0x001004fc                __aeabi_drsub
                0x00100504                __aeabi_dsub
                0x00100504                __subdf3
                0x00100508                __aeabi_dadd
                0x00100508                __adddf3
                0x001007b4                __floatunsidf
                0x001007b4                __aeabi_ui2d
                0x001007d8                __floatsidf
                0x001007d8                __aeabi_i2d
                0x00100800                __aeabi_f2d
                0x00100800                __extendsfdf2
                0x00100848                __floatundidf
                0x00100848                __aeabi_ul2d
                0x0010085c                __floatdidf
                0x0010085c                __aeabi_l2d
 .text          0x001008bc       0xd4 C:/devkitPro/devkitARM/bin/../lib/gcc/arm-none-eabi/14.2.0/armv6k/fpu\libgcc.a(_aeabi_ldivmod.o)
                0x001008bc                __aeabi_ldivmod
 .text          0x00100990       0x3c C:/devkitPro/devkitARM/bin/../lib/gcc/arm-none-eabi/14.2.0/armv6k/fpu\libgcc.a(_aeabi_uldivmod.o)
                0x00100990                __aeabi_uldivmod
 *fill*         0x001009cc       0x14 
 .text          0x001009e0      0x390 C:/devkitPro/devkitARM/bin/../lib/gcc/arm-none-eabi/14.2.0/../../../../arm-none-eabi/lib/armv6k/fpu\libg.a(libc_a-strcmp.o)
                0x001009e8                strcmp
 *(.text.*)
 .text.__do_global_dtors_aux
                0x00100d70       0x40 C:/devkitPro/devkitARM/bin/../lib/gcc/arm-none-eabi/14.2.0/armv6k/fpu/crtbegin.o
 .text.frame_dummy
                0x00100db0       0x2c C:/devkitPro/devkitARM/bin/../lib/gcc/arm-none-eabi/14.2.0/armv6k/fpu/crtbegin.o
 .text.initSprite
                0x00100ddc      0x110 main.o
                0x00100ddc                initSprite
 .text.makeRock
                0x00100eec       0xb8 main.o
                0x00100eec                makeRock
 .text.rockIdel
                0x00100fa4      0x1a0 main.o
                0x00100fa4                rockIdel
 .text.startup.main
                0x00101144      0x214 main.o
                0x00101144                main
 .text.C2Di_FrameEndHook
                0x00101358       0x44 C:/devkitPro/libctru/lib\libcitro2d.a(base.o)
 *fill*         0x0010139c        0x4 
 .text.C2D_Init
                0x001013a0      0x36c C:/devkitPro/libctru/lib\libcitro2d.a(base.o)
                0x001013a0                C2D_Init
 .text.C2D_Fini
                0x0010170c       0x4c C:/devkitPro/libctru/lib\libcitro2d.a(base.o)
                0x0010170c                C2D_Fini
 .text.C2D_Prepare
                0x00101758       0xb8 C:/devkitPro/libctru/lib\libcitro2d.a(base.o)
                0x00101758                C2D_Prepare
 .text.C2D_Flush
                0x00101810       0x48 C:/devkitPro/libctru/lib\libcitro2d.a(base.o)
                0x00101810                C2D_Flush
 .text.C2D_SceneSize
                0x00101858      0x104 C:/devkitPro/libctru/lib\libcitro2d.a(base.o)
                0x00101858                C2D_SceneSize
 .text.C2D_CreateScreenTarget
                0x0010195c       0x58 C:/devkitPro/libctru/lib\libcitro2d.a(base.o)
                0x0010195c                C2D_CreateScreenTarget
 .text.C2D_TargetClear
                0x001019b4       0x64 C:/devkitPro/libctru/lib\libcitro2d.a(base.o)
                0x001019b4                C2D_TargetClear
 .text.C2Di_CalcQuad
                0x00101a18      0x13c C:/devkitPro/libctru/lib\libcitro2d.a(base.o)
                0x00101a18                C2Di_CalcQuad
 .text.C2Di_AppendQuad
                0x00101b54       0x58 C:/devkitPro/libctru/lib\libcitro2d.a(base.o)
                0x00101b54                C2Di_AppendQuad
 .text.C2Di_Update
                0x00101bac      0x550 C:/devkitPro/libctru/lib\libcitro2d.a(base.o)
                0x00101bac                C2Di_Update
 .text.C2D_DrawImage
                0x001020fc      0x2b0 C:/devkitPro/libctru/lib\libcitro2d.a(base.o)
                0x001020fc                C2D_DrawImage
 .text.C2D_SpriteSheetLoadFromHandle
                0x001023ac       0x6c C:/devkitPro/libctru/lib\libcitro2d.a(spritesheet.o)
                0x001023ac                C2D_SpriteSheetLoadFromHandle
 .text.C2D_SpriteSheetLoad
                0x00102418       0x48 C:/devkitPro/libctru/lib\libcitro2d.a(spritesheet.o)
                0x00102418                C2D_SpriteSheetLoad
 .text.C2D_SpriteSheetFree
                0x00102460       0x28 C:/devkitPro/libctru/lib\libcitro2d.a(spritesheet.o)
                0x00102460                C2D_SpriteSheetFree
 .text.C2D_SpriteSheetGetImage
                0x00102488       0x2c C:/devkitPro/libctru/lib\libcitro2d.a(spritesheet.o)
                0x00102488                C2D_SpriteSheetGetImage
 .text.AttrInfo_Init
                0x001024b4       0x28 C:/devkitPro/libctru/lib\libcitro3d.a(attribs.o)
                0x001024b4                AttrInfo_Init
 .text.AttrInfo_AddLoader
                0x001024dc       0x94 C:/devkitPro/libctru/lib\libcitro3d.a(attribs.o)
                0x001024dc                AttrInfo_AddLoader
 .text.C3D_SetAttrInfo
                0x00102570       0x54 C:/devkitPro/libctru/lib\libcitro3d.a(attribs.o)
                0x00102570                C3D_SetAttrInfo
 .text.C3Di_AttrInfoBind
                0x001025c4       0x80 C:/devkitPro/libctru/lib\libcitro3d.a(attribs.o)
                0x001025c4                C3Di_AttrInfoBind
 .text.C3Di_LightEnvUpdate
                0x00102644        0x4 C:/devkitPro/libctru/lib\libcitro3d.a(base.o)
                0x00102644                C3Di_LightEnvUpdate
 .text.C3Di_LightEnvDirty
                0x00102648        0x4 C:/devkitPro/libctru/lib\libcitro3d.a(base.o)
                0x00102648                C3Di_LightEnvDirty
 .text.C3Di_AptEventHook
                0x0010264c       0xb4 C:/devkitPro/libctru/lib\libcitro3d.a(base.o)
 .text.C3Di_GasUpdate
                0x00102700        0x4 C:/devkitPro/libctru/lib\libcitro3d.a(base.o)
                0x00102700                C3Di_GasUpdate
 .text.C3D_Init
                0x00102704      0x1d0 C:/devkitPro/libctru/lib\libcitro3d.a(base.o)
                0x00102704                C3D_Init
 .text.C3D_SetViewport
                0x001028d4       0x98 C:/devkitPro/libctru/lib\libcitro3d.a(base.o)
                0x001028d4                C3D_SetViewport
 .text.C3Di_UpdateContext
                0x0010296c      0x4e8 C:/devkitPro/libctru/lib\libcitro3d.a(base.o)
                0x0010296c                C3Di_UpdateContext
 .text.C3Di_SplitFrame
                0x00102e54       0xe0 C:/devkitPro/libctru/lib\libcitro3d.a(base.o)
                0x00102e54                C3Di_SplitFrame
 .text.C3D_Fini
                0x00102f34       0x44 C:/devkitPro/libctru/lib\libcitro3d.a(base.o)
                0x00102f34                C3D_Fini
 .text.C3D_BindProgram
                0x00102f78      0x194 C:/devkitPro/libctru/lib\libcitro3d.a(base.o)
                0x00102f78                C3D_BindProgram
 .text.BufInfo_Init
                0x0010310c       0x24 C:/devkitPro/libctru/lib\libcitro3d.a(buffers.o)
                0x0010310c                BufInfo_Init
 .text.BufInfo_Add
                0x00103130       0x80 C:/devkitPro/libctru/lib\libcitro3d.a(buffers.o)
                0x00103130                BufInfo_Add
 .text.C3D_SetBufInfo
                0x001031b0       0x3c C:/devkitPro/libctru/lib\libcitro3d.a(buffers.o)
                0x001031b0                C3D_SetBufInfo
 .text.C3Di_BufInfoBind
                0x001031ec       0x48 C:/devkitPro/libctru/lib\libcitro3d.a(buffers.o)
                0x001031ec                C3Di_BufInfoBind
 .text.C3D_DrawElements
                0x00103234      0x21c C:/devkitPro/libctru/lib\libcitro3d.a(drawElements.o)
                0x00103234                C3D_DrawElements
 .text.C3D_DepthMap
                0x00103450       0x40 C:/devkitPro/libctru/lib\libcitro3d.a(effect.o)
                0x00103450                C3D_DepthMap
 .text.C3D_CullFace
                0x00103490       0x1c C:/devkitPro/libctru/lib\libcitro3d.a(effect.o)
                0x00103490                C3D_CullFace
 .text.C3D_StencilTest
                0x001034ac       0x40 C:/devkitPro/libctru/lib\libcitro3d.a(effect.o)
                0x001034ac                C3D_StencilTest
 .text.C3D_StencilOp
                0x001034ec       0x24 C:/devkitPro/libctru/lib\libcitro3d.a(effect.o)
                0x001034ec                C3D_StencilOp
 .text.C3D_BlendingColor
                0x00103510       0x1c C:/devkitPro/libctru/lib\libcitro3d.a(effect.o)
                0x00103510                C3D_BlendingColor
 .text.C3D_EarlyDepthTest
                0x0010352c       0x24 C:/devkitPro/libctru/lib\libcitro3d.a(effect.o)
                0x0010352c                C3D_EarlyDepthTest
 .text.C3D_DepthTest
                0x00103550       0x2c C:/devkitPro/libctru/lib\libcitro3d.a(effect.o)
                0x00103550                C3D_DepthTest
 .text.C3D_AlphaTest
                0x0010357c       0x2c C:/devkitPro/libctru/lib\libcitro3d.a(effect.o)
                0x0010357c                C3D_AlphaTest
 .text.C3D_AlphaBlend
                0x001035a8       0x50 C:/devkitPro/libctru/lib\libcitro3d.a(effect.o)
                0x001035a8                C3D_AlphaBlend
 .text.C3D_FragOpMode
                0x001035f8       0x30 C:/devkitPro/libctru/lib\libcitro3d.a(effect.o)
                0x001035f8                C3D_FragOpMode
 .text.C3D_FragOpShadow
                0x00103628       0x44 C:/devkitPro/libctru/lib\libcitro3d.a(effect.o)
                0x00103628                C3D_FragOpShadow
 .text.C3Di_EffectBind
                0x0010366c      0x1ac C:/devkitPro/libctru/lib\libcitro3d.a(effect.o)
                0x0010366c                C3Di_EffectBind
 .text.C3D_CalcColorBufSize
                0x00103818       0x1c C:/devkitPro/libctru/lib\libcitro3d.a(framebuffer.o)
                0x00103818                C3D_CalcColorBufSize
 .text.C3D_CalcDepthBufSize
                0x00103834       0x1c C:/devkitPro/libctru/lib\libcitro3d.a(framebuffer.o)
                0x00103834                C3D_CalcDepthBufSize
 .text.C3D_SetFrameBuf
                0x00103850       0x44 C:/devkitPro/libctru/lib\libcitro3d.a(framebuffer.o)
                0x00103850                C3D_SetFrameBuf
 .text.C3Di_FrameBufBind
                0x00103894      0x16c C:/devkitPro/libctru/lib\libcitro3d.a(framebuffer.o)
                0x00103894                C3Di_FrameBufBind
 .text.C3D_FrameBufClear
                0x00103a00       0xc8 C:/devkitPro/libctru/lib\libcitro3d.a(framebuffer.o)
                0x00103a00                C3D_FrameBufClear
 .text.C3D_FrameBufTransfer
                0x00103ac8       0x44 C:/devkitPro/libctru/lib\libcitro3d.a(framebuffer.o)
                0x00103ac8                C3D_FrameBufTransfer
 .text.C3D_ImmSendAttrib
                0x00103b0c       0xa8 C:/devkitPro/libctru/lib\libcitro3d.a(immediate.o)
                0x00103b0c                C3D_ImmSendAttrib
 .text.C3D_ProcTexInit
                0x00103bb4       0x70 C:/devkitPro/libctru/lib\libcitro3d.a(proctex.o)
                0x00103bb4                C3D_ProcTexInit
 .text.C3D_ProcTexBind
                0x00103c24       0x54 C:/devkitPro/libctru/lib\libcitro3d.a(proctex.o)
                0x00103c24                C3D_ProcTexBind
 .text.C3D_ProcTexLutBind
                0x00103c78       0x5c C:/devkitPro/libctru/lib\libcitro3d.a(proctex.o)
                0x00103c78                C3D_ProcTexLutBind
 .text.ProcTexLut_FromArray
                0x00103cd4       0xa4 C:/devkitPro/libctru/lib\libcitro3d.a(proctex.o)
                0x00103cd4                ProcTexLut_FromArray
 .text.C3Di_ProcTexUpdate
                0x00103d78      0x178 C:/devkitPro/libctru/lib\libcitro3d.a(proctex.o)
                0x00103d78                C3Di_ProcTexUpdate
 .text.C3Di_ProcTexDirty
                0x00103ef0       0x68 C:/devkitPro/libctru/lib\libcitro3d.a(proctex.o)
                0x00103ef0                C3Di_ProcTexDirty
 .text.onVBlank0
                0x00103f58       0x4c C:/devkitPro/libctru/lib\libcitro3d.a(renderqueue.o)
 .text.onVBlank1
                0x00103fa4       0x4c C:/devkitPro/libctru/lib\libcitro3d.a(renderqueue.o)
 .text.C3Di_RenderTargetDestroy
                0x00103ff0       0x80 C:/devkitPro/libctru/lib\libcitro3d.a(renderqueue.o)
 .text.onQueueFinish
                0x00104070       0xf4 C:/devkitPro/libctru/lib\libcitro3d.a(renderqueue.o)
 .text.C3Di_RenderQueueEnableVBlank
                0x00104164       0x38 C:/devkitPro/libctru/lib\libcitro3d.a(renderqueue.o)
                0x00104164                C3Di_RenderQueueEnableVBlank
 .text.C3Di_RenderQueueDisableVBlank
                0x0010419c       0x30 C:/devkitPro/libctru/lib\libcitro3d.a(renderqueue.o)
                0x0010419c                C3Di_RenderQueueDisableVBlank
 .text.C3Di_RenderQueueInit
                0x001041cc       0x60 C:/devkitPro/libctru/lib\libcitro3d.a(renderqueue.o)
                0x001041cc                C3Di_RenderQueueInit
 .text.C3Di_RenderQueueExit
                0x0010422c       0xb4 C:/devkitPro/libctru/lib\libcitro3d.a(renderqueue.o)
                0x0010422c                C3Di_RenderQueueExit
 .text.C3Di_RenderQueueWaitDone
                0x001042e0       0x34 C:/devkitPro/libctru/lib\libcitro3d.a(renderqueue.o)
                0x001042e0                C3Di_RenderQueueWaitDone
 .text.C3D_FrameBegin
                0x00104314       0xe8 C:/devkitPro/libctru/lib\libcitro3d.a(renderqueue.o)
                0x00104314                C3D_FrameBegin
 .text.C3D_FrameDrawOn
                0x001043fc       0x48 C:/devkitPro/libctru/lib\libcitro3d.a(renderqueue.o)
                0x001043fc                C3D_FrameDrawOn
 .text.C3D_FrameSplit
                0x00104444       0x58 C:/devkitPro/libctru/lib\libcitro3d.a(renderqueue.o)
                0x00104444                C3D_FrameSplit
 .text.C3D_FrameEnd
                0x0010449c      0x1d0 C:/devkitPro/libctru/lib\libcitro3d.a(renderqueue.o)
                0x0010449c                C3D_FrameEnd
 .text.C3D_FrameEndHook
                0x0010466c       0x1c C:/devkitPro/libctru/lib\libcitro3d.a(renderqueue.o)
                0x0010466c                C3D_FrameEndHook
 .text.C3D_RenderTargetCreate
                0x00104688      0x170 C:/devkitPro/libctru/lib\libcitro3d.a(renderqueue.o)
                0x00104688                C3D_RenderTargetCreate
 .text.C3D_RenderTargetSetOutput
                0x001047f8       0xa8 C:/devkitPro/libctru/lib\libcitro3d.a(renderqueue.o)
                0x001047f8                C3D_RenderTargetSetOutput
 .text.C3D_SyncTextureCopy
                0x001048a0       0xfc C:/devkitPro/libctru/lib\libcitro3d.a(renderqueue.o)
                0x001048a0                C3D_SyncTextureCopy
 .text.Tex3DSi_ImportCommon
                0x0010499c      0x3d8 C:/devkitPro/libctru/lib\libcitro3d.a(tex3ds.o)
 .text.Tex3DS_TextureImportStdio
                0x00104d74       0x38 C:/devkitPro/libctru/lib\libcitro3d.a(tex3ds.o)
                0x00104d74                Tex3DS_TextureImportStdio
 .text.Tex3DS_GetSubTexture
                0x00104dac       0x1c C:/devkitPro/libctru/lib\libcitro3d.a(tex3ds.o)
                0x00104dac                Tex3DS_GetSubTexture
 .text.Tex3DS_TextureFree
                0x00104dc8        0x4 C:/devkitPro/libctru/lib\libcitro3d.a(tex3ds.o)
                0x00104dc8                Tex3DS_TextureFree
 .text.C3D_GetTexEnv
                0x00104dcc       0x34 C:/devkitPro/libctru/lib\libcitro3d.a(texenv.o)
                0x00104dcc                C3D_GetTexEnv
 .text.C3Di_TexEnvBind
                0x00104e00       0x24 C:/devkitPro/libctru/lib\libcitro3d.a(texenv.o)
                0x00104e00                C3Di_TexEnvBind
 .text.C3D_TexInitWithParams
                0x00104e24      0x290 C:/devkitPro/libctru/lib\libcitro3d.a(texture.o)
                0x00104e24                C3D_TexInitWithParams
 .text.C3D_TexLoadImage
                0x001050b4       0xc8 C:/devkitPro/libctru/lib\libcitro3d.a(texture.o)
                0x001050b4                C3D_TexLoadImage
 .text.C3D_TexBind
                0x0010517c       0x44 C:/devkitPro/libctru/lib\libcitro3d.a(texture.o)
                0x0010517c                C3D_TexBind
 .text.C3D_TexDelete
                0x001051c0       0x74 C:/devkitPro/libctru/lib\libcitro3d.a(texture.o)
                0x001051c0                C3D_TexDelete
 .text.C3Di_SetTex
                0x00105234      0x14c C:/devkitPro/libctru/lib\libcitro3d.a(texture.o)
                0x00105234                C3Di_SetTex
 .text.C3D_UpdateUniforms
                0x00105380      0x290 C:/devkitPro/libctru/lib\libcitro3d.a(uniforms.o)
                0x00105380                C3D_UpdateUniforms
 .text.C3Di_DirtyUniforms
                0x00105610       0xc0 C:/devkitPro/libctru/lib\libcitro3d.a(uniforms.o)
                0x00105610                C3Di_DirtyUniforms
 .text.C3Di_LoadShaderUniforms
                0x001056d0       0xd8 C:/devkitPro/libctru/lib\libcitro3d.a(uniforms.o)
                0x001056d0                C3Di_LoadShaderUniforms
 .text.C3Di_ClearShaderUniforms
                0x001057a8       0x28 C:/devkitPro/libctru/lib\libcitro3d.a(uniforms.o)
                0x001057a8                C3Di_ClearShaderUniforms
 .text.Mtx_Ortho
                0x001057d0       0xcc C:/devkitPro/libctru/lib\libcitro3d.a(mtx_ortho.o)
                0x001057d0                Mtx_Ortho
 .text.Mtx_OrthoTilt
                0x0010589c       0xcc C:/devkitPro/libctru/lib\libcitro3d.a(mtx_orthotilt.o)
                0x0010589c                Mtx_OrthoTilt
 .text._ZL21addrMapNodeComparatorPK11rbtree_nodeS1_
                0x00105968       0x24 C:/devkitPro/libctru/lib\libctru.a(linear.o)
 .text._ZL21addrMapNodeDestructorP11rbtree_node
                0x0010598c        0x4 C:/devkitPro/libctru/lib\libctru.a(linear.o)
 .text.linearMemAlign
                0x00105990      0x120 C:/devkitPro/libctru/lib\libctru.a(linear.o)
                0x00105990                linearMemAlign
 .text.linearAlloc
                0x00105ab0        0x8 C:/devkitPro/libctru/lib\libctru.a(linear.o)
                0x00105ab0                linearAlloc
 .text.linearFree
                0x00105ab8       0x5c C:/devkitPro/libctru/lib\libctru.a(linear.o)
                0x00105ab8                linearFree
 .text._ZN7MemPool13CoalesceRightEP8MemBlock
                0x00105b14       0x84 C:/devkitPro/libctru/lib\libctru.a(mem_pool.o)
                0x00105b14                MemPool::CoalesceRight(MemBlock*)
 .text._ZN7MemPool8AllocateER8MemChunkmi
                0x00105b98      0x150 C:/devkitPro/libctru/lib\libctru.a(mem_pool.o)
                0x00105b98                MemPool::Allocate(MemChunk&, unsigned long, int)
 .text._ZN7MemPool10DeallocateERK8MemChunk
                0x00105ce8       0xfc C:/devkitPro/libctru/lib\libctru.a(mem_pool.o)
                0x00105ce8                MemPool::Deallocate(MemChunk const&)
 .text._ZN7MemPool12GetFreeSpaceEv
                0x00105de4       0x30 C:/devkitPro/libctru/lib\libctru.a(mem_pool.o)
                0x00105de4                MemPool::GetFreeSpace()
 .text._ZL21addrMapNodeComparatorPK11rbtree_nodeS1_
                0x00105e14       0x24 C:/devkitPro/libctru/lib\libctru.a(vram.o)
 .text._ZL21addrMapNodeDestructorP11rbtree_node
                0x00105e38        0x4 C:/devkitPro/libctru/lib\libctru.a(vram.o)
 .text.vramMemAlignAt
                0x00105e3c      0x244 C:/devkitPro/libctru/lib\libctru.a(vram.o)
                0x00105e3c                vramMemAlignAt
 .text.vramAlloc
                0x00106080        0xc C:/devkitPro/libctru/lib\libctru.a(vram.o)
                0x00106080                vramAlloc
 .text.vramAllocAt
                0x0010608c        0xc C:/devkitPro/libctru/lib\libctru.a(vram.o)
                0x0010608c                vramAllocAt
 .text.vramFree
                0x00106098       0x90 C:/devkitPro/libctru/lib\libctru.a(vram.o)
                0x00106098                vramFree
 .text.consoleHandleColorEsc
                0x00106128      0x45c C:/devkitPro/libctru/lib\libctru.a(console.o)
 .text.consoleColorStateShift
                0x00106584       0xb8 C:/devkitPro/libctru/lib\libctru.a(console.o)
 .text.consoleDrawChar
                0x0010663c      0x1ac C:/devkitPro/libctru/lib\libctru.a(console.o)
                0x0010663c                consoleDrawChar
 .text.consolePrintChar
                0x001067e8      0x11c C:/devkitPro/libctru/lib\libctru.a(console.o)
                0x001067e8                consolePrintChar
 .text.con_write
                0x00106904      0x5ec C:/devkitPro/libctru/lib\libctru.a(console.o)
                0x00106904                con_write
 .text.newRow   0x00106ef0      0x124 C:/devkitPro/libctru/lib\libctru.a(console.o)
 .text.consoleInit
                0x00107014      0x18c C:/devkitPro/libctru/lib\libctru.a(console.o)
                0x00107014                consoleInit
 .text.gfxPresentFramebuffer
                0x001071a0       0xd0 C:/devkitPro/libctru/lib\libctru.a(gfx.o)
 .text.gfxIsWide
                0x00107270       0x1c C:/devkitPro/libctru/lib\libctru.a(gfx.o)
                0x00107270                gfxIsWide
 .text.gfxSetScreenFormat
                0x0010728c       0xec C:/devkitPro/libctru/lib\libctru.a(gfx.o)
                0x0010728c                gfxSetScreenFormat
 .text.gfxSetDoubleBuffering
                0x00107378       0x10 C:/devkitPro/libctru/lib\libctru.a(gfx.o)
                0x00107378                gfxSetDoubleBuffering
 .text.gfxInit  0x00107388       0xd8 C:/devkitPro/libctru/lib\libctru.a(gfx.o)
                0x00107388                gfxInit
 .text.gfxInitDefault
                0x00107460       0x10 C:/devkitPro/libctru/lib\libctru.a(gfx.o)
                0x00107460                gfxInitDefault
 .text.gfxExit  0x00107470       0xb4 C:/devkitPro/libctru/lib\libctru.a(gfx.o)
                0x00107470                gfxExit
 .text.gfxGetFramebuffer
                0x00107524       0xa0 C:/devkitPro/libctru/lib\libctru.a(gfx.o)
                0x00107524                gfxGetFramebuffer
 .text.gfxFlushBuffers
                0x001075c4      0x100 C:/devkitPro/libctru/lib\libctru.a(gfx.o)
                0x001075c4                gfxFlushBuffers
 .text.gfxScreenSwapBuffers
                0x001076c4       0x30 C:/devkitPro/libctru/lib\libctru.a(gfx.o)
                0x001076c4                gfxScreenSwapBuffers
 .text.gfxSwapBuffersGpu
                0x001076f4       0x50 C:/devkitPro/libctru/lib\libctru.a(gfx.o)
                0x001076f4                gfxSwapBuffersGpu
 .text.osConvertVirtToPhys
                0x00107744       0x74 C:/devkitPro/libctru/lib\libctru.a(os.o)
                0x00107744                osConvertVirtToPhys
 .text.osGetTimeRef
                0x001077b8       0x54 C:/devkitPro/libctru/lib\libctru.a(os.o)
                0x001077b8                osGetTimeRef
 .text.osGetTime
                0x0010780c       0xec C:/devkitPro/libctru/lib\libctru.a(os.o)
                0x0010780c                osGetTime
 .text.__ctru_speedup_config
                0x001078f8       0x34 C:/devkitPro/libctru/lib\libctru.a(os.o)
                0x001078f8                __ctru_speedup_config
 .text.romfs_close
                0x0010792c        0x8 C:/devkitPro/libctru/lib\libctru.a(romfs_dev.o)
 .text.romfs_seek
                0x00107934       0xc4 C:/devkitPro/libctru/lib\libctru.a(romfs_dev.o)
 .text.romfs_dirreset
                0x001079f8       0x24 C:/devkitPro/libctru/lib\libctru.a(romfs_dev.o)
 .text.fill_dir
                0x00107a1c       0xc8 C:/devkitPro/libctru/lib\libctru.a(romfs_dev.o)
 .text.romfs_dirnext
                0x00107ae4      0x2a8 C:/devkitPro/libctru/lib\libctru.a(romfs_dev.o)
 .text.romfs_free
                0x00107d8c       0x74 C:/devkitPro/libctru/lib\libctru.a(romfs_dev.o)
 .text.searchForFile.constprop.0
                0x00107e00       0xd4 C:/devkitPro/libctru/lib\libctru.a(romfs_dev.o)
 .text.searchForDir.constprop.0
                0x00107ed4       0xd8 C:/devkitPro/libctru/lib\libctru.a(romfs_dev.o)
 .text.navigateToDir.constprop.0
                0x00107fac      0x1c0 C:/devkitPro/libctru/lib\libctru.a(romfs_dev.o)
 .text.romfs_open
                0x0010816c      0x10c C:/devkitPro/libctru/lib\libctru.a(romfs_dev.o)
 .text.romfs_chdir
                0x00108278       0x4c C:/devkitPro/libctru/lib\libctru.a(romfs_dev.o)
 .text.romfs_diropen
                0x001082c4       0x70 C:/devkitPro/libctru/lib\libctru.a(romfs_dev.o)
 .text.romfs_stat
                0x00108334      0x174 C:/devkitPro/libctru/lib\libctru.a(romfs_dev.o)
 .text.romfs_dirclose
                0x001084a8        0x8 C:/devkitPro/libctru/lib\libctru.a(romfs_dev.o)
 .text.romfs_fstat
                0x001084b0       0x84 C:/devkitPro/libctru/lib\libctru.a(romfs_dev.o)
 .text.romfs_read
                0x00108534       0xd0 C:/devkitPro/libctru/lib\libctru.a(romfs_dev.o)
 .text.romfsMountFromFile
                0x00108604      0x28c C:/devkitPro/libctru/lib\libctru.a(romfs_dev.o)
                0x00108604                romfsMountFromFile
 .text.romfsMountFromCurrentProcess
                0x00108890       0x98 C:/devkitPro/libctru/lib\libctru.a(romfs_dev.o)
                0x00108890                romfsMountFromCurrentProcess
 .text.romfsMountSelf
                0x00108928      0x260 C:/devkitPro/libctru/lib\libctru.a(romfs_dev.o)
                0x00108928                romfsMountSelf
 .text.romfsUnmount
                0x00108b88       0xa4 C:/devkitPro/libctru/lib\libctru.a(romfs_dev.o)
                0x00108b88                romfsUnmount
 .text.GPUCMD_Add
                0x00108c2c      0x13c C:/devkitPro/libctru/lib\libctru.a(gpu.o)
                0x00108c2c                GPUCMD_Add
 .text.GPUCMD_Split
                0x00108d68       0xb0 C:/devkitPro/libctru/lib\libctru.a(gpu.o)
                0x00108d68                GPUCMD_Split
 .text.f32tof16
                0x00108e18       0x34 C:/devkitPro/libctru/lib\libctru.a(gpu.o)
                0x00108e18                f32tof16
 .text.f32tof24
                0x00108e4c       0x34 C:/devkitPro/libctru/lib\libctru.a(gpu.o)
                0x00108e4c                f32tof24
 .text.f32tof31
                0x00108e80       0x38 C:/devkitPro/libctru/lib\libctru.a(gpu.o)
                0x00108e80                f32tof31
 .text.GX_BindQueue
                0x00108eb8       0x10 C:/devkitPro/libctru/lib\libctru.a(gx.o)
                0x00108eb8                GX_BindQueue
 .text.GX_ProcessCommandList
                0x00108ec8       0x78 C:/devkitPro/libctru/lib\libctru.a(gx.o)
                0x00108ec8                GX_ProcessCommandList
 .text.GX_MemoryFill
                0x00108f40       0x74 C:/devkitPro/libctru/lib\libctru.a(gx.o)
                0x00108f40                GX_MemoryFill
 .text.GX_DisplayTransfer
                0x00108fb4       0x70 C:/devkitPro/libctru/lib\libctru.a(gx.o)
                0x00108fb4                GX_DisplayTransfer
 .text.GX_TextureCopy
                0x00109024       0x74 C:/devkitPro/libctru/lib\libctru.a(gx.o)
                0x00109024                GX_TextureCopy
 .text.gxCmdQueueDoCommands.part.0
                0x00109098       0x68 C:/devkitPro/libctru/lib\libctru.a(gxqueue.o)
 .text.gxCmdQueueInterrupt
                0x00109100       0xc8 C:/devkitPro/libctru/lib\libctru.a(gxqueue.o)
                0x00109100                gxCmdQueueInterrupt
 .text.gxCmdQueueClear
                0x001091c8       0x4c C:/devkitPro/libctru/lib\libctru.a(gxqueue.o)
                0x001091c8                gxCmdQueueClear
 .text.gxCmdQueueAdd
                0x00109214       0xf8 C:/devkitPro/libctru/lib\libctru.a(gxqueue.o)
                0x00109214                gxCmdQueueAdd
 .text.gxCmdQueueRun
                0x0010930c       0x80 C:/devkitPro/libctru/lib\libctru.a(gxqueue.o)
                0x0010930c                gxCmdQueueRun
 .text.gxCmdQueueStop
                0x0010938c       0x60 C:/devkitPro/libctru/lib\libctru.a(gxqueue.o)
                0x0010938c                gxCmdQueueStop
 .text.gxCmdQueueWait
                0x001093ec       0x8c C:/devkitPro/libctru/lib\libctru.a(gxqueue.o)
                0x001093ec                gxCmdQueueWait
 .text.shaderInstanceInit
                0x00109478      0x1d0 C:/devkitPro/libctru/lib\libctru.a(shaderProgram.o)
                0x00109478                shaderInstanceInit
 .text.shaderInstanceGetUniformLocation
                0x00109648       0x18 C:/devkitPro/libctru/lib\libctru.a(shaderProgram.o)
                0x00109648                shaderInstanceGetUniformLocation
 .text.shaderProgramInit
                0x00109660       0x1c C:/devkitPro/libctru/lib\libctru.a(shaderProgram.o)
                0x00109660                shaderProgramInit
 .text.shaderProgramFree
                0x0010967c       0x64 C:/devkitPro/libctru/lib\libctru.a(shaderProgram.o)
                0x0010967c                shaderProgramFree
 .text.shaderProgramSetVsh
                0x001096e0       0x80 C:/devkitPro/libctru/lib\libctru.a(shaderProgram.o)
                0x001096e0                shaderProgramSetVsh
 .text.shaderProgramConfigure
                0x00109760      0x8d0 C:/devkitPro/libctru/lib\libctru.a(shaderProgram.o)
                0x00109760                shaderProgramConfigure
 .text.DVLE_GenerateOutmap.part.0
                0x0010a030      0x1dc C:/devkitPro/libctru/lib\libctru.a(shbin.o)
 .text.DVLB_ParseFile
                0x0010a20c      0x1b0 C:/devkitPro/libctru/lib\libctru.a(shbin.o)
                0x0010a20c                DVLB_ParseFile
 .text.DVLB_Free
                0x0010a3bc       0x38 C:/devkitPro/libctru/lib\libctru.a(shbin.o)
                0x0010a3bc                DVLB_Free
 .text.DVLE_GetUniformRegister
                0x0010a3f4       0x74 C:/devkitPro/libctru/lib\libctru.a(shbin.o)
                0x0010a3f4                DVLE_GetUniformRegister
 .text.aptConvertScreenForCapture
                0x0010a468      0x1b0 C:/devkitPro/libctru/lib\libctru.a(apt.o)
 .text.aptDspSleep
                0x0010a618        0x8 C:/devkitPro/libctru/lib\libctru.a(apt.o)
                0x0010a618                aptDspSleep
 .text.aptDspWakeup
                0x0010a620        0x4 C:/devkitPro/libctru/lib\libctru.a(apt.o)
                0x0010a620                aptDspWakeup
 .text.aptDspCancel
                0x0010a624        0x4 C:/devkitPro/libctru/lib\libctru.a(apt.o)
                0x0010a624                aptDspCancel
 .text.aptSendCommand
                0x0010a628      0x158 C:/devkitPro/libctru/lib\libctru.a(apt.o)
                0x0010a628                aptSendCommand
 .text.aptExitProcess
                0x0010a780       0x44 C:/devkitPro/libctru/lib\libctru.a(apt.o)
 .text.aptExit  0x0010a7c4      0x380 C:/devkitPro/libctru/lib\libctru.a(apt.o)
                0x0010a7c4                aptExit
 .text.aptHandleSleep
                0x0010ab44       0xd8 C:/devkitPro/libctru/lib\libctru.a(apt.o)
                0x0010ab44                aptHandleSleep
 .text.aptHook  0x0010ac1c       0x30 C:/devkitPro/libctru/lib\libctru.a(apt.o)
                0x0010ac1c                aptHook
 .text.aptUnhook
                0x0010ac4c       0x30 C:/devkitPro/libctru/lib\libctru.a(apt.o)
                0x0010ac4c                aptUnhook
 .text.APT_SleepIfShellClosed
                0x0010ac7c       0x84 C:/devkitPro/libctru/lib\libctru.a(apt.o)
                0x0010ac7c                APT_SleepIfShellClosed
 .text.aptSetSleepAllowed
                0x0010ad00       0x78 C:/devkitPro/libctru/lib\libctru.a(apt.o)
                0x0010ad00                aptSetSleepAllowed
 .text.APT_UnlockTransition
                0x0010ad78       0x84 C:/devkitPro/libctru/lib\libctru.a(apt.o)
                0x0010ad78                APT_UnlockTransition
 *fill*         0x0010adfc        0x4 
 .text.aptEventHandler
                0x0010ae00      0x478 C:/devkitPro/libctru/lib\libctru.a(apt.o)
 .text.APT_ReceiveParameter
                0x0010b278       0xb0 C:/devkitPro/libctru/lib\libctru.a(apt.o)
                0x0010b278                APT_ReceiveParameter
 .text.aptReceiveParameter.constprop.0
                0x0010b328       0xac C:/devkitPro/libctru/lib\libctru.a(apt.o)
 *fill*         0x0010b3d4        0x4 
 .text.aptScreenTransfer
                0x0010b3d8      0x294 C:/devkitPro/libctru/lib\libctru.a(apt.o)
 .text.aptWaitForWakeUp.isra.0
                0x0010b66c      0x2c8 C:/devkitPro/libctru/lib\libctru.a(apt.o)
 .text.aptJumpToHomeMenu
                0x0010b934       0xf4 C:/devkitPro/libctru/lib\libctru.a(apt.o)
                0x0010b934                aptJumpToHomeMenu
 .text.aptMainLoop
                0x0010ba28       0x48 C:/devkitPro/libctru/lib\libctru.a(apt.o)
                0x0010ba28                aptMainLoop
 .text.aptInit  0x0010ba70      0x22c C:/devkitPro/libctru/lib\libctru.a(apt.o)
                0x0010ba70                aptInit
 .text.APT_CheckNew3DS
                0x0010bc9c       0x7c C:/devkitPro/libctru/lib\libctru.a(apt.o)
                0x0010bc9c                APT_CheckNew3DS
 .text.fsInit   0x0010bd18       0xd0 C:/devkitPro/libctru/lib\libctru.a(fs.o)
                0x0010bd18                fsInit
 .text.fsExit   0x0010bde8       0x3c C:/devkitPro/libctru/lib\libctru.a(fs.o)
                0x0010bde8                fsExit
 .text.fsExemptFromSession
                0x0010be24       0x60 C:/devkitPro/libctru/lib\libctru.a(fs.o)
                0x0010be24                fsExemptFromSession
 .text.fsUnexemptFromSession
                0x0010be84       0x50 C:/devkitPro/libctru/lib\libctru.a(fs.o)
                0x0010be84                fsUnexemptFromSession
 .text.FSUSER_OpenFile
                0x0010bed4       0xcc C:/devkitPro/libctru/lib\libctru.a(fs.o)
                0x0010bed4                FSUSER_OpenFile
 .text.FSUSER_OpenFileDirectly
                0x0010bfa0       0xd4 C:/devkitPro/libctru/lib\libctru.a(fs.o)
                0x0010bfa0                FSUSER_OpenFileDirectly
 .text.FSUSER_DeleteFile
                0x0010c074       0xbc C:/devkitPro/libctru/lib\libctru.a(fs.o)
                0x0010c074                FSUSER_DeleteFile
 .text.FSUSER_RenameFile
                0x0010c130       0xf8 C:/devkitPro/libctru/lib\libctru.a(fs.o)
                0x0010c130                FSUSER_RenameFile
 .text.FSUSER_DeleteDirectory
                0x0010c228       0xbc C:/devkitPro/libctru/lib\libctru.a(fs.o)
                0x0010c228                FSUSER_DeleteDirectory
 .text.FSUSER_CreateFile
                0x0010c2e4       0xd4 C:/devkitPro/libctru/lib\libctru.a(fs.o)
                0x0010c2e4                FSUSER_CreateFile
 .text.FSUSER_CreateDirectory
                0x0010c3b8       0xc4 C:/devkitPro/libctru/lib\libctru.a(fs.o)
                0x0010c3b8                FSUSER_CreateDirectory
 .text.FSUSER_RenameDirectory
                0x0010c47c       0xf8 C:/devkitPro/libctru/lib\libctru.a(fs.o)
                0x0010c47c                FSUSER_RenameDirectory
 .text.FSUSER_OpenDirectory
                0x0010c574       0xb4 C:/devkitPro/libctru/lib\libctru.a(fs.o)
                0x0010c574                FSUSER_OpenDirectory
 .text.FSUSER_OpenArchive
                0x0010c628       0x94 C:/devkitPro/libctru/lib\libctru.a(fs.o)
                0x0010c628                FSUSER_OpenArchive
 .text.FSUSER_CloseArchive
                0x0010c6bc       0x8c C:/devkitPro/libctru/lib\libctru.a(fs.o)
                0x0010c6bc                FSUSER_CloseArchive
 .text.FSUSER_GetSdmcArchiveResource
                0x0010c748       0x74 C:/devkitPro/libctru/lib\libctru.a(fs.o)
                0x0010c748                FSUSER_GetSdmcArchiveResource
 .text.FSUSER_IsSdmcWritable
                0x0010c7bc       0x64 C:/devkitPro/libctru/lib\libctru.a(fs.o)
                0x0010c7bc                FSUSER_IsSdmcWritable
 .text.FSFILE_Read
                0x0010c820       0x58 C:/devkitPro/libctru/lib\libctru.a(fs.o)
                0x0010c820                FSFILE_Read
 .text.FSFILE_Write
                0x0010c878       0x60 C:/devkitPro/libctru/lib\libctru.a(fs.o)
                0x0010c878                FSFILE_Write
 .text.FSFILE_GetSize
                0x0010c8d8       0x38 C:/devkitPro/libctru/lib\libctru.a(fs.o)
                0x0010c8d8                FSFILE_GetSize
 .text.FSFILE_SetSize
                0x0010c910       0x28 C:/devkitPro/libctru/lib\libctru.a(fs.o)
                0x0010c910                FSFILE_SetSize
 .text.FSFILE_Close
                0x0010c938       0x3c C:/devkitPro/libctru/lib\libctru.a(fs.o)
                0x0010c938                FSFILE_Close
 .text.FSFILE_Flush
                0x0010c974       0x24 C:/devkitPro/libctru/lib\libctru.a(fs.o)
                0x0010c974                FSFILE_Flush
 .text.FSDIR_Read
                0x0010c998       0x50 C:/devkitPro/libctru/lib\libctru.a(fs.o)
                0x0010c998                FSDIR_Read
 .text.FSDIR_Close
                0x0010c9e8       0x3c C:/devkitPro/libctru/lib\libctru.a(fs.o)
                0x0010c9e8                FSDIR_Close
 .text.gspHardwareInit
                0x0010ca24      0xc70 C:/devkitPro/libctru/lib\libctru.a(gspgpu.o)
 .text.gspInit  0x0010d694      0x248 C:/devkitPro/libctru/lib\libctru.a(gspgpu.o)
                0x0010d694                gspInit
 .text.gspExit  0x0010d8dc       0xe4 C:/devkitPro/libctru/lib\libctru.a(gspgpu.o)
                0x0010d8dc                gspExit
 .text.gspHasGpuRight
                0x0010d9c0       0x10 C:/devkitPro/libctru/lib\libctru.a(gspgpu.o)
                0x0010d9c0                gspHasGpuRight
 .text.gspPresentBuffer
                0x0010d9d0       0xa0 C:/devkitPro/libctru/lib\libctru.a(gspgpu.o)
                0x0010d9d0                gspPresentBuffer
 .text.gspSetEventCallback
                0x0010da70       0x30 C:/devkitPro/libctru/lib\libctru.a(gspgpu.o)
                0x0010da70                gspSetEventCallback
 .text.gspWaitForEvent
                0x0010daa0       0x44 C:/devkitPro/libctru/lib\libctru.a(gspgpu.o)
                0x0010daa0                gspWaitForEvent
 .text.gspWaitForAnyEvent
                0x0010dae4       0x4c C:/devkitPro/libctru/lib\libctru.a(gspgpu.o)
                0x0010dae4                gspWaitForAnyEvent
 .text.gspEventThreadMain
                0x0010db30      0x160 C:/devkitPro/libctru/lib\libctru.a(gspgpu.o)
 .text.gspSubmitGxCommand
                0x0010dc90      0x130 C:/devkitPro/libctru/lib\libctru.a(gspgpu.o)
                0x0010dc90                gspSubmitGxCommand
 .text.GSPGPU_FlushDataCache
                0x0010ddc0       0x50 C:/devkitPro/libctru/lib\libctru.a(gspgpu.o)
                0x0010ddc0                GSPGPU_FlushDataCache
 .text.GSPGPU_SetLcdForceBlack
                0x0010de10       0x34 C:/devkitPro/libctru/lib\libctru.a(gspgpu.o)
                0x0010de10                GSPGPU_SetLcdForceBlack
 .text.GSPGPU_AcquireRight
                0x0010de44       0x68 C:/devkitPro/libctru/lib\libctru.a(gspgpu.o)
                0x0010de44                GSPGPU_AcquireRight
 .text.GSPGPU_ReleaseRight
                0x0010deac       0x48 C:/devkitPro/libctru/lib\libctru.a(gspgpu.o)
                0x0010deac                GSPGPU_ReleaseRight
 .text.GSPGPU_ImportDisplayCaptureInfo
                0x0010def4       0x7c C:/devkitPro/libctru/lib\libctru.a(gspgpu.o)
                0x0010def4                GSPGPU_ImportDisplayCaptureInfo
 .text.GSPGPU_SaveVramSysArea
                0x0010df70       0x2c C:/devkitPro/libctru/lib\libctru.a(gspgpu.o)
                0x0010df70                GSPGPU_SaveVramSysArea
 .text.GSPGPU_RestoreVramSysArea
                0x0010df9c       0x2c C:/devkitPro/libctru/lib\libctru.a(gspgpu.o)
                0x0010df9c                GSPGPU_RestoreVramSysArea
 .text.hidShouldUseIrrst
                0x0010dfc8       0x24 C:/devkitPro/libctru/lib\libctru.a(hid.o)
                0x0010dfc8                hidShouldUseIrrst
 .text.hidInit  0x0010dfec      0x18c C:/devkitPro/libctru/lib\libctru.a(hid.o)
                0x0010dfec                hidInit
 .text.hidExit  0x0010e178       0xe8 C:/devkitPro/libctru/lib\libctru.a(hid.o)
                0x0010e178                hidExit
 .text.hidScanInput
                0x0010e260      0x2a4 C:/devkitPro/libctru/lib\libctru.a(hid.o)
                0x0010e260                hidScanInput
 .text.hidKeysDown
                0x0010e504       0x10 C:/devkitPro/libctru/lib\libctru.a(hid.o)
                0x0010e504                hidKeysDown
 .text.hidTouchRead
                0x0010e514       0x18 C:/devkitPro/libctru/lib\libctru.a(hid.o)
                0x0010e514                hidTouchRead
 .text.irrstInit
                0x0010e52c      0x160 C:/devkitPro/libctru/lib\libctru.a(irrst.o)
                0x0010e52c                irrstInit
 .text.irrstExit
                0x0010e68c       0xcc C:/devkitPro/libctru/lib\libctru.a(irrst.o)
                0x0010e68c                irrstExit
 .text.irrstScanInput
                0x0010e758       0xb4 C:/devkitPro/libctru/lib\libctru.a(irrst.o)
                0x0010e758                irrstScanInput
 .text.irrstKeysHeld
                0x0010e80c       0x24 C:/devkitPro/libctru/lib\libctru.a(irrst.o)
                0x0010e80c                irrstKeysHeld
 .text.ptmSysmInit
                0x0010e830       0x74 C:/devkitPro/libctru/lib\libctru.a(ptmsysm.o)
                0x0010e830                ptmSysmInit
 .text.ptmSysmExit
                0x0010e8a4       0x3c C:/devkitPro/libctru/lib\libctru.a(ptmsysm.o)
                0x0010e8a4                ptmSysmExit
 .text.PTMSYSM_ConfigureNew3DSCPU
                0x0010e8e0       0x34 C:/devkitPro/libctru/lib\libctru.a(ptmsysm.o)
                0x0010e8e0                PTMSYSM_ConfigureNew3DSCPU
 .text.buffer_read
                0x0010e914       0xe0 C:/devkitPro/libctru/lib\libctru.a(decompress.o)
 .text.iov_read
                0x0010e9f4       0xcc C:/devkitPro/libctru/lib\libctru.a(decompress.o)
 .text.iov_memmove
                0x0010eac0      0x148 C:/devkitPro/libctru/lib\libctru.a(decompress.o)
 .text.decompress_rle
                0x0010ec08      0x1dc C:/devkitPro/libctru/lib\libctru.a(decompress.o)
 .text.decompress_lzss
                0x0010ede4      0x26c C:/devkitPro/libctru/lib\libctru.a(decompress.o)
 .text.decompress_lz11
                0x0010f050      0x42c C:/devkitPro/libctru/lib\libctru.a(decompress.o)
 .text.decompress_huff
                0x0010f47c      0x36c C:/devkitPro/libctru/lib\libctru.a(decompress.o)
 .text.decompressCallback_Stdio
                0x0010f7e8       0x10 C:/devkitPro/libctru/lib\libctru.a(decompress.o)
                0x0010f7e8                decompressCallback_Stdio
 .text.decompressHeader
                0x0010f7f8       0xe4 C:/devkitPro/libctru/lib\libctru.a(decompress.o)
                0x0010f7f8                decompressHeader
 .text.decompressV
                0x0010f8dc      0x200 C:/devkitPro/libctru/lib\libctru.a(decompress.o)
                0x0010f8dc                decompressV
 .text.rbtree_find
                0x0010fadc       0x74 C:/devkitPro/libctru/lib\libctru.a(rbtree_find.o)
                0x0010fadc                rbtree_find
 .text.rbtree_init
                0x0010fb50       0x10 C:/devkitPro/libctru/lib\libctru.a(rbtree_init.o)
                0x0010fb50                rbtree_init
 .text.do_insert
                0x0010fb60      0x19c C:/devkitPro/libctru/lib\libctru.a(rbtree_insert.o)
 .text.rbtree_insert
                0x0010fcfc        0x8 C:/devkitPro/libctru/lib\libctru.a(rbtree_insert.o)
                0x0010fcfc                rbtree_insert
 .text.rbtree_remove
                0x0010fd04      0x310 C:/devkitPro/libctru/lib\libctru.a(rbtree_remove.o)
                0x0010fd04                rbtree_remove
 .text.rbtree_rotate
                0x00110014       0x90 C:/devkitPro/libctru/lib\libctru.a(rbtree_rotate.o)
                0x00110014                rbtree_rotate
 .text.utf16_to_utf8
                0x001100a4       0xe8 C:/devkitPro/libctru/lib\libctru.a(utf16_to_utf8.o)
                0x001100a4                utf16_to_utf8
 .text.utf8_to_utf16
                0x0011018c       0xc0 C:/devkitPro/libctru/lib\libctru.a(utf8_to_utf16.o)
                0x0011018c                utf8_to_utf16
 *fill*         0x0011024c        0x4 
 .text.__system_allocateHeaps
                0x00110250      0x1e0 C:/devkitPro/libctru/lib\libctru.a(allocateHeaps.o)
                0x00110250                __system_allocateHeaps
 .text.__libctru_init
                0x00110430       0x38 C:/devkitPro/libctru/lib\libctru.a(ctru_init.o)
                0x00110430                __libctru_init
 .text.__system_initArgv
                0x00110468      0x160 C:/devkitPro/libctru/lib\libctru.a(initArgv.o)
                0x00110468                __system_initArgv
 .text.__syscall_getreent
                0x001105c8       0x30 C:/devkitPro/libctru/lib\libctru.a(syscalls.o)
                0x001105c8                __syscall_getreent
 .text.__syscall_gettod_r
                0x001105f8       0x64 C:/devkitPro/libctru/lib\libctru.a(syscalls.o)
                0x001105f8                __syscall_gettod_r
 .text.__syscall_lock_acquire
                0x0011065c        0x4 C:/devkitPro/libctru/lib\libctru.a(syscalls.o)
                0x0011065c                __syscall_lock_acquire
 .text.__syscall_lock_release
                0x00110660        0x4 C:/devkitPro/libctru/lib\libctru.a(syscalls.o)
                0x00110660                __syscall_lock_release
 .text.__syscall_lock_acquire_recursive
                0x00110664        0x4 C:/devkitPro/libctru/lib\libctru.a(syscalls.o)
                0x00110664                __syscall_lock_acquire_recursive
 .text.__syscall_lock_release_recursive
                0x00110668        0x4 C:/devkitPro/libctru/lib\libctru.a(syscalls.o)
                0x00110668                __syscall_lock_release_recursive
 .text.__syscall_exit
                0x0011066c        0x4 C:/devkitPro/libctru/lib\libctru.a(syscalls.o)
                0x0011066c                __syscall_exit
 .text.initThreadVars
                0x00110670       0x50 C:/devkitPro/libctru/lib\libctru.a(syscalls.o)
                0x00110670                initThreadVars
 .text.__system_initSyscalls
                0x001106c0       0x80 C:/devkitPro/libctru/lib\libctru.a(syscalls.o)
                0x001106c0                __system_initSyscalls
 .text.svcControlMemory
                0x00110740       0x20 C:/devkitPro/libctru/lib\libctru.a(svc.o)
                0x00110740                svcControlMemory
 .text.svcQueryMemory
                0x00110760       0x30 C:/devkitPro/libctru/lib\libctru.a(svc.o)
                0x00110760                svcQueryMemory
 .text.svcExitProcess
                0x00110790        0x8 C:/devkitPro/libctru/lib\libctru.a(svc.o)
                0x00110790                svcExitProcess
 .text.svcCreateThread
                0x00110798       0x20 C:/devkitPro/libctru/lib\libctru.a(svc.o)
                0x00110798                svcCreateThread
 .text.svcExitThread
                0x001107b8        0x8 C:/devkitPro/libctru/lib\libctru.a(svc.o)
                0x001107b8                svcExitThread
 .text.svcSleepThread
                0x001107c0        0x8 C:/devkitPro/libctru/lib\libctru.a(svc.o)
                0x001107c0                svcSleepThread
 .text.svcReleaseMutex
                0x001107c8        0x8 C:/devkitPro/libctru/lib\libctru.a(svc.o)
                0x001107c8                svcReleaseMutex
 .text.svcCreateEvent
                0x001107d0       0x14 C:/devkitPro/libctru/lib\libctru.a(svc.o)
                0x001107d0                svcCreateEvent
 .text.svcSignalEvent
                0x001107e4        0x8 C:/devkitPro/libctru/lib\libctru.a(svc.o)
                0x001107e4                svcSignalEvent
 .text.svcClearEvent
                0x001107ec        0x8 C:/devkitPro/libctru/lib\libctru.a(svc.o)
                0x001107ec                svcClearEvent
 .text.svcMapMemoryBlock
                0x001107f4        0x8 C:/devkitPro/libctru/lib\libctru.a(svc.o)
                0x001107f4                svcMapMemoryBlock
 .text.svcUnmapMemoryBlock
                0x001107fc        0x8 C:/devkitPro/libctru/lib\libctru.a(svc.o)
                0x001107fc                svcUnmapMemoryBlock
 .text.svcCreateAddressArbiter
                0x00110804       0x14 C:/devkitPro/libctru/lib\libctru.a(svc.o)
                0x00110804                svcCreateAddressArbiter
 .text.svcArbitrateAddressNoTimeout
                0x00110818        0x8 C:/devkitPro/libctru/lib\libctru.a(svc.o)
                0x00110818                svcArbitrateAddressNoTimeout
 .text.svcCloseHandle
                0x00110820        0x8 C:/devkitPro/libctru/lib\libctru.a(svc.o)
                0x00110820                svcCloseHandle
 .text.svcWaitSynchronization
                0x00110828        0x8 C:/devkitPro/libctru/lib\libctru.a(svc.o)
                0x00110828                svcWaitSynchronization
 .text.svcWaitSynchronizationN
                0x00110830       0x28 C:/devkitPro/libctru/lib\libctru.a(svc.o)
                0x00110830                svcWaitSynchronizationN
 .text.svcDuplicateHandle
                0x00110858       0x14 C:/devkitPro/libctru/lib\libctru.a(svc.o)
                0x00110858                svcDuplicateHandle
 .text.svcGetSystemTick
                0x0011086c        0x8 C:/devkitPro/libctru/lib\libctru.a(svc.o)
                0x0011086c                svcGetSystemTick
 .text.svcConnectToPort
                0x00110874       0x14 C:/devkitPro/libctru/lib\libctru.a(svc.o)
                0x00110874                svcConnectToPort
 .text.svcSendSyncRequest
                0x00110888        0x8 C:/devkitPro/libctru/lib\libctru.a(svc.o)
                0x00110888                svcSendSyncRequest
 .text.svcGetResourceLimit
                0x00110890       0x14 C:/devkitPro/libctru/lib\libctru.a(svc.o)
                0x00110890                svcGetResourceLimit
 .text.svcGetResourceLimitLimitValues
                0x001108a4        0x8 C:/devkitPro/libctru/lib\libctru.a(svc.o)
                0x001108a4                svcGetResourceLimitLimitValues
 .text.svcGetResourceLimitCurrentValues
                0x001108ac        0x8 C:/devkitPro/libctru/lib\libctru.a(svc.o)
                0x001108ac                svcGetResourceLimitCurrentValues
 .text.svcBreak
                0x001108b4        0x8 C:/devkitPro/libctru/lib\libctru.a(svc.o)
                0x001108b4                svcBreak
 .text.__aeabi_read_tp
                0x001108bc        0xc C:/devkitPro/libctru/lib\libctru.a(readtp.o)
                0x001108bc                __aeabi_read_tp
 .text.initSystem
                0x001108c8       0x50 C:/devkitPro/libctru/lib\libctru.a(stack_adjust.o)
                0x001108c8                initSystem
 .text.__ctru_exit
                0x00110918       0x14 C:/devkitPro/libctru/lib\libctru.a(stack_adjust.o)
                0x00110918                __ctru_exit
 .text.envGetHandle
                0x0011092c       0x84 C:/devkitPro/libctru/lib\libctru.a(env.o)
                0x0011092c                envGetHandle
 .text.envDestroyHandles
                0x001109b0       0x50 C:/devkitPro/libctru/lib\libctru.a(env.o)
                0x001109b0                envDestroyHandles
 .text.srvInit  0x00110a00      0x12c C:/devkitPro/libctru/lib\libctru.a(srv.o)
                0x00110a00                srvInit
 .text.srvExit  0x00110b2c       0x58 C:/devkitPro/libctru/lib\libctru.a(srv.o)
                0x00110b2c                srvExit
 .text.srvEnableNotification
                0x00110b84       0x60 C:/devkitPro/libctru/lib\libctru.a(srv.o)
                0x00110b84                srvEnableNotification
 .text.srvGetServiceHandleDirect
                0x00110be4       0xa0 C:/devkitPro/libctru/lib\libctru.a(srv.o)
                0x00110be4                srvGetServiceHandleDirect
 .text.srvGetServiceHandle
                0x00110c84       0x38 C:/devkitPro/libctru/lib\libctru.a(srv.o)
                0x00110c84                srvGetServiceHandle
 .text.srvSubscribe
                0x00110cbc       0x34 C:/devkitPro/libctru/lib\libctru.a(srv.o)
                0x00110cbc                srvSubscribe
 .text.srvReceiveNotification
                0x00110cf0       0x60 C:/devkitPro/libctru/lib\libctru.a(srv.o)
                0x00110cf0                srvReceiveNotification
 .text.srvPublishToSubscriber
                0x00110d50       0x38 C:/devkitPro/libctru/lib\libctru.a(srv.o)
                0x00110d50                srvPublishToSubscriber
 .text.__sync_init
                0x00110d88        0xc C:/devkitPro/libctru/lib\libctru.a(synchronization.o)
                0x00110d88                __sync_init
 .text.__sync_fini
                0x00110d94       0x18 C:/devkitPro/libctru/lib\libctru.a(synchronization.o)
                0x00110d94                __sync_fini
 .text.syncArbitrateAddress
                0x00110dac       0x2c C:/devkitPro/libctru/lib\libctru.a(synchronization.o)
                0x00110dac                syncArbitrateAddress
 .text.LightLock_Lock
                0x00110dd8       0xb0 C:/devkitPro/libctru/lib\libctru.a(synchronization.o)
                0x00110dd8                LightLock_Lock
 .text.LightLock_Unlock
                0x00110e88       0x40 C:/devkitPro/libctru/lib\libctru.a(synchronization.o)
                0x00110e88                LightLock_Unlock
 .text.RecursiveLock_Lock
                0x00110ec8       0x30 C:/devkitPro/libctru/lib\libctru.a(synchronization.o)
                0x00110ec8                RecursiveLock_Lock
 .text.RecursiveLock_Unlock
                0x00110ef8       0x54 C:/devkitPro/libctru/lib\libctru.a(synchronization.o)
                0x00110ef8                RecursiveLock_Unlock
 .text.LightEvent_Init
                0x00110f4c       0x40 C:/devkitPro/libctru/lib\libctru.a(synchronization.o)
                0x00110f4c                LightEvent_Init
 .text.LightEvent_Clear
                0x00110f8c       0xa4 C:/devkitPro/libctru/lib\libctru.a(synchronization.o)
                0x00110f8c                LightEvent_Clear
 .text.LightEvent_Signal
                0x00111030       0xc8 C:/devkitPro/libctru/lib\libctru.a(synchronization.o)
                0x00111030                LightEvent_Signal
 .text.LightEvent_TryWait
                0x001110f8       0x50 C:/devkitPro/libctru/lib\libctru.a(synchronization.o)
                0x001110f8                LightEvent_TryWait
 .text.LightEvent_Wait
                0x00111148       0xa0 C:/devkitPro/libctru/lib\libctru.a(synchronization.o)
                0x00111148                LightEvent_Wait
 .text.threadCreate
                0x001111e8      0x1d4 C:/devkitPro/libctru/lib\libctru.a(thread.o)
                0x001111e8                threadCreate
 .text.threadFree
                0x001113bc       0x2c C:/devkitPro/libctru/lib\libctru.a(thread.o)
                0x001113bc                threadFree
 .text.threadJoin
                0x001113e8       0x24 C:/devkitPro/libctru/lib\libctru.a(thread.o)
                0x001113e8                threadJoin
 .text.threadGetCurrent
                0x0011140c       0x30 C:/devkitPro/libctru/lib\libctru.a(thread.o)
                0x0011140c                threadGetCurrent
 .text.threadExit
                0x0011143c       0x40 C:/devkitPro/libctru/lib\libctru.a(thread.o)
                0x0011143c                threadExit
 .text._thread_begin
                0x0011147c       0x20 C:/devkitPro/libctru/lib\libctru.a(thread.o)
 .text.mappableFindAddressWithin
                0x0011149c       0x90 C:/devkitPro/libctru/lib\libctru.a(mappable.o)
 .text.mappableInit
                0x0011152c       0x28 C:/devkitPro/libctru/lib\libctru.a(mappable.o)
                0x0011152c                mappableInit
 .text.mappableAlloc
                0x00111554       0x80 C:/devkitPro/libctru/lib\libctru.a(mappable.o)
                0x00111554                mappableAlloc
 .text.mappableFree
                0x001115d4        0x4 C:/devkitPro/libctru/lib\libctru.a(mappable.o)
                0x001115d4                mappableFree
 .text.srvPmGetSessionHandle
                0x001115d8        0xc C:/devkitPro/libctru/lib\libctru.a(srvpm.o)
                0x001115d8                srvPmGetSessionHandle
 .text.rbtree_node_next
                0x001115e4       0x5c C:/devkitPro/libctru/lib\libctru.a(rbtree_iterator.o)
                0x001115e4                rbtree_node_next
 .text.decode_utf16
                0x00111640       0x64 C:/devkitPro/libctru/lib\libctru.a(decode_utf16.o)
                0x00111640                decode_utf16
 .text.decode_utf8
                0x001116a4      0x13c C:/devkitPro/libctru/lib\libctru.a(decode_utf8.o)
                0x001116a4                decode_utf8
 .text.encode_utf16
                0x001117e0       0x54 C:/devkitPro/libctru/lib\libctru.a(encode_utf16.o)
                0x001117e0                encode_utf16
 .text.encode_utf8
                0x00111834       0xe0 C:/devkitPro/libctru/lib\libctru.a(encode_utf8.o)
                0x00111834                encode_utf8
 .text.__appExit
                0x00111914       0x30 C:/devkitPro/libctru/lib\libctru.a(appExit.o)
                0x00111914                __appExit
 .text.__appInit
                0x00111944       0x30 C:/devkitPro/libctru/lib\libctru.a(appInit.o)
                0x00111944                __appInit
 .text.__libctru_exit
                0x00111974       0x90 C:/devkitPro/libctru/lib\libctru.a(ctru_exit.o)
                0x00111974                __libctru_exit
 .text.archive_link
                0x00111a04       0x14 C:/devkitPro/libctru/lib\libctru.a(archive_dev.o)
 .text.archive_dirreset
                0x00111a18       0x14 C:/devkitPro/libctru/lib\libctru.a(archive_dev.o)
 .text.archive_chmod
                0x00111a2c       0x14 C:/devkitPro/libctru/lib\libctru.a(archive_dev.o)
 .text.error_cmp
                0x00111a40       0x24 C:/devkitPro/libctru/lib\libctru.a(archive_dev.o)
 .text.archive_translate_error
                0x00111a64       0x50 C:/devkitPro/libctru/lib\libctru.a(archive_dev.o)
 .text.archive_seek
                0x00111ab4       0xc4 C:/devkitPro/libctru/lib\libctru.a(archive_dev.o)
 .text._archiveInit.part.0
                0x00111b78       0x78 C:/devkitPro/libctru/lib\libctru.a(archive_dev.o)
 .text.archiveFindDevice.part.0
                0x00111bf0       0xc4 C:/devkitPro/libctru/lib\libctru.a(archive_dev.o)
 .text.archive_utf16path
                0x00111cb4      0x290 C:/devkitPro/libctru/lib\libctru.a(archive_dev.o)
 .text._archiveUnmountDeviceStruct.part.0
                0x00111f44       0x9c C:/devkitPro/libctru/lib\libctru.a(archive_dev.o)
 .text.archive_statvfs
                0x00111fe0       0x14 C:/devkitPro/libctru/lib\libctru.a(archive_dev.o)
 .text.archive_fchmod
                0x00111ff4       0x14 C:/devkitPro/libctru/lib\libctru.a(archive_dev.o)
 .text._archiveMountDevice
                0x00112008      0x168 C:/devkitPro/libctru/lib\libctru.a(archive_dev.o)
 .text.archive_diropen
                0x00112170       0xe8 C:/devkitPro/libctru/lib\libctru.a(archive_dev.o)
 .text.archive_fstat
                0x00112258       0xa4 C:/devkitPro/libctru/lib\libctru.a(archive_dev.o)
 .text.archive_fsync
                0x001122fc       0x6c C:/devkitPro/libctru/lib\libctru.a(archive_dev.o)
 .text.archive_close
                0x00112368       0x6c C:/devkitPro/libctru/lib\libctru.a(archive_dev.o)
 .text.archive_dirclose
                0x001123d4       0x70 C:/devkitPro/libctru/lib\libctru.a(archive_dev.o)
 .text.sdmc_statvfs
                0x00112444       0xe4 C:/devkitPro/libctru/lib\libctru.a(archive_dev.o)
 .text.archive_chdir
                0x00112528       0xec C:/devkitPro/libctru/lib\libctru.a(archive_dev.o)
 .text.archive_ftruncate
                0x00112614       0x7c C:/devkitPro/libctru/lib\libctru.a(archive_dev.o)
 .text.archive_read
                0x00112690       0xac C:/devkitPro/libctru/lib\libctru.a(archive_dev.o)
 .text.archive_unlink
                0x0011273c       0xa4 C:/devkitPro/libctru/lib\libctru.a(archive_dev.o)
 .text.archive_rmdir
                0x001127e0       0xbc C:/devkitPro/libctru/lib\libctru.a(archive_dev.o)
 .text.archive_mkdir
                0x0011289c       0xdc C:/devkitPro/libctru/lib\libctru.a(archive_dev.o)
 .text.archive_stat
                0x00112978      0x194 C:/devkitPro/libctru/lib\libctru.a(archive_dev.o)
 .text.archive_dirnext
                0x00112b0c      0x15c C:/devkitPro/libctru/lib\libctru.a(archive_dev.o)
 .text.archive_write
                0x00112c68      0x124 C:/devkitPro/libctru/lib\libctru.a(archive_dev.o)
 *fill*         0x00112d8c        0x4 
 .text.archive_open
                0x00112d90      0x210 C:/devkitPro/libctru/lib\libctru.a(archive_dev.o)
 .text.archive_rename
                0x00112fa0      0x268 C:/devkitPro/libctru/lib\libctru.a(archive_dev.o)
 .text.archiveMountSdmc
                0x00113208      0x19c C:/devkitPro/libctru/lib\libctru.a(archive_dev.o)
                0x00113208                archiveMountSdmc
 .text.archiveUnmountAll
                0x001133a4       0x54 C:/devkitPro/libctru/lib\libctru.a(archive_dev.o)
                0x001133a4                archiveUnmountAll
 .text.sinf     0x001133f8      0x25c C:/devkitPro/devkitARM/bin/../lib/gcc/arm-none-eabi/14.2.0/../../../../arm-none-eabi/lib/armv6k/fpu\libm.a(libm_a-sinf.o)
                0x001133f8                sinf
 .text.with_errnof
                0x00113654       0x24 C:/devkitPro/devkitARM/bin/../lib/gcc/arm-none-eabi/14.2.0/../../../../arm-none-eabi/lib/armv6k/fpu\libm.a(libm_a-math_errf.o)
 .text.__math_invalidf
                0x00113678       0x1c C:/devkitPro/devkitARM/bin/../lib/gcc/arm-none-eabi/14.2.0/../../../../arm-none-eabi/lib/armv6k/fpu\libm.a(libm_a-math_errf.o)
                0x00113678                __math_invalidf
 *fill*         0x00113694        0x4 
 .text.cosf     0x00113698      0x21c C:/devkitPro/devkitARM/bin/../lib/gcc/arm-none-eabi/14.2.0/../../../../arm-none-eabi/lib/armv6k/fpu\libm.a(libm_a-cosf.o)
                0x00113698                cosf
 .text.__udivmoddi4
                0x001138b4      0x120 C:/devkitPro/devkitARM/bin/../lib/gcc/arm-none-eabi/14.2.0/armv6k/fpu\libgcc.a(_udivmoddi4.o)
                0x001138b4                __udivmoddi4
 .text.strncmp  0x001139d4       0xd8 C:/devkitPro/devkitARM/bin/../lib/gcc/arm-none-eabi/14.2.0/../../../../arm-none-eabi/lib/armv6k/fpu\libg.a(libc_a-strncmp.o)
                0x001139d4                strncmp
 .text.strchr   0x00113aac      0x130 C:/devkitPro/devkitARM/bin/../lib/gcc/arm-none-eabi/14.2.0/../../../../arm-none-eabi/lib/armv6k/fpu\libg.a(libc_a-strchr.o)
                0x00113aac                strchr
 .text.srand    0x00113bdc       0x1c C:/devkitPro/devkitARM/bin/../lib/gcc/arm-none-eabi/14.2.0/../../../../arm-none-eabi/lib/armv6k/fpu\libg.a(libc_a-rand.o)
                0x00113bdc                srand
 .text.rand     0x00113bf8       0x44 C:/devkitPro/devkitARM/bin/../lib/gcc/arm-none-eabi/14.2.0/../../../../arm-none-eabi/lib/armv6k/fpu\libg.a(libc_a-rand.o)
                0x00113bf8                rand
 .text.strlen   0x00113c3c       0x5c C:/devkitPro/devkitARM/bin/../lib/gcc/arm-none-eabi/14.2.0/../../../../arm-none-eabi/lib/armv6k/fpu\libg.a(libc_a-strlen-stub.o)
                0x00113c3c                strlen
 .text.memmove  0x00113c98      0x160 C:/devkitPro/devkitARM/bin/../lib/gcc/arm-none-eabi/14.2.0/../../../../arm-none-eabi/lib/armv6k/fpu\libg.a(libc_a-memmove.o)
                0x00113c98                memmove
 .text.memcmp   0x00113df8       0xd4 C:/devkitPro/devkitARM/bin/../lib/gcc/arm-none-eabi/14.2.0/../../../../arm-none-eabi/lib/armv6k/fpu\libg.a(libc_a-memcmp.o)
                0x00113df8                memcmp
 .text._strtoul_l.isra.0
                0x00113ecc      0x1e4 C:/devkitPro/devkitARM/bin/../lib/gcc/arm-none-eabi/14.2.0/../../../../arm-none-eabi/lib/armv6k/fpu\libg.a(libc_a-strtoul.o)
 .text.strtoul  0x001140b0       0x34 C:/devkitPro/devkitARM/bin/../lib/gcc/arm-none-eabi/14.2.0/../../../../arm-none-eabi/lib/armv6k/fpu\libg.a(libc_a-strtoul.o)
                0x001140b0                strtoul
 .text.strncat  0x001140e4       0xe4 C:/devkitPro/devkitARM/bin/../lib/gcc/arm-none-eabi/14.2.0/../../../../arm-none-eabi/lib/armv6k/fpu\libg.a(libc_a-strncat.o)
                0x001140e4                strncat
 .text.bsearch  0x001141c8       0x78 C:/devkitPro/devkitARM/bin/../lib/gcc/arm-none-eabi/14.2.0/../../../../arm-none-eabi/lib/armv6k/fpu\libg.a(libc_a-bsearch.o)
                0x001141c8                bsearch
 .text._fread_r
                0x00114240      0x344 C:/devkitPro/devkitARM/bin/../lib/gcc/arm-none-eabi/14.2.0/../../../../arm-none-eabi/lib/armv6k/fpu\libg.a(libc_a-fread.o)
                0x00114240                _fread_r
 .text.fread    0x00114584       0x38 C:/devkitPro/devkitARM/bin/../lib/gcc/arm-none-eabi/14.2.0/../../../../arm-none-eabi/lib/armv6k/fpu\libg.a(libc_a-fread.o)
                0x00114584                fread
 .text.calloc   0x001145bc       0x20 C:/devkitPro/devkitARM/bin/../lib/gcc/arm-none-eabi/14.2.0/../../../../arm-none-eabi/lib/armv6k/fpu\libg.a(libc_a-calloc.o)
                0x001145bc                calloc
 .text.lflush   0x001145dc       0x38 C:/devkitPro/devkitARM/bin/../lib/gcc/arm-none-eabi/14.2.0/../../../../arm-none-eabi/lib/armv6k/fpu\libg.a(libc_a-refill.o)
 .text.__srefill_r
                0x00114614      0x19c C:/devkitPro/devkitARM/bin/../lib/gcc/arm-none-eabi/14.2.0/../../../../arm-none-eabi/lib/armv6k/fpu\libg.a(libc_a-refill.o)
                0x00114614                __srefill_r
 .text._fclose_r
                0x001147b0      0x148 C:/devkitPro/devkitARM/bin/../lib/gcc/arm-none-eabi/14.2.0/../../../../arm-none-eabi/lib/armv6k/fpu\libg.a(libc_a-fclose.o)
                0x001147b0                _fclose_r
 .text.fclose   0x001148f8       0x18 C:/devkitPro/devkitARM/bin/../lib/gcc/arm-none-eabi/14.2.0/../../../../arm-none-eabi/lib/armv6k/fpu\libg.a(libc_a-fclose.o)
                0x001148f8                fclose
 .text._calloc_r
                0x00114910       0xc0 C:/devkitPro/devkitARM/bin/../lib/gcc/arm-none-eabi/14.2.0/../../../../arm-none-eabi/lib/armv6k/fpu\libg.a(libc_a-callocr.o)
                0x00114910                _calloc_r
 .text.__smakebuf_r
                0x001149d0      0x144 C:/devkitPro/devkitARM/bin/../lib/gcc/arm-none-eabi/14.2.0/../../../../arm-none-eabi/lib/armv6k/fpu\libg.a(libc_a-makebuf.o)
                0x001149d0                __smakebuf_r
 .text.__swhatbuf_r
                0x00114b14       0x8c C:/devkitPro/devkitARM/bin/../lib/gcc/arm-none-eabi/14.2.0/../../../../arm-none-eabi/lib/armv6k/fpu\libg.a(libc_a-makebuf.o)
                0x00114b14                __swhatbuf_r
 .text.memalign
                0x00114ba0       0x20 C:/devkitPro/devkitARM/bin/../lib/gcc/arm-none-eabi/14.2.0/../../../../arm-none-eabi/lib/armv6k/fpu\libg.a(libc_a-malign.o)
                0x00114ba0                memalign
 .text.stdio_exit_handler
                0x00114bc0       0x1c C:/devkitPro/devkitARM/bin/../lib/gcc/arm-none-eabi/14.2.0/../../../../arm-none-eabi/lib/armv6k/fpu\libg.a(libc_a-findfp.o)
 .text.cleanup_stdio
                0x00114bdc       0x5c C:/devkitPro/devkitARM/bin/../lib/gcc/arm-none-eabi/14.2.0/../../../../arm-none-eabi/lib/armv6k/fpu\libg.a(libc_a-findfp.o)
 .text.global_stdio_init.part.0
                0x00114c38      0x154 C:/devkitPro/devkitARM/bin/../lib/gcc/arm-none-eabi/14.2.0/../../../../arm-none-eabi/lib/armv6k/fpu\libg.a(libc_a-findfp.o)
 .text.__sfp    0x00114d8c      0x134 C:/devkitPro/devkitARM/bin/../lib/gcc/arm-none-eabi/14.2.0/../../../../arm-none-eabi/lib/armv6k/fpu\libg.a(libc_a-findfp.o)
                0x00114d8c                __sfp
 .text.__sinit  0x00114ec0       0x5c C:/devkitPro/devkitARM/bin/../lib/gcc/arm-none-eabi/14.2.0/../../../../arm-none-eabi/lib/armv6k/fpu\libg.a(libc_a-findfp.o)
                0x00114ec0                __sinit
 .text.__sfp_lock_acquire
                0x00114f1c        0xc C:/devkitPro/devkitARM/bin/../lib/gcc/arm-none-eabi/14.2.0/../../../../arm-none-eabi/lib/armv6k/fpu\libg.a(libc_a-findfp.o)
                0x00114f1c                __sfp_lock_acquire
 .text.__sfp_lock_release
                0x00114f28        0xc C:/devkitPro/devkitARM/bin/../lib/gcc/arm-none-eabi/14.2.0/../../../../arm-none-eabi/lib/armv6k/fpu\libg.a(libc_a-findfp.o)
                0x00114f28                __sfp_lock_release
 .text._malloc_r
                0x00114f34      0x7e8 C:/devkitPro/devkitARM/bin/../lib/gcc/arm-none-eabi/14.2.0/../../../../arm-none-eabi/lib/armv6k/fpu\libg.a(libc_a-mallocr.o)
                0x00114f34                _malloc_r
 .text._malloc_trim_r
                0x0011571c       0xf8 C:/devkitPro/devkitARM/bin/../lib/gcc/arm-none-eabi/14.2.0/../../../../arm-none-eabi/lib/armv6k/fpu\libg.a(libc_a-freer.o)
                0x0011571c                _malloc_trim_r
 .text._free_r  0x00115814      0x300 C:/devkitPro/devkitARM/bin/../lib/gcc/arm-none-eabi/14.2.0/../../../../arm-none-eabi/lib/armv6k/fpu\libg.a(libc_a-freer.o)
                0x00115814                _free_r
 .text.setvbuf  0x00115b14      0x294 C:/devkitPro/devkitARM/bin/../lib/gcc/arm-none-eabi/14.2.0/../../../../arm-none-eabi/lib/armv6k/fpu\libg.a(libc_a-setvbuf.o)
                0x00115b14                setvbuf
 .text.strnlen  0x00115da8       0x4c C:/devkitPro/devkitARM/bin/../lib/gcc/arm-none-eabi/14.2.0/../../../../arm-none-eabi/lib/armv6k/fpu\libg.a(libc_a-strnlen.o)
                0x00115da8                strnlen
 .text.__errno  0x00115df4        0xc C:/devkitPro/devkitARM/bin/../lib/gcc/arm-none-eabi/14.2.0/../../../../arm-none-eabi/lib/armv6k/fpu\libg.a(libc_a-errno.o)
                0x00115df4                __errno
 .text.malloc   0x00115e00       0x34 C:/devkitPro/devkitARM/bin/../lib/gcc/arm-none-eabi/14.2.0/../../../../arm-none-eabi/lib/armv6k/fpu\libg.a(libc_a-malloc.o)
                0x00115e00                malloc
 .text.free     0x00115e34       0x18 C:/devkitPro/devkitARM/bin/../lib/gcc/arm-none-eabi/14.2.0/../../../../arm-none-eabi/lib/armv6k/fpu\libg.a(libc_a-malloc.o)
                0x00115e34                free
 .text.memcpy   0x00115e4c      0x130 C:/devkitPro/devkitARM/bin/../lib/gcc/arm-none-eabi/14.2.0/../../../../arm-none-eabi/lib/armv6k/fpu\libg.a(libc_a-memcpy-stub.o)
                0x00115e4c                memcpy
 .text.printf   0x00115f7c       0x34 C:/devkitPro/devkitARM/bin/../lib/gcc/arm-none-eabi/14.2.0/../../../../arm-none-eabi/lib/armv6k/fpu\libg.a(libc_a-printf.o)
                0x00115f7c                printf
 .text._fopen_r
                0x00115fb0      0x134 C:/devkitPro/devkitARM/bin/../lib/gcc/arm-none-eabi/14.2.0/../../../../arm-none-eabi/lib/armv6k/fpu\libg.a(libc_a-fopen.o)
                0x00115fb0                _fopen_r
 .text.fopen    0x001160e4       0x20 C:/devkitPro/devkitARM/bin/../lib/gcc/arm-none-eabi/14.2.0/../../../../arm-none-eabi/lib/armv6k/fpu\libg.a(libc_a-fopen.o)
                0x001160e4                fopen
 .text.time     0x00116104       0x4c C:/devkitPro/devkitARM/bin/../lib/gcc/arm-none-eabi/14.2.0/../../../../arm-none-eabi/lib/armv6k/fpu\libg.a(libc_a-time.o)
                0x00116104                time
 .text.memset   0x00116150       0xe8 C:/devkitPro/devkitARM/bin/../lib/gcc/arm-none-eabi/14.2.0/../../../../arm-none-eabi/lib/armv6k/fpu\libg.a(libc_a-memset.o)
                0x00116150                memset
 .text._fwalk_sglue
                0x00116238       0x70 C:/devkitPro/devkitARM/bin/../lib/gcc/arm-none-eabi/14.2.0/../../../../arm-none-eabi/lib/armv6k/fpu\libg.a(libc_a-fwalk.o)
                0x00116238                _fwalk_sglue
 .text.__malloc_lock
                0x001162a8        0xc C:/devkitPro/devkitARM/bin/../lib/gcc/arm-none-eabi/14.2.0/../../../../arm-none-eabi/lib/armv6k/fpu\libg.a(libc_a-mlock.o)
                0x001162a8                __malloc_lock
 .text.__malloc_unlock
                0x001162b4        0xc C:/devkitPro/devkitARM/bin/../lib/gcc/arm-none-eabi/14.2.0/../../../../arm-none-eabi/lib/armv6k/fpu\libg.a(libc_a-mlock.o)
                0x001162b4                __malloc_unlock
 .text.__call_exitprocs
                0x001162c0        0x4 C:/devkitPro/devkitARM/bin/../lib/gcc/arm-none-eabi/14.2.0/../../../../arm-none-eabi/lib/armv6k/fpu\libg.a(libc_a-exit.o)
                0x001162c0                __call_exitprocs
 .text.exit     0x001162c4       0x30 C:/devkitPro/devkitARM/bin/../lib/gcc/arm-none-eabi/14.2.0/../../../../arm-none-eabi/lib/armv6k/fpu\libg.a(libc_a-exit.o)
                0x001162c4                exit
 .text._fseek_r
                0x001162f4       0x1c C:/devkitPro/devkitARM/bin/../lib/gcc/arm-none-eabi/14.2.0/../../../../arm-none-eabi/lib/armv6k/fpu\libg.a(libc_a-fseek.o)
                0x001162f4                _fseek_r
 .text.strncpy  0x00116310       0xc4 C:/devkitPro/devkitARM/bin/../lib/gcc/arm-none-eabi/14.2.0/../../../../arm-none-eabi/lib/armv6k/fpu\libg.a(libc_a-strncpy.o)
                0x00116310                strncpy
 .text.__sflags
                0x001163d4       0xb4 C:/devkitPro/devkitARM/bin/../lib/gcc/arm-none-eabi/14.2.0/../../../../arm-none-eabi/lib/armv6k/fpu\libg.a(libc_a-flags.o)
                0x001163d4                __sflags
 .text.__libc_init_array
                0x00116488       0x84 C:/devkitPro/devkitARM/bin/../lib/gcc/arm-none-eabi/14.2.0/../../../../arm-none-eabi/lib/armv6k/fpu\libg.a(libc_a-init.o)
                0x00116488                __libc_init_array
 .text.__sflush_r
                0x0011650c      0x228 C:/devkitPro/devkitARM/bin/../lib/gcc/arm-none-eabi/14.2.0/../../../../arm-none-eabi/lib/armv6k/fpu\libg.a(libc_a-fflush.o)
                0x0011650c                __sflush_r
 .text._fflush_r
                0x00116734       0x94 C:/devkitPro/devkitARM/bin/../lib/gcc/arm-none-eabi/14.2.0/../../../../arm-none-eabi/lib/armv6k/fpu\libg.a(libc_a-fflush.o)
                0x00116734                _fflush_r
 .text._memalign_r
                0x001167c8      0x150 C:/devkitPro/devkitARM/bin/../lib/gcc/arm-none-eabi/14.2.0/../../../../arm-none-eabi/lib/armv6k/fpu\libg.a(libc_a-malignr.o)
                0x001167c8                _memalign_r
 .text.__libc_fini_array
                0x00116918       0x3c C:/devkitPro/devkitARM/bin/../lib/gcc/arm-none-eabi/14.2.0/../../../../arm-none-eabi/lib/armv6k/fpu\libg.a(libc_a-fini.o)
                0x00116918                __libc_fini_array
 .text._fseeko_r
                0x00116954      0x58c C:/devkitPro/devkitARM/bin/../lib/gcc/arm-none-eabi/14.2.0/../../../../arm-none-eabi/lib/armv6k/fpu\libg.a(libc_a-fseeko.o)
                0x00116954                _fseeko_r
 .text.__sread  0x00116ee0       0x44 C:/devkitPro/devkitARM/bin/../lib/gcc/arm-none-eabi/14.2.0/../../../../arm-none-eabi/lib/armv6k/fpu\libg.a(libc_a-stdio.o)
                0x00116ee0                __sread
 .text.__swrite
                0x00116f24       0x68 C:/devkitPro/devkitARM/bin/../lib/gcc/arm-none-eabi/14.2.0/../../../../arm-none-eabi/lib/armv6k/fpu\libg.a(libc_a-stdio.o)
                0x00116f24                __swrite
 .text.__sseek  0x00116f8c       0x40 C:/devkitPro/devkitARM/bin/../lib/gcc/arm-none-eabi/14.2.0/../../../../arm-none-eabi/lib/armv6k/fpu\libg.a(libc_a-stdio.o)
                0x00116f8c                __sseek
 .text.__sclose
                0x00116fcc        0x8 C:/devkitPro/devkitARM/bin/../lib/gcc/arm-none-eabi/14.2.0/../../../../arm-none-eabi/lib/armv6k/fpu\libg.a(libc_a-stdio.o)
                0x00116fcc                __sclose
 .text.get_arg  0x00116fd4      0x5e4 C:/devkitPro/devkitARM/bin/../lib/gcc/arm-none-eabi/14.2.0/../../../../arm-none-eabi/lib/armv6k/fpu\libg.a(libc_a-vfprintf.o)
 .text._vfprintf_r
                0x001175b8     0x342c C:/devkitPro/devkitARM/bin/../lib/gcc/arm-none-eabi/14.2.0/../../../../arm-none-eabi/lib/armv6k/fpu\libg.a(libc_a-vfprintf.o)
                0x001175b8                _vfprintf_r
 .text.__sbprintf
                0x0011a9e4       0xb8 C:/devkitPro/devkitARM/bin/../lib/gcc/arm-none-eabi/14.2.0/../../../../arm-none-eabi/lib/armv6k/fpu\libg.a(libc_a-vfprintf.o)
 .text.quorem   0x0011aa9c      0x1b4 C:/devkitPro/devkitARM/bin/../lib/gcc/arm-none-eabi/14.2.0/../../../../arm-none-eabi/lib/armv6k/fpu\libg.a(libc_a-dtoa.o)
 .text._dtoa_r  0x0011ac50     0x1370 C:/devkitPro/devkitARM/bin/../lib/gcc/arm-none-eabi/14.2.0/../../../../arm-none-eabi/lib/armv6k/fpu\libg.a(libc_a-dtoa.o)
                0x0011ac50                _dtoa_r
 .text._wcrtomb_r
                0x0011bfc0       0xa0 C:/devkitPro/devkitARM/bin/../lib/gcc/arm-none-eabi/14.2.0/../../../../arm-none-eabi/lib/armv6k/fpu\libg.a(libc_a-wcrtomb.o)
                0x0011bfc0                _wcrtomb_r
 .text._wcsrtombs_r
                0x0011c060       0x28 C:/devkitPro/devkitARM/bin/../lib/gcc/arm-none-eabi/14.2.0/../../../../arm-none-eabi/lib/armv6k/fpu\libg.a(libc_a-wcsrtombs.o)
                0x0011c060                _wcsrtombs_r
 .text.__swsetup_r
                0x0011c088      0x194 C:/devkitPro/devkitARM/bin/../lib/gcc/arm-none-eabi/14.2.0/../../../../arm-none-eabi/lib/armv6k/fpu\libg.a(libc_a-wsetup.o)
                0x0011c088                __swsetup_r
 *fill*         0x0011c21c        0x4 
 .text.frexp    0x0011c220       0x88 C:/devkitPro/devkitARM/bin/../lib/gcc/arm-none-eabi/14.2.0/../../../../arm-none-eabi/lib/armv6k/fpu\libg.a(libm_a-s_frexp.o)
                0x0011c220                frexp
 .text.__assert_func
                0x0011c2a8       0x5c C:/devkitPro/devkitARM/bin/../lib/gcc/arm-none-eabi/14.2.0/../../../../arm-none-eabi/lib/armv6k/fpu\libg.a(libc_a-assert.o)
                0x0011c2a8                __assert_func
 .text._Balloc  0x0011c304       0x88 C:/devkitPro/devkitARM/bin/../lib/gcc/arm-none-eabi/14.2.0/../../../../arm-none-eabi/lib/armv6k/fpu\libg.a(libc_a-mprec.o)
                0x0011c304                _Balloc
 .text._Bfree   0x0011c38c       0x1c C:/devkitPro/devkitARM/bin/../lib/gcc/arm-none-eabi/14.2.0/../../../../arm-none-eabi/lib/armv6k/fpu\libg.a(libc_a-mprec.o)
                0x0011c38c                _Bfree
 .text.__multadd
                0x0011c3a8       0xf4 C:/devkitPro/devkitARM/bin/../lib/gcc/arm-none-eabi/14.2.0/../../../../arm-none-eabi/lib/armv6k/fpu\libg.a(libc_a-mprec.o)
                0x0011c3a8                __multadd
 .text.__hi0bits
                0x0011c49c       0x80 C:/devkitPro/devkitARM/bin/../lib/gcc/arm-none-eabi/14.2.0/../../../../arm-none-eabi/lib/armv6k/fpu\libg.a(libc_a-mprec.o)
                0x0011c49c                __hi0bits
 .text.__lo0bits
                0x0011c51c       0xf4 C:/devkitPro/devkitARM/bin/../lib/gcc/arm-none-eabi/14.2.0/../../../../arm-none-eabi/lib/armv6k/fpu\libg.a(libc_a-mprec.o)
                0x0011c51c                __lo0bits
 .text.__i2b    0x0011c610       0xa4 C:/devkitPro/devkitARM/bin/../lib/gcc/arm-none-eabi/14.2.0/../../../../arm-none-eabi/lib/armv6k/fpu\libg.a(libc_a-mprec.o)
                0x0011c610                __i2b
 .text.__multiply
                0x0011c6b4      0x208 C:/devkitPro/devkitARM/bin/../lib/gcc/arm-none-eabi/14.2.0/../../../../arm-none-eabi/lib/armv6k/fpu\libg.a(libc_a-mprec.o)
                0x0011c6b4                __multiply
 .text.__pow5mult
                0x0011c8bc      0x130 C:/devkitPro/devkitARM/bin/../lib/gcc/arm-none-eabi/14.2.0/../../../../arm-none-eabi/lib/armv6k/fpu\libg.a(libc_a-mprec.o)
                0x0011c8bc                __pow5mult
 .text.__lshift
                0x0011c9ec      0x138 C:/devkitPro/devkitARM/bin/../lib/gcc/arm-none-eabi/14.2.0/../../../../arm-none-eabi/lib/armv6k/fpu\libg.a(libc_a-mprec.o)
                0x0011c9ec                __lshift
 .text.__mcmp   0x0011cb24       0x58 C:/devkitPro/devkitARM/bin/../lib/gcc/arm-none-eabi/14.2.0/../../../../arm-none-eabi/lib/armv6k/fpu\libg.a(libc_a-mprec.o)
                0x0011cb24                __mcmp
 .text.__mdiff  0x0011cb7c      0x1f0 C:/devkitPro/devkitARM/bin/../lib/gcc/arm-none-eabi/14.2.0/../../../../arm-none-eabi/lib/armv6k/fpu\libg.a(libc_a-mprec.o)
                0x0011cb7c                __mdiff
 .text.__d2b    0x0011cd6c      0x120 C:/devkitPro/devkitARM/bin/../lib/gcc/arm-none-eabi/14.2.0/../../../../arm-none-eabi/lib/armv6k/fpu\libg.a(libc_a-mprec.o)
                0x0011cd6c                __d2b
 .text.__locale_mb_cur_max
                0x0011ce8c       0x24 C:/devkitPro/devkitARM/bin/../lib/gcc/arm-none-eabi/14.2.0/../../../../arm-none-eabi/lib/armv6k/fpu\libg.a(libc_a-locale.o)
                0x0011ce8c                __locale_mb_cur_max
 .text.fiprintf
                0x0011ceb0       0x3c C:/devkitPro/devkitARM/bin/../lib/gcc/arm-none-eabi/14.2.0/../../../../arm-none-eabi/lib/armv6k/fpu\libg.a(libc_a-fiprintf.o)
                0x0011ceb0                fiprintf
 .text.memchr   0x0011ceec       0xe0 C:/devkitPro/devkitARM/bin/../lib/gcc/arm-none-eabi/14.2.0/../../../../arm-none-eabi/lib/armv6k/fpu\libg.a(libc_a-memchr-stub.o)
                0x0011ceec                memchr
 .text._wcsnrtombs_l
                0x0011cfcc      0x160 C:/devkitPro/devkitARM/bin/../lib/gcc/arm-none-eabi/14.2.0/../../../../arm-none-eabi/lib/armv6k/fpu\libg.a(libc_a-wcsnrtombs.o)
                0x0011cfcc                _wcsnrtombs_l
 .text._wcsnrtombs_r
                0x0011d12c       0x64 C:/devkitPro/devkitARM/bin/../lib/gcc/arm-none-eabi/14.2.0/../../../../arm-none-eabi/lib/armv6k/fpu\libg.a(libc_a-wcsnrtombs.o)
                0x0011d12c                _wcsnrtombs_r
 .text.__utf8_mbtowc
                0x0011d190      0x324 C:/devkitPro/devkitARM/bin/../lib/gcc/arm-none-eabi/14.2.0/../../../../arm-none-eabi/lib/armv6k/fpu\libg.a(libc_a-mbtowc_r.o)
                0x0011d190                __utf8_mbtowc
 .text.__sprint_r
                0x0011d4b4       0x30 C:/devkitPro/devkitARM/bin/../lib/gcc/arm-none-eabi/14.2.0/../../../../arm-none-eabi/lib/armv6k/fpu\libg.a(libc_a-sprint_r.o)
                0x0011d4b4                __sprint_r
 .text.abort    0x0011d4e4       0x14 C:/devkitPro/devkitARM/bin/../lib/gcc/arm-none-eabi/14.2.0/../../../../arm-none-eabi/lib/armv6k/fpu\libg.a(libc_a-abort.o)
                0x0011d4e4                abort
 .text._localeconv_r
                0x0011d4f8       0x24 C:/devkitPro/devkitARM/bin/../lib/gcc/arm-none-eabi/14.2.0/../../../../arm-none-eabi/lib/armv6k/fpu\libg.a(libc_a-localeconv.o)
                0x0011d4f8                _localeconv_r
 .text.__utf8_wctomb
                0x0011d51c       0xf0 C:/devkitPro/devkitARM/bin/../lib/gcc/arm-none-eabi/14.2.0/../../../../arm-none-eabi/lib/armv6k/fpu\libg.a(libc_a-wctomb_r.o)
                0x0011d51c                __utf8_wctomb
 .text._raise_r
                0x0011d60c       0x90 C:/devkitPro/devkitARM/bin/../lib/gcc/arm-none-eabi/14.2.0/../../../../arm-none-eabi/lib/armv6k/fpu\libg.a(libc_a-signal.o)
                0x0011d60c                _raise_r
 .text.raise    0x0011d69c       0x18 C:/devkitPro/devkitARM/bin/../lib/gcc/arm-none-eabi/14.2.0/../../../../arm-none-eabi/lib/armv6k/fpu\libg.a(libc_a-signal.o)
                0x0011d69c                raise
 .text.__sfvwrite_r
                0x0011d6b4      0x480 C:/devkitPro/devkitARM/bin/../lib/gcc/arm-none-eabi/14.2.0/../../../../arm-none-eabi/lib/armv6k/fpu\libg.a(libc_a-fvwrite.o)
                0x0011d6b4                __sfvwrite_r
 .text.get_arg  0x0011db34      0x5e4 C:/devkitPro/devkitARM/bin/../lib/gcc/arm-none-eabi/14.2.0/../../../../arm-none-eabi/lib/armv6k/fpu\libg.a(libc_a-vfiprintf.o)
 .text._vfiprintf_r
                0x0011e118     0x2264 C:/devkitPro/devkitARM/bin/../lib/gcc/arm-none-eabi/14.2.0/../../../../arm-none-eabi/lib/armv6k/fpu\libg.a(libc_a-vfiprintf.o)
                0x0011e118                _vfiprintf_r
 .text.__sbprintf
                0x0012037c       0xb8 C:/devkitPro/devkitARM/bin/../lib/gcc/arm-none-eabi/14.2.0/../../../../arm-none-eabi/lib/armv6k/fpu\libg.a(libc_a-vfiprintf.o)
 .text._realloc_r
                0x00120434      0x4a4 C:/devkitPro/devkitARM/bin/../lib/gcc/arm-none-eabi/14.2.0/../../../../arm-none-eabi/lib/armv6k/fpu\libg.a(libc_a-reallocr.o)
                0x00120434                _realloc_r
 .text._exit    0x001208d8       0x20 C:/devkitPro/devkitARM/bin/../lib/gcc/arm-none-eabi/14.2.0/../../../../arm-none-eabi/lib/armv6k/fpu\libsysbase.a(libsysbase_libsysbase_a-_exit.o)
                0x001208d8                _exit
 .text.chdir    0x001208f8      0x13c C:/devkitPro/devkitARM/bin/../lib/gcc/arm-none-eabi/14.2.0/../../../../arm-none-eabi/lib/armv6k/fpu\libsysbase.a(libsysbase_libsysbase_a-chdir.o)
                0x001208f8                chdir
 .text._concatenate_path
                0x00120a34      0x1cc C:/devkitPro/devkitARM/bin/../lib/gcc/arm-none-eabi/14.2.0/../../../../arm-none-eabi/lib/armv6k/fpu\libsysbase.a(libsysbase_libsysbase_a-concatenate.o)
                0x00120a34                _concatenate_path
 .text._fstat_r
                0x00120c00       0x88 C:/devkitPro/devkitARM/bin/../lib/gcc/arm-none-eabi/14.2.0/../../../../arm-none-eabi/lib/armv6k/fpu\libsysbase.a(libsysbase_libsysbase_a-fstat.o)
                0x00120c00                _fstat_r
 .text._getpid_r
                0x00120c88       0x14 C:/devkitPro/devkitARM/bin/../lib/gcc/arm-none-eabi/14.2.0/../../../../arm-none-eabi/lib/armv6k/fpu\libsysbase.a(libsysbase_libsysbase_a-getpid.o)
                0x00120c88                _getpid_r
 .text.__getreent
                0x00120c9c       0x2c C:/devkitPro/devkitARM/bin/../lib/gcc/arm-none-eabi/14.2.0/../../../../arm-none-eabi/lib/armv6k/fpu\libsysbase.a(libsysbase_libsysbase_a-getreent.o)
                0x00120c9c                __getreent
 .text._gettimeofday_r
                0x00120cc8       0x30 C:/devkitPro/devkitARM/bin/../lib/gcc/arm-none-eabi/14.2.0/../../../../arm-none-eabi/lib/armv6k/fpu\libsysbase.a(libsysbase_libsysbase_a-gettod.o)
                0x00120cc8                _gettimeofday_r
 .text.__release_handle
                0x00120cf8       0x8c C:/devkitPro/devkitARM/bin/../lib/gcc/arm-none-eabi/14.2.0/../../../../arm-none-eabi/lib/armv6k/fpu\libsysbase.a(libsysbase_libsysbase_a-handle_manager.o)
                0x00120cf8                __release_handle
 .text.__alloc_handle
                0x00120d84       0xb0 C:/devkitPro/devkitARM/bin/../lib/gcc/arm-none-eabi/14.2.0/../../../../arm-none-eabi/lib/armv6k/fpu\libsysbase.a(libsysbase_libsysbase_a-handle_manager.o)
                0x00120d84                __alloc_handle
 .text.__get_handle
                0x00120e34       0x3c C:/devkitPro/devkitARM/bin/../lib/gcc/arm-none-eabi/14.2.0/../../../../arm-none-eabi/lib/armv6k/fpu\libsysbase.a(libsysbase_libsysbase_a-handle_manager.o)
                0x00120e34                __get_handle
 .text._close_r
                0x00120e70       0xf4 C:/devkitPro/devkitARM/bin/../lib/gcc/arm-none-eabi/14.2.0/../../../../arm-none-eabi/lib/armv6k/fpu\libsysbase.a(libsysbase_libsysbase_a-handle_manager.o)
                0x00120e70                _close_r
 .text.null_write
                0x00120f64        0x8 C:/devkitPro/devkitARM/bin/../lib/gcc/arm-none-eabi/14.2.0/../../../../arm-none-eabi/lib/armv6k/fpu\libsysbase.a(libsysbase_libsysbase_a-iosupport.o)
 .text.setDefaultDevice
                0x00120f6c       0x18 C:/devkitPro/devkitARM/bin/../lib/gcc/arm-none-eabi/14.2.0/../../../../arm-none-eabi/lib/armv6k/fpu\libsysbase.a(libsysbase_libsysbase_a-iosupport.o)
                0x00120f6c                setDefaultDevice
 .text.FindDevice
                0x00120f84       0xc8 C:/devkitPro/devkitARM/bin/../lib/gcc/arm-none-eabi/14.2.0/../../../../arm-none-eabi/lib/armv6k/fpu\libsysbase.a(libsysbase_libsysbase_a-iosupport.o)
                0x00120f84                FindDevice
 .text.RemoveDevice
                0x0012104c       0x28 C:/devkitPro/devkitARM/bin/../lib/gcc/arm-none-eabi/14.2.0/../../../../arm-none-eabi/lib/armv6k/fpu\libsysbase.a(libsysbase_libsysbase_a-iosupport.o)
                0x0012104c                RemoveDevice
 .text.AddDevice
                0x00121074       0x98 C:/devkitPro/devkitARM/bin/../lib/gcc/arm-none-eabi/14.2.0/../../../../arm-none-eabi/lib/armv6k/fpu\libsysbase.a(libsysbase_libsysbase_a-iosupport.o)
                0x00121074                AddDevice
 .text.GetDeviceOpTab
                0x0012110c       0x20 C:/devkitPro/devkitARM/bin/../lib/gcc/arm-none-eabi/14.2.0/../../../../arm-none-eabi/lib/armv6k/fpu\libsysbase.a(libsysbase_libsysbase_a-iosupport.o)
                0x0012110c                GetDeviceOpTab
 .text._isatty_r
                0x0012112c        0x8 C:/devkitPro/devkitARM/bin/../lib/gcc/arm-none-eabi/14.2.0/../../../../arm-none-eabi/lib/armv6k/fpu\libsysbase.a(libsysbase_libsysbase_a-isatty.o)
                0x0012112c                _isatty_r
 .text._kill_r  0x00121134       0x14 C:/devkitPro/devkitARM/bin/../lib/gcc/arm-none-eabi/14.2.0/../../../../arm-none-eabi/lib/armv6k/fpu\libsysbase.a(libsysbase_libsysbase_a-kill.o)
                0x00121134                _kill_r
 .text._lseek_r
                0x00121148       0x8c C:/devkitPro/devkitARM/bin/../lib/gcc/arm-none-eabi/14.2.0/../../../../arm-none-eabi/lib/armv6k/fpu\libsysbase.a(libsysbase_libsysbase_a-lseek.o)
                0x00121148                _lseek_r
 .text._open_r  0x001211d4       0xbc C:/devkitPro/devkitARM/bin/../lib/gcc/arm-none-eabi/14.2.0/../../../../arm-none-eabi/lib/armv6k/fpu\libsysbase.a(libsysbase_libsysbase_a-open.o)
                0x001211d4                _open_r
 .text._read_r  0x00121290       0x88 C:/devkitPro/devkitARM/bin/../lib/gcc/arm-none-eabi/14.2.0/../../../../arm-none-eabi/lib/armv6k/fpu\libsysbase.a(libsysbase_libsysbase_a-read.o)
                0x00121290                _read_r
 .text._sbrk_r  0x00121318       0x78 C:/devkitPro/devkitARM/bin/../lib/gcc/arm-none-eabi/14.2.0/../../../../arm-none-eabi/lib/armv6k/fpu\libsysbase.a(libsysbase_libsysbase_a-sbrk.o)
                0x00121318                _sbrk_r
 .text.__libc_lock_acquire